
 Start         Length     Name                   Class
 0001:00401000 0000B23F0H _TEXT                  CODE
 0002:004B4000 00000CE4CH _DATA                  DATA
 0003:004C0E4C 000027A3CH _BSS                   BSS
 0004:00000000 0000000B4H _TLS                   TLS


Detailed map of segments
 0001:00000000 0000014F C=CODE    S=_TEXT    G=(none)   M=C:\PROGRAM FILES\BORLAND\CBUILDER5\LIB\C0W32.OBJ ACBP=A9
 0001:0000014F 00000171 C=CODE    S=_TEXT    G=(none)   M=C:\PROGRAM FILES\BORLAND\CBUILDER5\LIB\OBJ\SYSINIT.OBJ ACBP=A9
 0001:000002C0 00000534 C=CODE    S=_TEXT    G=(none)   M=D:\STASIEK\MY PROJECTS\OBSOLETE\PROGS\SNAKE.VCL\WAZ.OBJ ACBP=A9
 0001:000007F4 00005AD5 C=CODE    S=_TEXT    G=(none)   M=D:\STASIEK\MY PROJECTS\OBSOLETE\PROGS\SNAKE.VCL\WAZ_FORM.OBJ ACBP=A9
 0001:000062C9 00000CE3 C=CODE    S=_TEXT    G=(none)   M=D:\STASIEK\MY PROJECTS\OBSOLETE\PROGS\SNAKE.VCL\OPC.OBJ ACBP=A9
 0001:00006FAC 0000073C C=CODE    S=_TEXT    G=(none)   M=D:\STASIEK\MY PROJECTS\OBSOLETE\FORM_TEMPLATES\ABOUT_FRM.OBJ ACBP=A9
 0001:0000769C 000049E8 C=CODE    S=_TEXT    G=(none)   M=C:\PROGRAM FILES\BORLAND\CBUILDER5\LIB\DEBUG\VCLX50.LIB|Outline ACBP=A9
 0001:0000C084 00001568 C=CODE    S=_TEXT    G=(none)   M=C:\PROGRAM FILES\BORLAND\CBUILDER5\LIB\BCBSMP50.LIB|.\CCALENDR.CPP ACBP=A9
 0001:0000D5EC 00001E84 C=CODE    S=_TEXT    G=(none)   M=C:\PROGRAM FILES\BORLAND\CBUILDER5\LIB\BCBSMP50.LIB|.\cdiroutl.cpp ACBP=A9
 0001:0000F470 00001A20 C=CODE    S=_TEXT    G=(none)   M=C:\PROGRAM FILES\BORLAND\CBUILDER5\LIB\BCBSMP50.LIB|.\CGAUGES.CPP ACBP=A9
 0001:00010E90 00001C54 C=CODE    S=_TEXT    G=(none)   M=C:\PROGRAM FILES\BORLAND\CBUILDER5\LIB\BCBSMP50.LIB|.\CGRID.CPP ACBP=A9
 0001:00012AE4 00002334 C=CODE    S=_TEXT    G=(none)   M=C:\PROGRAM FILES\BORLAND\CBUILDER5\LIB\BCBSMP50.LIB|.\CSPIN.CPP ACBP=A9
 0001:00014E18 00001C18 C=CODE    S=_TEXT    G=(none)   M=C:\PROGRAM FILES\BORLAND\CBUILDER5\LIB\BCBSMP50.LIB|.\PERFGRAP.CPP ACBP=A9
 0001:00016A30 00001B60 C=CODE    S=_TEXT    G=(none)   M=C:\PROGRAM FILES\BORLAND\CBUILDER5\LIB\BCBSMP50.LIB|.\Trayicon.cpp ACBP=A9
 0001:00018590 00000240 C=CODE    S=_TEXT    G=(none)   M=C:\PROGRAM FILES\BORLAND\CBUILDER5\LIB\DEBUG\VCL50.LIB|Contnrs ACBP=A9
 0001:000187D0 00000038 C=CODE    S=_TEXT    G=(none)   M=C:\PROGRAM FILES\BORLAND\CBUILDER5\LIB\DEBUG\VCL50.LIB|UrlMon ACBP=A9
 0001:00018808 00000170 C=CODE    S=_TEXT    G=(none)   M=C:\PROGRAM FILES\BORLAND\CBUILDER5\LIB\DEBUG\VCL50.LIB|StdActns ACBP=A9
 0001:00018978 00001E08 C=CODE    S=_TEXT    G=(none)   M=C:\PROGRAM FILES\BORLAND\CBUILDER5\LIB\DEBUG\VCL50.LIB|ImgList ACBP=A9
 0001:0001A780 0000137C C=CODE    S=_TEXT    G=(none)   M=C:\PROGRAM FILES\BORLAND\CBUILDER5\LIB\DEBUG\VCL50.LIB|ActnList ACBP=A9
 0001:0001BAFC 00000C64 C=CODE    S=_TEXT    G=(none)   M=C:\PROGRAM FILES\BORLAND\CBUILDER5\LIB\DEBUG\VCL50.LIB|ToolWin ACBP=A9
 0001:0001C760 00000A34 C=CODE    S=_TEXT    G=(none)   M=C:\PROGRAM FILES\BORLAND\CBUILDER5\LIB\DEBUG\VCL50.LIB|TypInfo ACBP=A9
 0001:0001D194 00004934 C=CODE    S=_TEXT    G=(none)   M=C:\PROGRAM FILES\BORLAND\CBUILDER5\LIB\DEBUG\VCL50.LIB|StdCtrls ACBP=A9
 0001:00021AC8 00000044 C=CODE    S=_TEXT    G=(none)   M=C:\PROGRAM FILES\BORLAND\CBUILDER5\LIB\DEBUG\VCL50.LIB|Printers ACBP=A9
 0001:00021B0C 000074F3 C=CODE    S=_TEXT    G=(none)   M=C:\PROGRAM FILES\BORLAND\CBUILDER5\LIB\DEBUG\VCL50.LIB|Menus ACBP=A9
 0001:00028FFF 00003149 C=CODE    S=_TEXT    G=(none)   M=C:\PROGRAM FILES\BORLAND\CBUILDER5\LIB\DEBUG\VCL50.LIB|Mask ACBP=A9
 0001:0002C148 00007D84 C=CODE    S=_TEXT    G=(none)   M=C:\PROGRAM FILES\BORLAND\CBUILDER5\LIB\DEBUG\VCL50.LIB|Grids ACBP=A9
 0001:00033ECC 0000ACCF C=CODE    S=_TEXT    G=(none)   M=C:\PROGRAM FILES\BORLAND\CBUILDER5\LIB\DEBUG\VCL50.LIB|Graphics ACBP=A9
 0001:0003EB9C 0000F30F C=CODE    S=_TEXT    G=(none)   M=C:\PROGRAM FILES\BORLAND\CBUILDER5\LIB\DEBUG\VCL50.LIB|Forms ACBP=A9
 0001:0004DEAC 00001148 C=CODE    S=_TEXT    G=(none)   M=C:\PROGRAM FILES\BORLAND\CBUILDER5\LIB\DEBUG\VCL50.LIB|ExtCtrls ACBP=A9
 0001:0004EFF4 00000C35 C=CODE    S=_TEXT    G=(none)   M=C:\PROGRAM FILES\BORLAND\CBUILDER5\LIB\DEBUG\VCL50.LIB|Dialogs ACBP=A9
 0001:0004FC2C 00013350 C=CODE    S=_TEXT    G=(none)   M=C:\PROGRAM FILES\BORLAND\CBUILDER5\LIB\DEBUG\VCL50.LIB|Controls ACBP=A9
 0001:00062F7C 00000458 C=CODE    S=_TEXT    G=(none)   M=C:\PROGRAM FILES\BORLAND\CBUILDER5\LIB\DEBUG\VCL50.LIB|Consts ACBP=A9
 0001:000633D4 00000058 C=CODE    S=_TEXT    G=(none)   M=C:\PROGRAM FILES\BORLAND\CBUILDER5\LIB\DEBUG\VCL50.LIB|ComStrs ACBP=A9
 0001:0006342C 000174FC C=CODE    S=_TEXT    G=(none)   M=C:\PROGRAM FILES\BORLAND\CBUILDER5\LIB\DEBUG\VCL50.LIB|ComCtrls ACBP=A9
 0001:0007A928 000006AC C=CODE    S=_TEXT    G=(none)   M=C:\PROGRAM FILES\BORLAND\CBUILDER5\LIB\DEBUG\VCL50.LIB|ClipBrd ACBP=A9
 0001:0007AFD4 0000B8EF C=CODE    S=_TEXT    G=(none)   M=C:\PROGRAM FILES\BORLAND\CBUILDER5\LIB\DEBUG\VCL50.LIB|Classes ACBP=A9
 0001:000868C3 000039DE C=CODE    S=_TEXT    G=(none)   M=C:\PROGRAM FILES\BORLAND\CBUILDER5\LIB\DEBUG\VCL50.LIB|Buttons ACBP=A9
 0001:0008A2A1 0000088E C=CODE    S=_TEXT    G=(none)   M=C:\PROGRAM FILES\BORLAND\CBUILDER5\LIB\DEBUG\VCL50.LIB|MultiMon ACBP=A9
 0001:0008AB2F 0000036C C=CODE    S=_TEXT    G=(none)   M=C:\PROGRAM FILES\BORLAND\CBUILDER5\LIB\DEBUG\VCL50.LIB|FlatSB ACBP=A9
 0001:0008AE9B 00000039 C=CODE    S=_TEXT    G=(none)   M=C:\PROGRAM FILES\BORLAND\CBUILDER5\LIB\DEBUG\VCL50.LIB|Winspool ACBP=A9
 0001:0008AED4 00000038 C=CODE    S=_TEXT    G=(none)   M=C:\PROGRAM FILES\BORLAND\CBUILDER5\LIB\DEBUG\VCL50.LIB|Wininet ACBP=A9
 0001:0008AF0C 000002E4 C=CODE    S=_TEXT    G=(none)   M=C:\PROGRAM FILES\BORLAND\CBUILDER5\LIB\DEBUG\VCL50.LIB|Windows ACBP=A9
 0001:0008B1F0 00000038 C=CODE    S=_TEXT    G=(none)   M=C:\PROGRAM FILES\BORLAND\CBUILDER5\LIB\DEBUG\VCL50.LIB|ShlObj ACBP=A9
 0001:0008B228 00000038 C=CODE    S=_TEXT    G=(none)   M=C:\PROGRAM FILES\BORLAND\CBUILDER5\LIB\DEBUG\VCL50.LIB|ShellApi ACBP=A9
 0001:0008B260 00000038 C=CODE    S=_TEXT    G=(none)   M=C:\PROGRAM FILES\BORLAND\CBUILDER5\LIB\DEBUG\VCL50.LIB|RichEdit ACBP=A9
 0001:0008B298 00000038 C=CODE    S=_TEXT    G=(none)   M=C:\PROGRAM FILES\BORLAND\CBUILDER5\LIB\DEBUG\VCL50.LIB|RegStr ACBP=A9
 0001:0008B2D0 00000038 C=CODE    S=_TEXT    G=(none)   M=C:\PROGRAM FILES\BORLAND\CBUILDER5\LIB\DEBUG\VCL50.LIB|ActiveX ACBP=A9
 0001:0008B308 00000038 C=CODE    S=_TEXT    G=(none)   M=C:\PROGRAM FILES\BORLAND\CBUILDER5\LIB\DEBUG\VCL50.LIB|Messages ACBP=A9
 0001:0008B340 00000038 C=CODE    S=_TEXT    G=(none)   M=C:\PROGRAM FILES\BORLAND\CBUILDER5\LIB\DEBUG\VCL50.LIB|Imm ACBP=A9
 0001:0008B378 00000038 C=CODE    S=_TEXT    G=(none)   M=C:\PROGRAM FILES\BORLAND\CBUILDER5\LIB\DEBUG\VCL50.LIB|Dlgs ACBP=A9
 0001:0008B3B0 00000038 C=CODE    S=_TEXT    G=(none)   M=C:\PROGRAM FILES\BORLAND\CBUILDER5\LIB\DEBUG\VCL50.LIB|CommDlg ACBP=A9
 0001:0008B3E8 00000D94 C=CODE    S=_TEXT    G=(none)   M=C:\PROGRAM FILES\BORLAND\CBUILDER5\LIB\DEBUG\VCL50.LIB|CommCtrl ACBP=A9
 0001:0008C17C 00000090 C=CODE    S=_TEXT    G=(none)   M=C:\PROGRAM FILES\BORLAND\CBUILDER5\LIB\DEBUG\VCL50.LIB|Math ACBP=A9
 0001:0008C20C 000002D0 C=CODE    S=_TEXT    G=(none)   M=C:\PROGRAM FILES\BORLAND\CBUILDER5\LIB\DEBUG\VCL50.LIB|SysConst ACBP=A9
 0001:0008C4DC 000054AC C=CODE    S=_TEXT    G=(none)   M=C:\PROGRAM FILES\BORLAND\CBUILDER5\LIB\DEBUG\VCL50.LIB|SysUtils ACBP=A9
 0001:00091988 00006560 C=CODE    S=_TEXT    G=(none)   M=C:\PROGRAM FILES\BORLAND\CBUILDER5\LIB\DEBUG\VCL50.LIB|System ACBP=A9
 0001:00097EE8 00000F3C C=CODE    S=_TEXT    G=(none)   M=C:\PROGRAM FILES\BORLAND\CBUILDER5\LIB\DCLUSR50.LIB|C:\Program Files\Borland\CBuilder5\Projects\OBSOLETE\PACKAGES\EXEDLG.CPP ACBP=A9
 0001:00098E24 00001630 C=CODE    S=_TEXT    G=(none)   M=C:\PROGRAM FILES\BORLAND\CBUILDER5\LIB\DCLUSR50.LIB|C:\Program Files\Borland\CBuilder5\Projects\OBSOLETE\PACKAGES\EXEINFO.CPP ACBP=A9
 0001:0009A454 00000888 C=CODE    S=_TEXT    G=(none)   M=C:\PROGRAM FILES\BORLAND\CBUILDER5\LIB\DCLUSR50.LIB|C:\Program Files\Borland\CBuilder5\Projects\OBSOLETE\PACKAGES\EXERES.CPP ACBP=A9
 0001:0009ACDC 00000022 C=CODE    S=_TEXT    G=(none)   M=C:\PROGRAM FILES\BORLAND\CBUILDER5\LIB\DEBUG\VCLE.LIB|_t_Contr ACBP=A9
 0001:0009ACF9 00000015 C=CODE    S=_TEXT    G=(none)   M=C:\PROGRAM FILES\BORLAND\CBUILDER5\LIB\DEBUG\VCLE.LIB|_t_Forms ACBP=A9
 0001:0009AD09 00000025 C=CODE    S=_TEXT    G=(none)   M=C:\PROGRAM FILES\BORLAND\CBUILDER5\LIB\DEBUG\VCLE.LIB|_t_Graph ACBP=A9
 0001:0009AD29 000007A7 C=CODE    S=_TEXT    G=(none)   M=C:\PROGRAM FILES\BORLAND\CBUILDER5\LIB\DEBUG\VCLE.LIB|dstring ACBP=A9
 0001:0009B484 000000E0 C=CODE    S=_TEXT    G=(none)   M=C:\PROGRAM FILES\BORLAND\CBUILDER5\LIB\DEBUG\VCLE.LIB|syssupp ACBP=A9
 0001:0009B514 00000156 C=CODE    S=_TEXT    G=(none)   M=C:\PROGRAM FILES\BORLAND\CBUILDER5\LIB\DEBUG\VCLE.LIB|vclinit ACBP=A9
 0001:0009B61C 00000031 C=CODE    S=_TEXT    G=(none)   M=C:\PROGRAM FILES\BORLAND\CBUILDER5\LIB\DEBUG\VCLE.LIB|classcre ACBP=A9
 0001:0009B650 00000007 C=CODE    S=_TEXT    G=(none)   M=C:\PROGRAM FILES\BORLAND\CBUILDER5\LIB\VCL.LIB|vclstd ACBP=A9
 0001:0009B658 0000002B C=CODE    S=_TEXT    G=(none)   M=C:\PROGRAM FILES\BORLAND\CBUILDER5\LIB\CP32MT.LIB|calloc ACBP=A9
 0001:0009B684 0000000F C=CODE    S=_TEXT    G=(none)   M=C:\PROGRAM FILES\BORLAND\CBUILDER5\LIB\CP32MT.LIB|del ACBP=A9
 0001:0009B694 0000000F C=CODE    S=_TEXT    G=(none)   M=C:\PROGRAM FILES\BORLAND\CBUILDER5\LIB\CP32MT.LIB|delarray ACBP=A9
 0001:0009B6A4 000001B6 C=CODE    S=_TEXT    G=(none)   M=C:\PROGRAM FILES\BORLAND\CBUILDER5\LIB\CP32MT.LIB|new ACBP=A9
 0001:0009B85C 0000000F C=CODE    S=_TEXT    G=(none)   M=C:\PROGRAM FILES\BORLAND\CBUILDER5\LIB\CP32MT.LIB|newarray ACBP=A9
 0001:0009B86C 000000DB C=CODE    S=_TEXT    G=(none)   M=C:\PROGRAM FILES\BORLAND\CBUILDER5\LIB\CP32MT.LIB|setnew ACBP=A9
 0001:0009B940 0000015F C=CODE    S=_TEXT    G=(none)   M=C:\PROGRAM FILES\BORLAND\CBUILDER5\LIB\CP32MT.LIB|vdelldtc ACBP=A9
 0001:0009BAA0 000001BB C=CODE    S=_TEXT    G=(none)   M=C:\PROGRAM FILES\BORLAND\CBUILDER5\LIB\CP32MT.LIB|vnewldtc ACBP=A9
 0001:0009BC5C 000001CD C=CODE    S=_TEXT    G=(none)   M=C:\PROGRAM FILES\BORLAND\CBUILDER5\LIB\CP32MT.LIB|hrdir_b ACBP=A9
 0001:0009BE2C 0000006F C=CODE    S=_TEXT    G=(none)   M=C:\PROGRAM FILES\BORLAND\CBUILDER5\LIB\CP32MT.LIB|hrdir_bh ACBP=A9
 0001:0009BE9C 00000020 C=CODE    S=_TEXT    G=(none)   M=C:\PROGRAM FILES\BORLAND\CBUILDER5\LIB\CP32MT.LIB|hrdir_mf ACBP=A9
 0001:0009BEBC 00000016 C=CODE    S=_TEXT    G=(none)   M=C:\PROGRAM FILES\BORLAND\CBUILDER5\LIB\CP32MT.LIB|hrdir_r ACBP=A9
 0001:0009BED4 000000B8 C=CODE    S=_TEXT    G=(none)   M=C:\PROGRAM FILES\BORLAND\CBUILDER5\LIB\CP32MT.LIB|hrdir_s ACBP=A9
 0001:0009BF8C 00000001 C=CODE    S=_TEXT    G=(none)   M=C:\PROGRAM FILES\BORLAND\CBUILDER5\LIB\CP32MT.LIB|hrdir_us ACBP=A9
 0001:0009BF90 00000095 C=CODE    S=_TEXT    G=(none)   M=C:\PROGRAM FILES\BORLAND\CBUILDER5\LIB\CP32MT.LIB|pheap ACBP=A9
 0001:0009C025 00000042 C=CODE    S=_TEXT    G=(none)   M=C:\PROGRAM FILES\BORLAND\CBUILDER5\LIB\CP32MT.LIB|crtlvcl ACBP=A9
 0001:0009C066 0000002F C=CODE    S=_TEXT    G=(none)   M=C:\PROGRAM FILES\BORLAND\CBUILDER5\LIB\CP32MT.LIB|syshook ACBP=A9
 0001:0009C098 00000114 C=CODE    S=_TEXT    G=(none)   M=C:\PROGRAM FILES\BORLAND\CBUILDER5\LIB\CP32MT.LIB|predecl ACBP=A9
 0001:0009C180 00005978 C=CODE    S=_TEXT    G=(none)   M=C:\PROGRAM FILES\BORLAND\CBUILDER5\LIB\CP32MT.LIB|allstl ACBP=A9
 0001:000A1AD0 00000518 C=CODE    S=_TEXT    G=(none)   M=C:\PROGRAM FILES\BORLAND\CBUILDER5\LIB\CP32MT.LIB|ios ACBP=A9
 0001:000A1F8C 00000639 C=CODE    S=_TEXT    G=(none)   M=C:\PROGRAM FILES\BORLAND\CBUILDER5\LIB\CP32MT.LIB|char ACBP=A9
 0001:000A259C 00000416 C=CODE    S=_TEXT    G=(none)   M=C:\PROGRAM FILES\BORLAND\CBUILDER5\LIB\CP32MT.LIB|charby ACBP=A9
 0001:000A2970 0000160A C=CODE    S=_TEXT    G=(none)   M=C:\PROGRAM FILES\BORLAND\CBUILDER5\LIB\CP32MT.LIB|rwlocale ACBP=A9
 0001:000A3F37 00000163 C=CODE    S=_TEXT    G=(none)   M=C:\PROGRAM FILES\BORLAND\CBUILDER5\LIB\CP32MT.LIB|vendor ACBP=A9
 0001:000A4080 00000451 C=CODE    S=_TEXT    G=(none)   M=C:\PROGRAM FILES\BORLAND\CBUILDER5\LIB\CP32MT.LIB|stdexcpt ACBP=A9
 0001:000A4450 0000001E C=CODE    S=_TEXT    G=(none)   M=C:\PROGRAM FILES\BORLAND\CBUILDER5\LIB\CP32MT.LIB|memchr ACBP=A9
 0001:000A4470 00000024 C=CODE    S=_TEXT    G=(none)   M=C:\PROGRAM FILES\BORLAND\CBUILDER5\LIB\CP32MT.LIB|memcpy ACBP=A9
 0001:000A4494 0000004A C=CODE    S=_TEXT    G=(none)   M=C:\PROGRAM FILES\BORLAND\CBUILDER5\LIB\CP32MT.LIB|memmove ACBP=A9
 0001:000A44E0 0000008A C=CODE    S=_TEXT    G=(none)   M=C:\PROGRAM FILES\BORLAND\CBUILDER5\LIB\CP32MT.LIB|memset ACBP=A9
 0001:000A456C 00000018 C=CODE    S=_TEXT    G=(none)   M=C:\PROGRAM FILES\BORLAND\CBUILDER5\LIB\CP32MT.LIB|wmemset ACBP=A9
 0001:000A4584 0000003C C=CODE    S=_TEXT    G=(none)   M=C:\PROGRAM FILES\BORLAND\CBUILDER5\LIB\CP32MT.LIB|strcat ACBP=A9
 0001:000A45C0 00000053 C=CODE    S=_TEXT    G=(none)   M=C:\PROGRAM FILES\BORLAND\CBUILDER5\LIB\CP32MT.LIB|strchr ACBP=A9
 0001:000A4614 0000005A C=CODE    S=_TEXT    G=(none)   M=C:\PROGRAM FILES\BORLAND\CBUILDER5\LIB\CP32MT.LIB|strlen ACBP=A9
 0001:000A4670 0000006E C=CODE    S=_TEXT    G=(none)   M=C:\PROGRAM FILES\BORLAND\CBUILDER5\LIB\CP32MT.LIB|strncat ACBP=A9
 0001:000A46E0 00000027 C=CODE    S=_TEXT    G=(none)   M=C:\PROGRAM FILES\BORLAND\CBUILDER5\LIB\CP32MT.LIB|strncmp ACBP=A9
 0001:000A4708 0000000A C=CODE    S=_TEXT    G=(none)   M=C:\PROGRAM FILES\BORLAND\CBUILDER5\LIB\CP32MT.LIB|__strchr ACBP=A9
 0001:000A4714 0000000A C=CODE    S=_TEXT    G=(none)   M=C:\PROGRAM FILES\BORLAND\CBUILDER5\LIB\CP32MT.LIB|__strstr ACBP=A9
 0001:000A4720 0000006C C=CODE    S=_TEXT    G=(none)   M=C:\PROGRAM FILES\BORLAND\CBUILDER5\LIB\CP32MT.LIB|memcmp ACBP=A9
 0001:000A478C 00000032 C=CODE    S=_TEXT    G=(none)   M=C:\PROGRAM FILES\BORLAND\CBUILDER5\LIB\CP32MT.LIB|strdup ACBP=A9
 0001:000A47C0 0000004F C=CODE    S=_TEXT    G=(none)   M=C:\PROGRAM FILES\BORLAND\CBUILDER5\LIB\CP32MT.LIB|strncpy ACBP=A9
 0001:000A4810 00000054 C=CODE    S=_TEXT    G=(none)   M=C:\PROGRAM FILES\BORLAND\CBUILDER5\LIB\CP32MT.LIB|strstr ACBP=A9
 0001:000A4864 0000006E C=CODE    S=_TEXT    G=(none)   M=C:\PROGRAM FILES\BORLAND\CBUILDER5\LIB\CP32MT.LIB|strtok ACBP=A9
 0001:000A48D4 00000018 C=CODE    S=_TEXT    G=(none)   M=C:\PROGRAM FILES\BORLAND\CBUILDER5\LIB\CP32MT.LIB|wcslen ACBP=A9
 0001:000A48EC 0000003F C=CODE    S=_TEXT    G=(none)   M=C:\PROGRAM FILES\BORLAND\CBUILDER5\LIB\CP32MT.LIB|wcscpy ACBP=A9
 0001:000A492C 00000070 C=CODE    S=_TEXT    G=(none)   M=C:\PROGRAM FILES\BORLAND\CBUILDER5\LIB\CP32MT.LIB|xxa ACBP=A9
 0001:000A499C 00000A42 C=CODE    S=_TEXT    G=(none)   M=C:\PROGRAM FILES\BORLAND\CBUILDER5\LIB\CP32MT.LIB|xxtype ACBP=A9
 0001:000A53DE 000000B6 C=CODE    S=_TEXT    G=(none)   M=C:\PROGRAM FILES\BORLAND\CBUILDER5\LIB\CP32MT.LIB|xxut ACBP=A9
 0001:000A5480 0000014B C=CODE    S=_TEXT    G=(none)   M=C:\PROGRAM FILES\BORLAND\CBUILDER5\LIB\CP32MT.LIB|xxv ACBP=A9
 0001:000A55CC 0000000A C=CODE    S=_TEXT    G=(none)   M=C:\PROGRAM FILES\BORLAND\CBUILDER5\LIB\CP32MT.LIB|defhandl ACBP=A9
 0001:000A55D8 00000179 C=CODE    S=_TEXT    G=(none)   M=C:\PROGRAM FILES\BORLAND\CBUILDER5\LIB\CP32MT.LIB|except ACBP=A9
 0001:000A5754 00000046 C=CODE    S=_TEXT    G=(none)   M=C:\PROGRAM FILES\BORLAND\CBUILDER5\LIB\CP32MT.LIB|setexc ACBP=A9
 0001:000A579C 00000022 C=CODE    S=_TEXT    G=(none)   M=C:\PROGRAM FILES\BORLAND\CBUILDER5\LIB\CP32MT.LIB|ta ACBP=A9
 0001:000A57C0 00000075 C=CODE    S=_TEXT    G=(none)   M=C:\PROGRAM FILES\BORLAND\CBUILDER5\LIB\CP32MT.LIB|__close ACBP=A9
 0001:000A5838 00000047 C=CODE    S=_TEXT    G=(none)   M=C:\PROGRAM FILES\BORLAND\CBUILDER5\LIB\CP32MT.LIB|__isatty ACBP=A9
 0001:000A5880 00000084 C=CODE    S=_TEXT    G=(none)   M=C:\PROGRAM FILES\BORLAND\CBUILDER5\LIB\CP32MT.LIB|__lseek ACBP=A9
 0001:000A5904 00000204 C=CODE    S=_TEXT    G=(none)   M=C:\PROGRAM FILES\BORLAND\CBUILDER5\LIB\CP32MT.LIB|__open ACBP=A9
 0001:000A5B08 000001B2 C=CODE    S=_TEXT    G=(none)   M=C:\PROGRAM FILES\BORLAND\CBUILDER5\LIB\CP32MT.LIB|__read ACBP=A9
 0001:000A5CBC 00000204 C=CODE    S=_TEXT    G=(none)   M=C:\PROGRAM FILES\BORLAND\CBUILDER5\LIB\CP32MT.LIB|__wopen ACBP=A9
 0001:000A5EC0 00000132 C=CODE    S=_TEXT    G=(none)   M=C:\PROGRAM FILES\BORLAND\CBUILDER5\LIB\CP32MT.LIB|__write ACBP=A9
 0001:000A5FF4 00000011 C=CODE    S=_TEXT    G=(none)   M=C:\PROGRAM FILES\BORLAND\CBUILDER5\LIB\CP32MT.LIB|_cfinfo ACBP=A9
 0001:000A6008 00000042 C=CODE    S=_TEXT    G=(none)   M=C:\PROGRAM FILES\BORLAND\CBUILDER5\LIB\CP32MT.LIB|_flshall ACBP=A9
 0001:000A604C 00000061 C=CODE    S=_TEXT    G=(none)   M=C:\PROGRAM FILES\BORLAND\CBUILDER5\LIB\CP32MT.LIB|_read ACBP=A9
 0001:000A60AD 00000017 C=CODE    S=_TEXT    G=(none)   M=C:\PROGRAM FILES\BORLAND\CBUILDER5\LIB\CP32MT.LIB|_umask ACBP=A9
 0001:000A60B0 00000035 C=CODE    S=_TEXT    G=(none)   M=C:\PROGRAM FILES\BORLAND\CBUILDER5\LIB\CP32MT.LIB|_wopen ACBP=A9
 0001:000A60E8 00000061 C=CODE    S=_TEXT    G=(none)   M=C:\PROGRAM FILES\BORLAND\CBUILDER5\LIB\CP32MT.LIB|_write ACBP=A9
 0001:000A614C 0000007D C=CODE    S=_TEXT    G=(none)   M=C:\PROGRAM FILES\BORLAND\CBUILDER5\LIB\CP32MT.LIB|allocbuf ACBP=A9
 0001:000A61CC 0000008F C=CODE    S=_TEXT    G=(none)   M=C:\PROGRAM FILES\BORLAND\CBUILDER5\LIB\CP32MT.LIB|chdir ACBP=A9
 0001:000A625C 00000008 C=CODE    S=_TEXT    G=(none)   M=C:\PROGRAM FILES\BORLAND\CBUILDER5\LIB\CP32MT.LIB|close ACBP=A9
 0001:000A6264 000000EC C=CODE    S=_TEXT    G=(none)   M=C:\PROGRAM FILES\BORLAND\CBUILDER5\LIB\CP32MT.LIB|dosgdriv ACBP=A9
 0001:000A6350 0000008F C=CODE    S=_TEXT    G=(none)   M=C:\PROGRAM FILES\BORLAND\CBUILDER5\LIB\CP32MT.LIB|fflush ACBP=A9
 0001:000A63E0 00000064 C=CODE    S=_TEXT    G=(none)   M=C:\PROGRAM FILES\BORLAND\CBUILDER5\LIB\CP32MT.LIB|flushout ACBP=A9
 0001:000A6444 00000023 C=CODE    S=_TEXT    G=(none)   M=C:\PROGRAM FILES\BORLAND\CBUILDER5\LIB\CP32MT.LIB|fmodeptr ACBP=A9
 0001:000A6468 0000002B C=CODE    S=_TEXT    G=(none)   M=C:\PROGRAM FILES\BORLAND\CBUILDER5\LIB\CP32MT.LIB|getdisk ACBP=A9
 0001:000A6494 000003EB C=CODE    S=_TEXT    G=(none)   M=C:\PROGRAM FILES\BORLAND\CBUILDER5\LIB\CP32MT.LIB|handles ACBP=A9
 0001:000A6880 0000008A C=CODE    S=_TEXT    G=(none)   M=C:\PROGRAM FILES\BORLAND\CBUILDER5\LIB\CP32MT.LIB|ioerror ACBP=A9
 0001:000A690C 00000008 C=CODE    S=_TEXT    G=(none)   M=C:\PROGRAM FILES\BORLAND\CBUILDER5\LIB\CP32MT.LIB|lseek ACBP=A9
 0001:000A6914 00000010 C=CODE    S=_TEXT    G=(none)   M=C:\PROGRAM FILES\BORLAND\CBUILDER5\LIB\CP32MT.LIB|open ACBP=A9
 0001:000A6924 00000083 C=CODE    S=_TEXT    G=(none)   M=C:\PROGRAM FILES\BORLAND\CBUILDER5\LIB\CP32MT.LIB|perror ACBP=A9
 0001:000A6924 00000008 C=CODE    S=_TEXT    G=(none)   M=C:\PROGRAM FILES\BORLAND\CBUILDER5\LIB\CP32MT.LIB|read ACBP=A9
 0001:000A692C 000001C6 C=CODE    S=_TEXT    G=(none)   M=C:\PROGRAM FILES\BORLAND\CBUILDER5\LIB\CP32MT.LIB|scantol ACBP=A9
 0001:000A6AF4 00000100 C=CODE    S=_TEXT    G=(none)   M=C:\PROGRAM FILES\BORLAND\CBUILDER5\LIB\CP32MT.LIB|snprntf ACBP=A9
 0001:000A6BF4 00000078 C=CODE    S=_TEXT    G=(none)   M=C:\PROGRAM FILES\BORLAND\CBUILDER5\LIB\CP32MT.LIB|sprintf ACBP=A9
 0001:000A6C6C 00000270 C=CODE    S=_TEXT    G=(none)   M=C:\PROGRAM FILES\BORLAND\CBUILDER5\LIB\CP32MT.LIB|streams ACBP=A9
 0001:000A6EDC 000009EC C=CODE    S=_TEXT    G=(none)   M=C:\PROGRAM FILES\BORLAND\CBUILDER5\LIB\CP32MT.LIB|vprinter ACBP=A9
 0001:000A78C8 00000008 C=CODE    S=_TEXT    G=(none)   M=C:\PROGRAM FILES\BORLAND\CBUILDER5\LIB\CP32MT.LIB|write ACBP=A9
 0001:000A78D0 00000031 C=CODE    S=_TEXT    G=(none)   M=C:\PROGRAM FILES\BORLAND\CBUILDER5\LIB\CP32MT.LIB|xfflush ACBP=A9
 0001:000A7901 00000006 C=CODE    S=_TEXT    G=(none)   M=C:\PROGRAM FILES\BORLAND\CBUILDER5\LIB\CP32MT.LIB|cconv ACBP=A9
 0001:000A7904 000002C3 C=CODE    S=_TEXT    G=(none)   M=C:\PROGRAM FILES\BORLAND\CBUILDER5\LIB\CP32MT.LIB|convt ACBP=A9
 0001:000A7BC8 00000051 C=CODE    S=_TEXT    G=(none)   M=C:\PROGRAM FILES\BORLAND\CBUILDER5\LIB\CP32MT.LIB|getinfo ACBP=A9
 0001:000A7C1C 00000102 C=CODE    S=_TEXT    G=(none)   M=C:\PROGRAM FILES\BORLAND\CBUILDER5\LIB\CP32MT.LIB|is ACBP=A9
 0001:000A7D20 00000103 C=CODE    S=_TEXT    G=(none)   M=C:\PROGRAM FILES\BORLAND\CBUILDER5\LIB\CP32MT.LIB|wis ACBP=A9
 0001:000A7E24 00000043 C=CODE    S=_TEXT    G=(none)   M=C:\PROGRAM FILES\BORLAND\CBUILDER5\LIB\CP32MT.LIB|isctype ACBP=A9
 0001:000A7E68 00000055 C=CODE    S=_TEXT    G=(none)   M=C:\PROGRAM FILES\BORLAND\CBUILDER5\LIB\CP32MT.LIB|iswctype ACBP=A9
 0001:000A7EC0 000011FF C=CODE    S=_TEXT    G=(none)   M=C:\PROGRAM FILES\BORLAND\CBUILDER5\LIB\CP32MT.LIB|locale ACBP=A9
 0001:000A90C0 0000080E C=CODE    S=_TEXT    G=(none)   M=C:\PROGRAM FILES\BORLAND\CBUILDER5\LIB\CP32MT.LIB|initcat ACBP=A9
 0001:000A98D0 000000A1 C=CODE    S=_TEXT    G=(none)   M=C:\PROGRAM FILES\BORLAND\CBUILDER5\LIB\CP32MT.LIB|lconv ACBP=A9
 0001:000A9974 00000024 C=CODE    S=_TEXT    G=(none)   M=C:\PROGRAM FILES\BORLAND\CBUILDER5\LIB\CP32MT.LIB|lstrlwr ACBP=A9
 0001:000A9998 00000054 C=CODE    S=_TEXT    G=(none)   M=C:\PROGRAM FILES\BORLAND\CBUILDER5\LIB\CP32MT.LIB|ltolower ACBP=A9
 0001:000A99EC 00000054 C=CODE    S=_TEXT    G=(none)   M=C:\PROGRAM FILES\BORLAND\CBUILDER5\LIB\CP32MT.LIB|ltoupper ACBP=A9
 0001:000A9A40 000004D0 C=CODE    S=_TEXT    G=(none)   M=C:\PROGRAM FILES\BORLAND\CBUILDER5\LIB\CP32MT.LIB|mbyte1 ACBP=A9
 0001:000A9F10 00000026 C=CODE    S=_TEXT    G=(none)   M=C:\PROGRAM FILES\BORLAND\CBUILDER5\LIB\CP32MT.LIB|lsetlocl ACBP=A9
 0001:000A9F38 00000200 C=CODE    S=_TEXT    G=(none)   M=C:\PROGRAM FILES\BORLAND\CBUILDER5\LIB\CP32MT.LIB|_ll ACBP=A9
 0001:000AA138 00000164 C=CODE    S=_TEXT    G=(none)   M=C:\PROGRAM FILES\BORLAND\CBUILDER5\LIB\CP32MT.LIB|fdiv32 ACBP=A9
 0001:000AA29C 00000008 C=CODE    S=_TEXT    G=(none)   M=C:\PROGRAM FILES\BORLAND\CBUILDER5\LIB\CP32MT.LIB|_ltoa1 ACBP=A9
 0001:000AA2A4 000000B0 C=CODE    S=_TEXT    G=(none)   M=C:\PROGRAM FILES\BORLAND\CBUILDER5\LIB\CP32MT.LIB|_matherr ACBP=A9
 0001:000AA354 00000188 C=CODE    S=_TEXT    G=(none)   M=C:\PROGRAM FILES\BORLAND\CBUILDER5\LIB\CP32MT.LIB|_pow10 ACBP=A9
 0001:000AA4DC 00000077 C=CODE    S=_TEXT    G=(none)   M=C:\PROGRAM FILES\BORLAND\CBUILDER5\LIB\CP32MT.LIB|atol ACBP=A9
 0001:000AA554 00000013 C=CODE    S=_TEXT    G=(none)   M=C:\PROGRAM FILES\BORLAND\CBUILDER5\LIB\CP32MT.LIB|clear87 ACBP=A9
 0001:000AA568 0000003F C=CODE    S=_TEXT    G=(none)   M=C:\PROGRAM FILES\BORLAND\CBUILDER5\LIB\CP32MT.LIB|cos ACBP=A9
 0001:000AA5A8 0000002F C=CODE    S=_TEXT    G=(none)   M=C:\PROGRAM FILES\BORLAND\CBUILDER5\LIB\CP32MT.LIB|ctrl87 ACBP=A9
 0001:000AA5D8 00000018 C=CODE    S=_TEXT    G=(none)   M=C:\PROGRAM FILES\BORLAND\CBUILDER5\LIB\CP32MT.LIB|cvtentry ACBP=A9
 0001:000AA5F0 00000018 C=CODE    S=_TEXT    G=(none)   M=C:\PROGRAM FILES\BORLAND\CBUILDER5\LIB\CP32MT.LIB|cvtfak ACBP=A9
 0001:000AA608 00000018 C=CODE    S=_TEXT    G=(none)   M=C:\PROGRAM FILES\BORLAND\CBUILDER5\LIB\CP32MT.LIB|cvtfakw ACBP=A9
 0001:000AA620 0000001C C=CODE    S=_TEXT    G=(none)   M=C:\PROGRAM FILES\BORLAND\CBUILDER5\LIB\CP32MT.LIB|floor ACBP=A9
 0001:000AA63C 00000016 C=CODE    S=_TEXT    G=(none)   M=C:\PROGRAM FILES\BORLAND\CBUILDER5\LIB\CP32MT.LIB|fpreset ACBP=A9
 0001:000AA654 00000028 C=CODE    S=_TEXT    G=(none)   M=C:\PROGRAM FILES\BORLAND\CBUILDER5\LIB\CP32MT.LIB|ftol ACBP=A9
 0001:000AA67C 0000002D C=CODE    S=_TEXT    G=(none)   M=C:\PROGRAM FILES\BORLAND\CBUILDER5\LIB\CP32MT.LIB|fuildq ACBP=A9
 0001:000AA6AC 00000021 C=CODE    S=_TEXT    G=(none)   M=C:\PROGRAM FILES\BORLAND\CBUILDER5\LIB\CP32MT.LIB|fuistq ACBP=A9
 0001:000AA6D0 00000011 C=CODE    S=_TEXT    G=(none)   M=C:\PROGRAM FILES\BORLAND\CBUILDER5\LIB\CP32MT.LIB|fxam ACBP=A9
 0001:000AA6E4 000000B1 C=CODE    S=_TEXT    G=(none)   M=C:\PROGRAM FILES\BORLAND\CBUILDER5\LIB\CP32MT.LIB|int64toa ACBP=A9
 0001:000AA798 00000118 C=CODE    S=_TEXT    G=(none)   M=C:\PROGRAM FILES\BORLAND\CBUILDER5\LIB\CP32MT.LIB|ldtrunc ACBP=A9
 0001:000AA8B0 0000008F C=CODE    S=_TEXT    G=(none)   M=C:\PROGRAM FILES\BORLAND\CBUILDER5\LIB\CP32MT.LIB|longtoa ACBP=A9
 0001:000AA940 00000075 C=CODE    S=_TEXT    G=(none)   M=C:\PROGRAM FILES\BORLAND\CBUILDER5\LIB\CP32MT.LIB|ltoa1 ACBP=A9
 0001:000AA9B8 0000002A C=CODE    S=_TEXT    G=(none)   M=C:\PROGRAM FILES\BORLAND\CBUILDER5\LIB\CP32MT.LIB|matherr ACBP=A9
 0001:000AA9E4 0000002E C=CODE    S=_TEXT    G=(none)   M=C:\PROGRAM FILES\BORLAND\CBUILDER5\LIB\CP32MT.LIB|matherrl ACBP=A9
 0001:000AAA14 00000016 C=CODE    S=_TEXT    G=(none)   M=C:\PROGRAM FILES\BORLAND\CBUILDER5\LIB\CP32MT.LIB|mathptr ACBP=A9
 0001:000AAA2C 00000025 C=CODE    S=_TEXT    G=(none)   M=C:\PROGRAM FILES\BORLAND\CBUILDER5\LIB\CP32MT.LIB|qdiv10 ACBP=A9
 0001:000AAA54 0000002E C=CODE    S=_TEXT    G=(none)   M=C:\PROGRAM FILES\BORLAND\CBUILDER5\LIB\CP32MT.LIB|qmul10 ACBP=A9
 0001:000AAA84 000000A6 C=CODE    S=_TEXT    G=(none)   M=C:\PROGRAM FILES\BORLAND\CBUILDER5\LIB\CP32MT.LIB|rand ACBP=A9
 0001:000AAB2C 000002F9 C=CODE    S=_TEXT    G=(none)   M=C:\PROGRAM FILES\BORLAND\CBUILDER5\LIB\CP32MT.LIB|realcvt ACBP=A9
 0001:000AAE28 00000331 C=CODE    S=_TEXT    G=(none)   M=C:\PROGRAM FILES\BORLAND\CBUILDER5\LIB\CP32MT.LIB|realcvtw ACBP=A9
 0001:000AB15C 0000002C C=CODE    S=_TEXT    G=(none)   M=C:\PROGRAM FILES\BORLAND\CBUILDER5\LIB\CP32MT.LIB|round ACBP=A9
 0001:000AB188 000004E1 C=CODE    S=_TEXT    G=(none)   M=C:\PROGRAM FILES\BORLAND\CBUILDER5\LIB\CP32MT.LIB|scantod ACBP=A9
 0001:000AB66C 000004DD C=CODE    S=_TEXT    G=(none)   M=C:\PROGRAM FILES\BORLAND\CBUILDER5\LIB\CP32MT.LIB|scanwtod ACBP=A9
 0001:000ABB4C 0000003F C=CODE    S=_TEXT    G=(none)   M=C:\PROGRAM FILES\BORLAND\CBUILDER5\LIB\CP32MT.LIB|sin ACBP=A9
 0001:000ABB8C 000000C1 C=CODE    S=_TEXT    G=(none)   M=C:\PROGRAM FILES\BORLAND\CBUILDER5\LIB\CP32MT.LIB|strtod ACBP=A9
 0001:000ABC50 000000F6 C=CODE    S=_TEXT    G=(none)   M=C:\PROGRAM FILES\BORLAND\CBUILDER5\LIB\CP32MT.LIB|strtol ACBP=A9
 0001:000ABD48 000002D2 C=CODE    S=_TEXT    G=(none)   M=C:\PROGRAM FILES\BORLAND\CBUILDER5\LIB\CP32MT.LIB|xcvt ACBP=A9
 0001:000AC01C 000002F1 C=CODE    S=_TEXT    G=(none)   M=C:\PROGRAM FILES\BORLAND\CBUILDER5\LIB\CP32MT.LIB|xcvtw ACBP=A9
 0001:000AC310 00000139 C=CODE    S=_TEXT    G=(none)   M=C:\PROGRAM FILES\BORLAND\CBUILDER5\LIB\CP32MT.LIB|mbctype ACBP=A9
 0001:000AC44C 0000003D C=CODE    S=_TEXT    G=(none)   M=C:\PROGRAM FILES\BORLAND\CBUILDER5\LIB\CP32MT.LIB|mbisalp ACBP=A9
 0001:000AC48C 0000001A C=CODE    S=_TEXT    G=(none)   M=C:\PROGRAM FILES\BORLAND\CBUILDER5\LIB\CP32MT.LIB|mbisdgt ACBP=A9
 0001:000AC4A8 0000001A C=CODE    S=_TEXT    G=(none)   M=C:\PROGRAM FILES\BORLAND\CBUILDER5\LIB\CP32MT.LIB|mbisspc ACBP=A9
 0001:000AC4C4 00000054 C=CODE    S=_TEXT    G=(none)   M=C:\PROGRAM FILES\BORLAND\CBUILDER5\LIB\CP32MT.LIB|mbsnbcpy ACBP=A9
 0001:000AC518 000000BF C=CODE    S=_TEXT    G=(none)   M=C:\PROGRAM FILES\BORLAND\CBUILDER5\LIB\CP32MT.LIB|mbsnbicm ACBP=A9
 0001:000AC5D8 00000056 C=CODE    S=_TEXT    G=(none)   M=C:\PROGRAM FILES\BORLAND\CBUILDER5\LIB\CP32MT.LIB|mbsrchr ACBP=A9
 0001:000AC630 0000001D C=CODE    S=_TEXT    G=(none)   M=C:\PROGRAM FILES\BORLAND\CBUILDER5\LIB\CP32MT.LIB|mbtoupr ACBP=A9
 0001:000AC650 000000A6 C=CODE    S=_TEXT    G=(none)   M=C:\PROGRAM FILES\BORLAND\CBUILDER5\LIB\CP32MT.LIB|assert ACBP=A9
 0001:000AC6F8 000000B8 C=CODE    S=_TEXT    G=(none)   M=C:\PROGRAM FILES\BORLAND\CBUILDER5\LIB\CP32MT.LIB|ermsghlp ACBP=A9
 0001:000AC7B0 0000001E C=CODE    S=_TEXT    G=(none)   M=C:\PROGRAM FILES\BORLAND\CBUILDER5\LIB\CP32MT.LIB|errno ACBP=A9
 0001:000AC7D0 0000019B C=CODE    S=_TEXT    G=(none)   M=C:\PROGRAM FILES\BORLAND\CBUILDER5\LIB\CP32MT.LIB|errormsg ACBP=A9
 0001:000AC96C 00000089 C=CODE    S=_TEXT    G=(none)   M=C:\PROGRAM FILES\BORLAND\CBUILDER5\LIB\CP32MT.LIB|platform ACBP=A9
 0001:000AC9F8 00000022 C=CODE    S=_TEXT    G=(none)   M=C:\PROGRAM FILES\BORLAND\CBUILDER5\LIB\CP32MT.LIB|abort ACBP=A9
 0001:000ACA1C 000000BF C=CODE    S=_TEXT    G=(none)   M=C:\PROGRAM FILES\BORLAND\CBUILDER5\LIB\CP32MT.LIB|exit ACBP=A9
 0001:000ACADC 00000061 C=CODE    S=_TEXT    G=(none)   M=C:\PROGRAM FILES\BORLAND\CBUILDER5\LIB\CP32MT.LIB|getenv ACBP=A9
 0001:000ACB40 0000001A C=CODE    S=_TEXT    G=(none)   M=C:\PROGRAM FILES\BORLAND\CBUILDER5\LIB\CP32MT.LIB|initwild ACBP=A9
 0001:000ACB5C 00000011 C=CODE    S=_TEXT    G=(none)   M=C:\PROGRAM FILES\BORLAND\CBUILDER5\LIB\CP32MT.LIB|exparg ACBP=A9
 0001:000ACB70 00000011 C=CODE    S=_TEXT    G=(none)   M=C:\PROGRAM FILES\BORLAND\CBUILDER5\LIB\CP32MT.LIB|wexparg ACBP=A9
 0001:000ACB84 00000027 C=CODE    S=_TEXT    G=(none)   M=C:\PROGRAM FILES\BORLAND\CBUILDER5\LIB\CP32MT.LIB|initargv ACBP=A9
 0001:000ACBAC 0000016C C=CODE    S=_TEXT    G=(none)   M=C:\PROGRAM FILES\BORLAND\CBUILDER5\LIB\CP32MT.LIB|setargv ACBP=A9
 0001:000ACD18 000001E5 C=CODE    S=_TEXT    G=(none)   M=C:\PROGRAM FILES\BORLAND\CBUILDER5\LIB\CP32MT.LIB|hsargv ACBP=A9
 0001:000ACF00 00000227 C=CODE    S=_TEXT    G=(none)   M=C:\PROGRAM FILES\BORLAND\CBUILDER5\LIB\CP32MT.LIB|whsargv ACBP=A9
 0001:000AD128 00000045 C=CODE    S=_TEXT    G=(none)   M=C:\PROGRAM FILES\BORLAND\CBUILDER5\LIB\CP32MT.LIB|setargv0 ACBP=A9
 0001:000AD170 000001D2 C=CODE    S=_TEXT    G=(none)   M=C:\PROGRAM FILES\BORLAND\CBUILDER5\LIB\CP32MT.LIB|setenvp ACBP=A9
 0001:000AD344 00000388 C=CODE    S=_TEXT    G=(none)   M=C:\PROGRAM FILES\BORLAND\CBUILDER5\LIB\CP32MT.LIB|signal ACBP=A9
 0001:000AD6CC 0000018B C=CODE    S=_TEXT    G=(none)   M=C:\PROGRAM FILES\BORLAND\CBUILDER5\LIB\CP32MT.LIB|initexit ACBP=A9
 0001:000AD858 000001A4 C=CODE    S=_TEXT    G=(none)   M=C:\PROGRAM FILES\BORLAND\CBUILDER5\LIB\CP32MT.LIB|startup ACBP=A9
 0001:000AD9FC 00000067 C=CODE    S=_TEXT    G=(none)   M=C:\PROGRAM FILES\BORLAND\CBUILDER5\LIB\CP32MT.LIB|tls ACBP=A9
 0001:000ADA64 0000004F C=CODE    S=_TEXT    G=(none)   M=C:\PROGRAM FILES\BORLAND\CBUILDER5\LIB\CP32MT.LIB|tlsstat ACBP=A9
 0001:000ADAB4 000001C7 C=CODE    S=_TEXT    G=(none)   M=C:\PROGRAM FILES\BORLAND\CBUILDER5\LIB\CP32MT.LIB|thrddata ACBP=A9
 0001:000ADC7C 000000D5 C=CODE    S=_TEXT    G=(none)   M=C:\PROGRAM FILES\BORLAND\CBUILDER5\LIB\CP32MT.LIB|_lock ACBP=A9
 0001:000ADD54 000002A4 C=CODE    S=_TEXT    G=(none)   M=C:\PROGRAM FILES\BORLAND\CBUILDER5\LIB\CP32MT.LIB|timefunc ACBP=A9
 0001:000ADFF8 00000006 C=CODE    S=_TEXT    G=(none)   M=C:\PROGRAM FILES\BORLAND\CBUILDER5\LIB\CP32MT.LIB|tzdata ACBP=A9
 0001:000AE000 000001C8 C=CODE    S=_TEXT    G=(none)   M=C:\PROGRAM FILES\BORLAND\CBUILDER5\LIB\CP32MT.LIB|tzset ACBP=A9
 0001:000AE1C8 00000008 C=CODE    S=_TEXT    G=(none)   M=C:\PROGRAM FILES\BORLAND\CBUILDER5\LIB\CP32MT.LIB|_tzset ACBP=A9
 0001:000AE1D0 0000004D C=CODE    S=_TEXT    G=(none)   M=C:\PROGRAM FILES\BORLAND\CBUILDER5\LIB\CP32MT.LIB|time ACBP=A9
 0001:000AE220 0000388C C=CODE    S=_TEXT    G=(none)   M=C:\PROGRAM FILES\BORLAND\CBUILDER5\LIB\CP32MT.LIB|xx ACBP=A9
 0002:000003C8 000000A4 C=DATA    S=_DATA    G=DGROUP   M=C:\PROGRAM FILES\BORLAND\CBUILDER5\LIB\C0W32.OBJ ACBP=A9
 0002:0000046C 0000002C C=DATA    S=_DATA    G=DGROUP   M=C:\PROGRAM FILES\BORLAND\CBUILDER5\LIB\OBJ\SYSINIT.OBJ ACBP=A9
 0002:00000488 000000B0 C=DATA    S=_DATA    G=DGROUP   M=D:\STASIEK\MY PROJECTS\OBSOLETE\PROGS\SNAKE.VCL\WAZ.OBJ ACBP=A9
 0002:00000538 00001219 C=DATA    S=_DATA    G=DGROUP   M=D:\STASIEK\MY PROJECTS\OBSOLETE\PROGS\SNAKE.VCL\WAZ_FORM.OBJ ACBP=A9
 0002:00001750 000004E4 C=DATA    S=_DATA    G=DGROUP   M=D:\STASIEK\MY PROJECTS\OBSOLETE\PROGS\SNAKE.VCL\OPC.OBJ ACBP=A9
 0002:00001C20 0000048C C=DATA    S=_DATA    G=DGROUP   M=D:\STASIEK\MY PROJECTS\OBSOLETE\FORM_TEMPLATES\ABOUT_FRM.OBJ ACBP=A9
 0002:00002098 00000014 C=DATA    S=_DATA    G=DGROUP   M=C:\PROGRAM FILES\BORLAND\CBUILDER5\LIB\DEBUG\VCLX50.LIB|Outline ACBP=A9
 0002:000020AC 000003B4 C=DATA    S=_DATA    G=DGROUP   M=C:\PROGRAM FILES\BORLAND\CBUILDER5\LIB\BCBSMP50.LIB|.\CCALENDR.CPP ACBP=A9
 0002:00002440 000007F0 C=DATA    S=_DATA    G=DGROUP   M=C:\PROGRAM FILES\BORLAND\CBUILDER5\LIB\BCBSMP50.LIB|.\cdiroutl.cpp ACBP=A9
 0002:00002C28 000004B8 C=DATA    S=_DATA    G=DGROUP   M=C:\PROGRAM FILES\BORLAND\CBUILDER5\LIB\BCBSMP50.LIB|.\CGAUGES.CPP ACBP=A9
 0002:000030CC 00000268 C=DATA    S=_DATA    G=DGROUP   M=C:\PROGRAM FILES\BORLAND\CBUILDER5\LIB\BCBSMP50.LIB|.\CGRID.CPP ACBP=A9
 0002:00003314 000005DC C=DATA    S=_DATA    G=DGROUP   M=C:\PROGRAM FILES\BORLAND\CBUILDER5\LIB\BCBSMP50.LIB|.\CSPIN.CPP ACBP=A9
 0002:000038F0 0000037A C=DATA    S=_DATA    G=DGROUP   M=C:\PROGRAM FILES\BORLAND\CBUILDER5\LIB\BCBSMP50.LIB|.\PERFGRAP.CPP ACBP=A9
 0002:00003C58 00000416 C=DATA    S=_DATA    G=DGROUP   M=C:\PROGRAM FILES\BORLAND\CBUILDER5\LIB\BCBSMP50.LIB|.\Trayicon.cpp ACBP=A9
 0002:0000405A 00000010 C=DATA    S=_DATA    G=DGROUP   M=C:\PROGRAM FILES\BORLAND\CBUILDER5\LIB\DEBUG\VCL50.LIB|UrlMon ACBP=A9
 0002:0000405A 00000004 C=DATA    S=_DATA    G=DGROUP   M=C:\PROGRAM FILES\BORLAND\CBUILDER5\LIB\DEBUG\VCL50.LIB|StdActns ACBP=A9
 0002:0000405A 00000046 C=DATA    S=_DATA    G=DGROUP   M=C:\PROGRAM FILES\BORLAND\CBUILDER5\LIB\DEBUG\VCL50.LIB|ImgList ACBP=A9
 0002:00004094 00000004 C=DATA    S=_DATA    G=DGROUP   M=C:\PROGRAM FILES\BORLAND\CBUILDER5\LIB\DEBUG\VCL50.LIB|ActnList ACBP=A9
 0002:00004094 00000020 C=DATA    S=_DATA    G=DGROUP   M=C:\PROGRAM FILES\BORLAND\CBUILDER5\LIB\DEBUG\VCL50.LIB|ToolWin ACBP=A9
 0002:000040B4 00000010 C=DATA    S=_DATA    G=DGROUP   M=C:\PROGRAM FILES\BORLAND\CBUILDER5\LIB\DEBUG\VCL50.LIB|TypInfo ACBP=A9
 0002:000040C4 0000008C C=DATA    S=_DATA    G=DGROUP   M=C:\PROGRAM FILES\BORLAND\CBUILDER5\LIB\DEBUG\VCL50.LIB|StdCtrls ACBP=A9
 0002:00004144 0000000C C=DATA    S=_DATA    G=DGROUP   M=C:\PROGRAM FILES\BORLAND\CBUILDER5\LIB\DEBUG\VCL50.LIB|Printers ACBP=A9
 0002:00004148 000000EC C=DATA    S=_DATA    G=DGROUP   M=C:\PROGRAM FILES\BORLAND\CBUILDER5\LIB\DEBUG\VCL50.LIB|Menus ACBP=A9
 0002:00004234 00000010 C=DATA    S=_DATA    G=DGROUP   M=C:\PROGRAM FILES\BORLAND\CBUILDER5\LIB\DEBUG\VCL50.LIB|Mask ACBP=A9
 0002:00004244 00000002 C=DATA    S=_DATA    G=DGROUP   M=C:\PROGRAM FILES\BORLAND\CBUILDER5\LIB\DEBUG\VCL50.LIB|Grids ACBP=A9
 0002:00004244 000002B4 C=DATA    S=_DATA    G=DGROUP   M=C:\PROGRAM FILES\BORLAND\CBUILDER5\LIB\DEBUG\VCL50.LIB|Graphics ACBP=A9
 0002:000044F8 0000013C C=DATA    S=_DATA    G=DGROUP   M=C:\PROGRAM FILES\BORLAND\CBUILDER5\LIB\DEBUG\VCL50.LIB|Forms ACBP=A9
 0002:00004634 00000010 C=DATA    S=_DATA    G=DGROUP   M=C:\PROGRAM FILES\BORLAND\CBUILDER5\LIB\DEBUG\VCL50.LIB|ExtCtrls ACBP=A9
 0002:00004634 000000B0 C=DATA    S=_DATA    G=DGROUP   M=C:\PROGRAM FILES\BORLAND\CBUILDER5\LIB\DEBUG\VCL50.LIB|Dialogs ACBP=A9
 0002:000046E4 0000012C C=DATA    S=_DATA    G=DGROUP   M=C:\PROGRAM FILES\BORLAND\CBUILDER5\LIB\DEBUG\VCL50.LIB|Controls ACBP=A9
 0002:00004810 000001A9 C=DATA    S=_DATA    G=DGROUP   M=C:\PROGRAM FILES\BORLAND\CBUILDER5\LIB\DEBUG\VCL50.LIB|ComCtrls ACBP=A9
 0002:000049B4 00000088 C=DATA    S=_DATA    G=DGROUP   M=C:\PROGRAM FILES\BORLAND\CBUILDER5\LIB\DEBUG\VCL50.LIB|Classes ACBP=A9
 0002:00004A20 0000009E C=DATA    S=_DATA    G=DGROUP   M=C:\PROGRAM FILES\BORLAND\CBUILDER5\LIB\DEBUG\VCL50.LIB|Buttons ACBP=A9
 0002:00004ABE 00000010 C=DATA    S=_DATA    G=DGROUP   M=C:\PROGRAM FILES\BORLAND\CBUILDER5\LIB\DEBUG\VCL50.LIB|Windows ACBP=A9
 0002:00004ABE 00000010 C=DATA    S=_DATA    G=DGROUP   M=C:\PROGRAM FILES\BORLAND\CBUILDER5\LIB\DEBUG\VCL50.LIB|ShlObj ACBP=A9
 0002:00004ABE 00000010 C=DATA    S=_DATA    G=DGROUP   M=C:\PROGRAM FILES\BORLAND\CBUILDER5\LIB\DEBUG\VCL50.LIB|ActiveX ACBP=A9
 0002:00004ABE 00000008 C=DATA    S=_DATA    G=DGROUP   M=C:\PROGRAM FILES\BORLAND\CBUILDER5\LIB\DEBUG\VCL50.LIB|Math ACBP=A9
 0002:00004AC0 00000234 C=DATA    S=_DATA    G=DGROUP   M=C:\PROGRAM FILES\BORLAND\CBUILDER5\LIB\DEBUG\VCL50.LIB|SysUtils ACBP=A9
 0002:00004CE8 000000FC C=DATA    S=_DATA    G=DGROUP   M=C:\PROGRAM FILES\BORLAND\CBUILDER5\LIB\DEBUG\VCL50.LIB|System ACBP=A9
 0002:00004DE4 00000217 C=DATA    S=_DATA    G=DGROUP   M=C:\PROGRAM FILES\BORLAND\CBUILDER5\LIB\DCLUSR50.LIB|C:\Program Files\Borland\CBuilder5\Projects\OBSOLETE\PACKAGES\EXEDLG.CPP ACBP=A9
 0002:00004FDC 00000914 C=DATA    S=_DATA    G=DGROUP   M=C:\PROGRAM FILES\BORLAND\CBUILDER5\LIB\DCLUSR50.LIB|C:\Program Files\Borland\CBuilder5\Projects\OBSOLETE\PACKAGES\EXEINFO.CPP ACBP=A9
 0002:000058D0 000001BD C=DATA    S=_DATA    G=DGROUP   M=C:\PROGRAM FILES\BORLAND\CBUILDER5\LIB\DCLUSR50.LIB|C:\Program Files\Borland\CBuilder5\Projects\OBSOLETE\PACKAGES\EXERES.CPP ACBP=A9
 0002:00005A70 0000039C C=DATA    S=_DATA    G=DGROUP   M=C:\PROGRAM FILES\BORLAND\CBUILDER5\LIB\DEBUG\VCLE.LIB|dstring ACBP=A9
 0002:00005DF8 0000008C C=DATA    S=_DATA    G=DGROUP   M=C:\PROGRAM FILES\BORLAND\CBUILDER5\LIB\DEBUG\VCLE.LIB|syssupp ACBP=A9
 0002:00005E70 0000006C C=DATA    S=_DATA    G=DGROUP   M=C:\PROGRAM FILES\BORLAND\CBUILDER5\LIB\DEBUG\VCLE.LIB|vclinit ACBP=A9
 0002:00005EDC 00000070 C=DATA    S=_DATA    G=DGROUP   M=C:\PROGRAM FILES\BORLAND\CBUILDER5\LIB\CP32MT.LIB|new ACBP=A9
 0002:00005F4C 00000088 C=DATA    S=_DATA    G=DGROUP   M=C:\PROGRAM FILES\BORLAND\CBUILDER5\LIB\CP32MT.LIB|setnew ACBP=A9
 0002:00005FC0 00000054 C=DATA    S=_DATA    G=DGROUP   M=C:\PROGRAM FILES\BORLAND\CBUILDER5\LIB\CP32MT.LIB|vdelldtc ACBP=A9
 0002:00006014 00000074 C=DATA    S=_DATA    G=DGROUP   M=C:\PROGRAM FILES\BORLAND\CBUILDER5\LIB\CP32MT.LIB|vnewldtc ACBP=A9
 0002:00006088 00000160 C=DATA    S=_DATA    G=DGROUP   M=C:\PROGRAM FILES\BORLAND\CBUILDER5\LIB\CP32MT.LIB|hrdir_b ACBP=A9
 0002:000061E8 00000020 C=DATA    S=_DATA    G=DGROUP   M=C:\PROGRAM FILES\BORLAND\CBUILDER5\LIB\CP32MT.LIB|hrdir_s ACBP=A9
 0002:00006208 00000038 C=DATA    S=_DATA    G=DGROUP   M=C:\PROGRAM FILES\BORLAND\CBUILDER5\LIB\CP32MT.LIB|predecl ACBP=A9
 0002:00006240 00001EC5 C=DATA    S=_DATA    G=DGROUP   M=C:\PROGRAM FILES\BORLAND\CBUILDER5\LIB\CP32MT.LIB|allstl ACBP=A9
 0002:00008104 00000081 C=DATA    S=_DATA    G=DGROUP   M=C:\PROGRAM FILES\BORLAND\CBUILDER5\LIB\CP32MT.LIB|fstream ACBP=A9
 0002:00008184 00000219 C=DATA    S=_DATA    G=DGROUP   M=C:\PROGRAM FILES\BORLAND\CBUILDER5\LIB\CP32MT.LIB|ios ACBP=A9
 0002:0000839C 000004DD C=DATA    S=_DATA    G=DGROUP   M=C:\PROGRAM FILES\BORLAND\CBUILDER5\LIB\CP32MT.LIB|char ACBP=A9
 0002:00008878 000000FD C=DATA    S=_DATA    G=DGROUP   M=C:\PROGRAM FILES\BORLAND\CBUILDER5\LIB\CP32MT.LIB|charby ACBP=A9
 0002:00008974 000007E1 C=DATA    S=_DATA    G=DGROUP   M=C:\PROGRAM FILES\BORLAND\CBUILDER5\LIB\CP32MT.LIB|rwlocale ACBP=A9
 0002:00009154 0000004D C=DATA    S=_DATA    G=DGROUP   M=C:\PROGRAM FILES\BORLAND\CBUILDER5\LIB\CP32MT.LIB|vendor ACBP=A9
 0002:000091A0 0000017D C=DATA    S=_DATA    G=DGROUP   M=C:\PROGRAM FILES\BORLAND\CBUILDER5\LIB\CP32MT.LIB|stdexcpt ACBP=A9
 0002:0000931C 0000019D C=DATA    S=_DATA    G=DGROUP   M=C:\PROGRAM FILES\BORLAND\CBUILDER5\LIB\CP32MT.LIB|string ACBP=A9
 0002:000094B8 00000004 C=DATA    S=_DATA    G=DGROUP   M=C:\PROGRAM FILES\BORLAND\CBUILDER5\LIB\CP32MT.LIB|xx_xpf ACBP=A9
 0002:000094BC 00000340 C=DATA    S=_DATA    G=DGROUP   M=C:\PROGRAM FILES\BORLAND\CBUILDER5\LIB\CP32MT.LIB|xxtype ACBP=A9
 0002:000097FC 0000003C C=DATA    S=_DATA    G=DGROUP   M=C:\PROGRAM FILES\BORLAND\CBUILDER5\LIB\CP32MT.LIB|xxut ACBP=A9
 0002:00009838 000000E4 C=DATA    S=_DATA    G=DGROUP   M=C:\PROGRAM FILES\BORLAND\CBUILDER5\LIB\CP32MT.LIB|xxv ACBP=A9
 0002:0000991C 00000014 C=DATA    S=_DATA    G=DGROUP   M=C:\PROGRAM FILES\BORLAND\CBUILDER5\LIB\CP32MT.LIB|except ACBP=A9
 0002:00009930 00000004 C=DATA    S=_DATA    G=DGROUP   M=C:\PROGRAM FILES\BORLAND\CBUILDER5\LIB\CP32MT.LIB|_cfinfo ACBP=A9
 0002:00009934 00000004 C=DATA    S=_DATA    G=DGROUP   M=C:\PROGRAM FILES\BORLAND\CBUILDER5\LIB\CP32MT.LIB|_umask ACBP=A9
 0002:00009938 00000004 C=DATA    S=_DATA    G=DGROUP   M=C:\PROGRAM FILES\BORLAND\CBUILDER5\LIB\CP32MT.LIB|cfinfo ACBP=A9
 0002:0000993C 000004B0 C=DATA    S=_DATA    G=DGROUP   M=C:\PROGRAM FILES\BORLAND\CBUILDER5\LIB\CP32MT.LIB|files ACBP=A9
 0002:00009DEC 000000CC C=DATA    S=_DATA    G=DGROUP   M=C:\PROGRAM FILES\BORLAND\CBUILDER5\LIB\CP32MT.LIB|files2 ACBP=A9
 0002:00009EB8 00000004 C=DATA    S=_DATA    G=DGROUP   M=C:\PROGRAM FILES\BORLAND\CBUILDER5\LIB\CP32MT.LIB|fmode ACBP=A9
 0002:00009EBC 00000004 C=DATA    S=_DATA    G=DGROUP   M=C:\PROGRAM FILES\BORLAND\CBUILDER5\LIB\CP32MT.LIB|fmodeptr ACBP=A9
 0002:00009EC0 00000064 C=DATA    S=_DATA    G=DGROUP   M=C:\PROGRAM FILES\BORLAND\CBUILDER5\LIB\CP32MT.LIB|handles ACBP=A9
 0002:00009F24 0000012B C=DATA    S=_DATA    G=DGROUP   M=C:\PROGRAM FILES\BORLAND\CBUILDER5\LIB\CP32MT.LIB|ioerror ACBP=A9
 0002:0000A050 0000047C C=DATA    S=_DATA    G=DGROUP   M=C:\PROGRAM FILES\BORLAND\CBUILDER5\LIB\CP32MT.LIB|perror ACBP=A9
 0002:0000A4CC 00000068 C=DATA    S=_DATA    G=DGROUP   M=C:\PROGRAM FILES\BORLAND\CBUILDER5\LIB\CP32MT.LIB|streams ACBP=A9
 0002:0000A534 00000076 C=DATA    S=_DATA    G=DGROUP   M=C:\PROGRAM FILES\BORLAND\CBUILDER5\LIB\CP32MT.LIB|vprinter ACBP=A9
 0002:0000A5AC 00000202 C=DATA    S=_DATA    G=DGROUP   M=C:\PROGRAM FILES\BORLAND\CBUILDER5\LIB\CP32MT.LIB|bigctype ACBP=A9
 0002:0000A7B0 0000003C C=DATA    S=_DATA    G=DGROUP   M=C:\PROGRAM FILES\BORLAND\CBUILDER5\LIB\CP32MT.LIB|cconv ACBP=A9
 0002:0000A7EC 00000050 C=DATA    S=_DATA    G=DGROUP   M=C:\PROGRAM FILES\BORLAND\CBUILDER5\LIB\CP32MT.LIB|convt ACBP=A9
 0002:0000A83C 00000100 C=DATA    S=_DATA    G=DGROUP   M=C:\PROGRAM FILES\BORLAND\CBUILDER5\LIB\CP32MT.LIB|clower ACBP=A9
 0002:0000A93C 00000100 C=DATA    S=_DATA    G=DGROUP   M=C:\PROGRAM FILES\BORLAND\CBUILDER5\LIB\CP32MT.LIB|cupper ACBP=A9
 0002:0000AA3C 00000118 C=DATA    S=_DATA    G=DGROUP   M=C:\PROGRAM FILES\BORLAND\CBUILDER5\LIB\CP32MT.LIB|locale ACBP=A9
 0002:0000AB54 00000260 C=DATA    S=_DATA    G=DGROUP   M=C:\PROGRAM FILES\BORLAND\CBUILDER5\LIB\CP32MT.LIB|clocale ACBP=A9
 0002:0000ADB4 00000068 C=DATA    S=_DATA    G=DGROUP   M=C:\PROGRAM FILES\BORLAND\CBUILDER5\LIB\CP32MT.LIB|initcat ACBP=A9
 0002:0000AE1C 00000038 C=DATA    S=_DATA    G=DGROUP   M=C:\PROGRAM FILES\BORLAND\CBUILDER5\LIB\CP32MT.LIB|fdiv32 ACBP=A9
 0002:0000AE54 00000010 C=DATA    S=_DATA    G=DGROUP   M=C:\PROGRAM FILES\BORLAND\CBUILDER5\LIB\CP32MT.LIB|_matherr ACBP=A9
 0002:0000AE64 000000C0 C=DATA    S=_DATA    G=DGROUP   M=C:\PROGRAM FILES\BORLAND\CBUILDER5\LIB\CP32MT.LIB|_pow10 ACBP=A9
 0002:0000AF24 0000000C C=DATA    S=_DATA    G=DGROUP   M=C:\PROGRAM FILES\BORLAND\CBUILDER5\LIB\CP32MT.LIB|cos ACBP=A9
 0002:0000AF30 00000068 C=DATA    S=_DATA    G=DGROUP   M=C:\PROGRAM FILES\BORLAND\CBUILDER5\LIB\CP32MT.LIB|cvtfak ACBP=A9
 0002:0000AF98 00000068 C=DATA    S=_DATA    G=DGROUP   M=C:\PROGRAM FILES\BORLAND\CBUILDER5\LIB\CP32MT.LIB|cvtfakw ACBP=A9
 0002:0000B000 00000004 C=DATA    S=_DATA    G=DGROUP   M=C:\PROGRAM FILES\BORLAND\CBUILDER5\LIB\CP32MT.LIB|deflt87 ACBP=A9
 0002:0000B004 0000007C C=DATA    S=_DATA    G=DGROUP   M=C:\PROGRAM FILES\BORLAND\CBUILDER5\LIB\CP32MT.LIB|hugeval ACBP=A9
 0002:0000B080 00000008 C=DATA    S=_DATA    G=DGROUP   M=C:\PROGRAM FILES\BORLAND\CBUILDER5\LIB\CP32MT.LIB|initcvt ACBP=A9
 0002:0000B088 00000008 C=DATA    S=_DATA    G=DGROUP   M=C:\PROGRAM FILES\BORLAND\CBUILDER5\LIB\CP32MT.LIB|mathptr ACBP=A9
 0002:0000B090 00000044 C=DATA    S=_DATA    G=DGROUP   M=C:\PROGRAM FILES\BORLAND\CBUILDER5\LIB\CP32MT.LIB|mathwhy ACBP=A9
 0002:0000B0D4 00000014 C=DATA    S=_DATA    G=DGROUP   M=C:\PROGRAM FILES\BORLAND\CBUILDER5\LIB\CP32MT.LIB|realcvt ACBP=A9
 0002:0000B0E8 00000028 C=DATA    S=_DATA    G=DGROUP   M=C:\PROGRAM FILES\BORLAND\CBUILDER5\LIB\CP32MT.LIB|realcvtw ACBP=A9
 0002:0000B110 00000028 C=DATA    S=_DATA    G=DGROUP   M=C:\PROGRAM FILES\BORLAND\CBUILDER5\LIB\CP32MT.LIB|scantod ACBP=A9
 0002:0000B138 00000028 C=DATA    S=_DATA    G=DGROUP   M=C:\PROGRAM FILES\BORLAND\CBUILDER5\LIB\CP32MT.LIB|scanwtod ACBP=A9
 0002:0000B160 0000000C C=DATA    S=_DATA    G=DGROUP   M=C:\PROGRAM FILES\BORLAND\CBUILDER5\LIB\CP32MT.LIB|sin ACBP=A9
 0002:0000B16C 00000048 C=DATA    S=_DATA    G=DGROUP   M=C:\PROGRAM FILES\BORLAND\CBUILDER5\LIB\CP32MT.LIB|mbctype ACBP=A9
 0002:0000B1B4 00000024 C=DATA    S=_DATA    G=DGROUP   M=C:\PROGRAM FILES\BORLAND\CBUILDER5\LIB\CP32MT.LIB|assert ACBP=A9
 0002:0000B1D8 00000024 C=DATA    S=_DATA    G=DGROUP   M=C:\PROGRAM FILES\BORLAND\CBUILDER5\LIB\CP32MT.LIB|ermsghlp ACBP=A9
 0002:0000B1FC 00000010 C=DATA    S=_DATA    G=DGROUP   M=C:\PROGRAM FILES\BORLAND\CBUILDER5\LIB\CP32MT.LIB|errormsg ACBP=A9
 0002:0000B20C 00000028 C=DATA    S=_DATA    G=DGROUP   M=C:\PROGRAM FILES\BORLAND\CBUILDER5\LIB\CP32MT.LIB|platform ACBP=A9
 0002:0000B234 00000020 C=DATA    S=_DATA    G=DGROUP   M=C:\PROGRAM FILES\BORLAND\CBUILDER5\LIB\CP32MT.LIB|abort ACBP=A9
 0002:0000B254 00000004 C=DATA    S=_DATA    G=DGROUP   M=C:\PROGRAM FILES\BORLAND\CBUILDER5\LIB\CP32MT.LIB|patexit ACBP=A9
 0002:0000B258 0000000C C=DATA    S=_DATA    G=DGROUP   M=C:\PROGRAM FILES\BORLAND\CBUILDER5\LIB\CP32MT.LIB|exit ACBP=A9
 0002:0000B264 00000008 C=DATA    S=_DATA    G=DGROUP   M=C:\PROGRAM FILES\BORLAND\CBUILDER5\LIB\CP32MT.LIB|saptr ACBP=A9
 0002:0000B26C 00000008 C=DATA    S=_DATA    G=DGROUP   M=C:\PROGRAM FILES\BORLAND\CBUILDER5\LIB\CP32MT.LIB|wsaptr ACBP=A9
 0002:0000B274 00000054 C=DATA    S=_DATA    G=DGROUP   M=C:\PROGRAM FILES\BORLAND\CBUILDER5\LIB\CP32MT.LIB|setargv ACBP=A9
 0002:0000B2C8 00000028 C=DATA    S=_DATA    G=DGROUP   M=C:\PROGRAM FILES\BORLAND\CBUILDER5\LIB\CP32MT.LIB|hsargv ACBP=A9
 0002:0000B2F0 00000024 C=DATA    S=_DATA    G=DGROUP   M=C:\PROGRAM FILES\BORLAND\CBUILDER5\LIB\CP32MT.LIB|whsargv ACBP=A9
 0002:0000B314 00000004 C=DATA    S=_DATA    G=DGROUP   M=C:\PROGRAM FILES\BORLAND\CBUILDER5\LIB\CP32MT.LIB|wildptr ACBP=A9
 0002:0000B318 00000004 C=DATA    S=_DATA    G=DGROUP   M=C:\PROGRAM FILES\BORLAND\CBUILDER5\LIB\CP32MT.LIB|wwildptr ACBP=A9
 0002:0000B31C 00000020 C=DATA    S=_DATA    G=DGROUP   M=C:\PROGRAM FILES\BORLAND\CBUILDER5\LIB\CP32MT.LIB|setargv0 ACBP=A9
 0002:0000B33C 0000006C C=DATA    S=_DATA    G=DGROUP   M=C:\PROGRAM FILES\BORLAND\CBUILDER5\LIB\CP32MT.LIB|setenvp ACBP=A9
 0002:0000B3A8 0000005E C=DATA    S=_DATA    G=DGROUP   M=C:\PROGRAM FILES\BORLAND\CBUILDER5\LIB\CP32MT.LIB|signal ACBP=A9
 0002:0000B408 00000004 C=DATA    S=_DATA    G=DGROUP   M=C:\PROGRAM FILES\BORLAND\CBUILDER5\LIB\CP32MT.LIB|globals ACBP=A9
 0002:0000B40C 0000001C C=DATA    S=_DATA    G=DGROUP   M=C:\PROGRAM FILES\BORLAND\CBUILDER5\LIB\CP32MT.LIB|initexit ACBP=A9
 0002:0000B428 0000001C C=DATA    S=_DATA    G=DGROUP   M=C:\PROGRAM FILES\BORLAND\CBUILDER5\LIB\CP32MT.LIB|thrddata ACBP=A9
 0002:0000B444 00000014 C=DATA    S=_DATA    G=DGROUP   M=C:\PROGRAM FILES\BORLAND\CBUILDER5\LIB\CP32MT.LIB|_lock ACBP=A9
 0002:0000B458 000001C4 C=DATA    S=_DATA    G=DGROUP   M=C:\PROGRAM FILES\BORLAND\CBUILDER5\LIB\CP32MT.LIB|timedata ACBP=A9
 0002:0000B61C 00000008 C=DATA    S=_DATA    G=DGROUP   M=C:\PROGRAM FILES\BORLAND\CBUILDER5\LIB\CP32MT.LIB|tzdata ACBP=A9
 0002:0000B624 00000010 C=DATA    S=_DATA    G=DGROUP   M=C:\PROGRAM FILES\BORLAND\CBUILDER5\LIB\CP32MT.LIB|tzset ACBP=A9
 0002:0000B634 000013E8 C=DATA    S=_DATA    G=DGROUP   M=C:\PROGRAM FILES\BORLAND\CBUILDER5\LIB\CP32MT.LIB|xx ACBP=A9
 0002:0000CA1C 00000430 C=DATA    S=_DATA    G=DGROUP   M=<internal> ACBP=A9
 0003:00000000 0000001C C=BSS     S=_BSS     G=DGROUP   M=C:\PROGRAM FILES\BORLAND\CBUILDER5\LIB\OBJ\SYSINIT.OBJ ACBP=A9
 0003:0000001C 000237F0 C=BSS     S=_BSS     G=DGROUP   M=D:\STASIEK\MY PROJECTS\OBSOLETE\PROGS\SNAKE.VCL\WAZ_FORM.OBJ ACBP=A9
 0003:0002380C 00000008 C=BSS     S=_BSS     G=DGROUP   M=D:\STASIEK\MY PROJECTS\OBSOLETE\PROGS\SNAKE.VCL\OPC.OBJ ACBP=A9
 0003:00023814 00000004 C=BSS     S=_BSS     G=DGROUP   M=D:\STASIEK\MY PROJECTS\OBSOLETE\FORM_TEMPLATES\ABOUT_FRM.OBJ ACBP=A9
 0003:00023818 00000004 C=BSS     S=_BSS     G=DGROUP   M=C:\PROGRAM FILES\BORLAND\CBUILDER5\LIB\DEBUG\VCLX50.LIB|Outline ACBP=A9
 0003:0002381C 00000004 C=BSS     S=_BSS     G=DGROUP   M=C:\PROGRAM FILES\BORLAND\CBUILDER5\LIB\BCBSMP50.LIB|.\CCALENDR.CPP ACBP=A9
 0003:00023820 0000000C C=BSS     S=_BSS     G=DGROUP   M=C:\PROGRAM FILES\BORLAND\CBUILDER5\LIB\BCBSMP50.LIB|.\cdiroutl.cpp ACBP=A9
 0003:0002382C 00000004 C=BSS     S=_BSS     G=DGROUP   M=C:\PROGRAM FILES\BORLAND\CBUILDER5\LIB\BCBSMP50.LIB|.\CGAUGES.CPP ACBP=A9
 0003:00023830 00000004 C=BSS     S=_BSS     G=DGROUP   M=C:\PROGRAM FILES\BORLAND\CBUILDER5\LIB\BCBSMP50.LIB|.\CGRID.CPP ACBP=A9
 0003:00023834 00000004 C=BSS     S=_BSS     G=DGROUP   M=C:\PROGRAM FILES\BORLAND\CBUILDER5\LIB\BCBSMP50.LIB|.\CSPIN.CPP ACBP=A9
 0003:00023838 00000004 C=BSS     S=_BSS     G=DGROUP   M=C:\PROGRAM FILES\BORLAND\CBUILDER5\LIB\BCBSMP50.LIB|.\PERFGRAP.CPP ACBP=A9
 0003:0002383C 00000004 C=BSS     S=_BSS     G=DGROUP   M=C:\PROGRAM FILES\BORLAND\CBUILDER5\LIB\BCBSMP50.LIB|.\Trayicon.cpp ACBP=A9
 0003:00023840 00000004 C=BSS     S=_BSS     G=DGROUP   M=C:\PROGRAM FILES\BORLAND\CBUILDER5\LIB\DEBUG\VCL50.LIB|Contnrs ACBP=A9
 0003:00023844 00000004 C=BSS     S=_BSS     G=DGROUP   M=C:\PROGRAM FILES\BORLAND\CBUILDER5\LIB\DEBUG\VCL50.LIB|UrlMon ACBP=A9
 0003:00023848 00000004 C=BSS     S=_BSS     G=DGROUP   M=C:\PROGRAM FILES\BORLAND\CBUILDER5\LIB\DEBUG\VCL50.LIB|StdActns ACBP=A9
 0003:0002384C 00000004 C=BSS     S=_BSS     G=DGROUP   M=C:\PROGRAM FILES\BORLAND\CBUILDER5\LIB\DEBUG\VCL50.LIB|ImgList ACBP=A9
 0003:00023850 00000004 C=BSS     S=_BSS     G=DGROUP   M=C:\PROGRAM FILES\BORLAND\CBUILDER5\LIB\DEBUG\VCL50.LIB|ActnList ACBP=A9
 0003:00023854 00000004 C=BSS     S=_BSS     G=DGROUP   M=C:\PROGRAM FILES\BORLAND\CBUILDER5\LIB\DEBUG\VCL50.LIB|ToolWin ACBP=A9
 0003:00023858 00000004 C=BSS     S=_BSS     G=DGROUP   M=C:\PROGRAM FILES\BORLAND\CBUILDER5\LIB\DEBUG\VCL50.LIB|TypInfo ACBP=A9
 0003:0002385C 00000004 C=BSS     S=_BSS     G=DGROUP   M=C:\PROGRAM FILES\BORLAND\CBUILDER5\LIB\DEBUG\VCL50.LIB|StdCtrls ACBP=A9
 0003:00023860 00000004 C=BSS     S=_BSS     G=DGROUP   M=C:\PROGRAM FILES\BORLAND\CBUILDER5\LIB\DEBUG\VCL50.LIB|Printers ACBP=A9
 0003:00023864 00000010 C=BSS     S=_BSS     G=DGROUP   M=C:\PROGRAM FILES\BORLAND\CBUILDER5\LIB\DEBUG\VCL50.LIB|Menus ACBP=A9
 0003:00023874 00000004 C=BSS     S=_BSS     G=DGROUP   M=C:\PROGRAM FILES\BORLAND\CBUILDER5\LIB\DEBUG\VCL50.LIB|Mask ACBP=A9
 0003:00023878 00000004 C=BSS     S=_BSS     G=DGROUP   M=C:\PROGRAM FILES\BORLAND\CBUILDER5\LIB\DEBUG\VCL50.LIB|Grids ACBP=A9
 0003:0002387C 00000060 C=BSS     S=_BSS     G=DGROUP   M=C:\PROGRAM FILES\BORLAND\CBUILDER5\LIB\DEBUG\VCL50.LIB|Graphics ACBP=A9
 0003:000238DC 00000024 C=BSS     S=_BSS     G=DGROUP   M=C:\PROGRAM FILES\BORLAND\CBUILDER5\LIB\DEBUG\VCL50.LIB|Forms ACBP=A9
 0003:00023900 00000004 C=BSS     S=_BSS     G=DGROUP   M=C:\PROGRAM FILES\BORLAND\CBUILDER5\LIB\DEBUG\VCL50.LIB|ExtCtrls ACBP=A9
 0003:00023904 0000003C C=BSS     S=_BSS     G=DGROUP   M=C:\PROGRAM FILES\BORLAND\CBUILDER5\LIB\DEBUG\VCL50.LIB|Dialogs ACBP=A9
 0003:00023940 00000070 C=BSS     S=_BSS     G=DGROUP   M=C:\PROGRAM FILES\BORLAND\CBUILDER5\LIB\DEBUG\VCL50.LIB|Controls ACBP=A9
 0003:000239B0 00000004 C=BSS     S=_BSS     G=DGROUP   M=C:\PROGRAM FILES\BORLAND\CBUILDER5\LIB\DEBUG\VCL50.LIB|Consts ACBP=A9
 0003:000239B4 00000004 C=BSS     S=_BSS     G=DGROUP   M=C:\PROGRAM FILES\BORLAND\CBUILDER5\LIB\DEBUG\VCL50.LIB|ComStrs ACBP=A9
 0003:000239B8 00000034 C=BSS     S=_BSS     G=DGROUP   M=C:\PROGRAM FILES\BORLAND\CBUILDER5\LIB\DEBUG\VCL50.LIB|ComCtrls ACBP=A9
 0003:000239EC 0000000C C=BSS     S=_BSS     G=DGROUP   M=C:\PROGRAM FILES\BORLAND\CBUILDER5\LIB\DEBUG\VCL50.LIB|ClipBrd ACBP=A9
 0003:000239F8 0000003C C=BSS     S=_BSS     G=DGROUP   M=C:\PROGRAM FILES\BORLAND\CBUILDER5\LIB\DEBUG\VCL50.LIB|Classes ACBP=A9
 0003:00023A34 00000030 C=BSS     S=_BSS     G=DGROUP   M=C:\PROGRAM FILES\BORLAND\CBUILDER5\LIB\DEBUG\VCL50.LIB|Buttons ACBP=A9
 0003:00023A64 00000031 C=BSS     S=_BSS     G=DGROUP   M=C:\PROGRAM FILES\BORLAND\CBUILDER5\LIB\DEBUG\VCL50.LIB|MultiMon ACBP=A9
 0003:00023A98 00000034 C=BSS     S=_BSS     G=DGROUP   M=C:\PROGRAM FILES\BORLAND\CBUILDER5\LIB\DEBUG\VCL50.LIB|FlatSB ACBP=A9
 0003:00023ACC 00000004 C=BSS     S=_BSS     G=DGROUP   M=C:\PROGRAM FILES\BORLAND\CBUILDER5\LIB\DEBUG\VCL50.LIB|Winspool ACBP=A9
 0003:00023AD0 00000004 C=BSS     S=_BSS     G=DGROUP   M=C:\PROGRAM FILES\BORLAND\CBUILDER5\LIB\DEBUG\VCL50.LIB|Wininet ACBP=A9
 0003:00023AD4 00000004 C=BSS     S=_BSS     G=DGROUP   M=C:\PROGRAM FILES\BORLAND\CBUILDER5\LIB\DEBUG\VCL50.LIB|Windows ACBP=A9
 0003:00023AD8 00000004 C=BSS     S=_BSS     G=DGROUP   M=C:\PROGRAM FILES\BORLAND\CBUILDER5\LIB\DEBUG\VCL50.LIB|ShlObj ACBP=A9
 0003:00023ADC 00000004 C=BSS     S=_BSS     G=DGROUP   M=C:\PROGRAM FILES\BORLAND\CBUILDER5\LIB\DEBUG\VCL50.LIB|ShellApi ACBP=A9
 0003:00023AE0 00000004 C=BSS     S=_BSS     G=DGROUP   M=C:\PROGRAM FILES\BORLAND\CBUILDER5\LIB\DEBUG\VCL50.LIB|RichEdit ACBP=A9
 0003:00023AE4 00000004 C=BSS     S=_BSS     G=DGROUP   M=C:\PROGRAM FILES\BORLAND\CBUILDER5\LIB\DEBUG\VCL50.LIB|RegStr ACBP=A9
 0003:00023AE8 00000004 C=BSS     S=_BSS     G=DGROUP   M=C:\PROGRAM FILES\BORLAND\CBUILDER5\LIB\DEBUG\VCL50.LIB|ActiveX ACBP=A9
 0003:00023AEC 00000004 C=BSS     S=_BSS     G=DGROUP   M=C:\PROGRAM FILES\BORLAND\CBUILDER5\LIB\DEBUG\VCL50.LIB|Messages ACBP=A9
 0003:00023AF0 00000004 C=BSS     S=_BSS     G=DGROUP   M=C:\PROGRAM FILES\BORLAND\CBUILDER5\LIB\DEBUG\VCL50.LIB|Imm ACBP=A9
 0003:00023AF4 00000004 C=BSS     S=_BSS     G=DGROUP   M=C:\PROGRAM FILES\BORLAND\CBUILDER5\LIB\DEBUG\VCL50.LIB|Dlgs ACBP=A9
 0003:00023AF8 00000004 C=BSS     S=_BSS     G=DGROUP   M=C:\PROGRAM FILES\BORLAND\CBUILDER5\LIB\DEBUG\VCL50.LIB|CommDlg ACBP=A9
 0003:00023AFC 0000000C C=BSS     S=_BSS     G=DGROUP   M=C:\PROGRAM FILES\BORLAND\CBUILDER5\LIB\DEBUG\VCL50.LIB|CommCtrl ACBP=A9
 0003:00023B08 00000004 C=BSS     S=_BSS     G=DGROUP   M=C:\PROGRAM FILES\BORLAND\CBUILDER5\LIB\DEBUG\VCL50.LIB|Math ACBP=A9
 0003:00023B0C 00000004 C=BSS     S=_BSS     G=DGROUP   M=C:\PROGRAM FILES\BORLAND\CBUILDER5\LIB\DEBUG\VCL50.LIB|SysConst ACBP=A9
 0003:00023B10 0000011C C=BSS     S=_BSS     G=DGROUP   M=C:\PROGRAM FILES\BORLAND\CBUILDER5\LIB\DEBUG\VCL50.LIB|SysUtils ACBP=A9
 0003:00023C2C 000004D4 C=BSS     S=_BSS     G=DGROUP   M=C:\PROGRAM FILES\BORLAND\CBUILDER5\LIB\DEBUG\VCL50.LIB|System ACBP=A9
 0003:00024100 00000008 C=BSS     S=_BSS     G=DGROUP   M=C:\PROGRAM FILES\BORLAND\CBUILDER5\LIB\DCLUSR50.LIB|C:\Program Files\Borland\CBuilder5\Projects\OBSOLETE\PACKAGES\EXEDLG.CPP ACBP=A9
 0003:00024108 00000004 C=BSS     S=_BSS     G=DGROUP   M=C:\PROGRAM FILES\BORLAND\CBUILDER5\LIB\DCLUSR50.LIB|C:\Program Files\Borland\CBuilder5\Projects\OBSOLETE\PACKAGES\EXEINFO.CPP ACBP=A9
 0003:0002410C 00000004 C=BSS     S=_BSS     G=DGROUP   M=C:\PROGRAM FILES\BORLAND\CBUILDER5\LIB\DCLUSR50.LIB|C:\Program Files\Borland\CBuilder5\Projects\OBSOLETE\PACKAGES\EXERES.CPP ACBP=A9
 0003:00024110 00000008 C=BSS     S=_BSS     G=DGROUP   M=C:\PROGRAM FILES\BORLAND\CBUILDER5\LIB\CP32MT.LIB|setnew ACBP=A9
 0003:00024118 00000018 C=BSS     S=_BSS     G=DGROUP   M=C:\PROGRAM FILES\BORLAND\CBUILDER5\LIB\CP32MT.LIB|hrdir_b ACBP=A9
 0003:00024130 00000001 C=BSS     S=_BSS     G=DGROUP   M=C:\PROGRAM FILES\BORLAND\CBUILDER5\LIB\CP32MT.LIB|need_vcl ACBP=A9
 0003:00024134 0000002C C=BSS     S=_BSS     G=DGROUP   M=C:\PROGRAM FILES\BORLAND\CBUILDER5\LIB\CP32MT.LIB|predecl ACBP=A9
 0003:00024160 0000001C C=BSS     S=_BSS     G=DGROUP   M=C:\PROGRAM FILES\BORLAND\CBUILDER5\LIB\CP32MT.LIB|ios ACBP=A9
 0003:0002417C 00000004 C=BSS     S=_BSS     G=DGROUP   M=C:\PROGRAM FILES\BORLAND\CBUILDER5\LIB\CP32MT.LIB|char ACBP=A9
 0003:0002417C 00000030 C=BSS     S=_BSS     G=DGROUP   M=C:\PROGRAM FILES\BORLAND\CBUILDER5\LIB\CP32MT.LIB|rwlocale ACBP=A9
 0003:000241AC 0000001C C=BSS     S=_BSS     G=DGROUP   M=C:\PROGRAM FILES\BORLAND\CBUILDER5\LIB\CP32MT.LIB|stdexcpt ACBP=A9
 0003:000241C8 00000410 C=BSS     S=_BSS     G=DGROUP   M=C:\PROGRAM FILES\BORLAND\CBUILDER5\LIB\CP32MT.LIB|xxtype ACBP=A9
 0003:000245D8 00000008 C=BSS     S=_BSS     G=DGROUP   M=C:\PROGRAM FILES\BORLAND\CBUILDER5\LIB\CP32MT.LIB|xxv ACBP=A9
 0003:000245E0 00000008 C=BSS     S=_BSS     G=DGROUP   M=C:\PROGRAM FILES\BORLAND\CBUILDER5\LIB\CP32MT.LIB|except ACBP=A9
 0003:000245E8 00000190 C=BSS     S=_BSS     G=DGROUP   M=C:\PROGRAM FILES\BORLAND\CBUILDER5\LIB\CP32MT.LIB|files2 ACBP=A9
 0003:00024778 00000008 C=BSS     S=_BSS     G=DGROUP   M=C:\PROGRAM FILES\BORLAND\CBUILDER5\LIB\CP32MT.LIB|handles ACBP=A9
 0003:00024780 00000008 C=BSS     S=_BSS     G=DGROUP   M=C:\PROGRAM FILES\BORLAND\CBUILDER5\LIB\CP32MT.LIB|streams ACBP=A9
 0003:00024788 00000108 C=BSS     S=_BSS     G=DGROUP   M=C:\PROGRAM FILES\BORLAND\CBUILDER5\LIB\CP32MT.LIB|mbctype ACBP=A9
 0003:00024890 00000100 C=BSS     S=_BSS     G=DGROUP   M=C:\PROGRAM FILES\BORLAND\CBUILDER5\LIB\CP32MT.LIB|assert ACBP=A9
 0003:00024990 00000019 C=BSS     S=_BSS     G=DGROUP   M=C:\PROGRAM FILES\BORLAND\CBUILDER5\LIB\CP32MT.LIB|ermsghlp ACBP=A9
 0003:000249AC 00000004 C=BSS     S=_BSS     G=DGROUP   M=C:\PROGRAM FILES\BORLAND\CBUILDER5\LIB\CP32MT.LIB|platform ACBP=A9
 0003:000249B0 0000000C C=BSS     S=_BSS     G=DGROUP   M=C:\PROGRAM FILES\BORLAND\CBUILDER5\LIB\CP32MT.LIB|setargv ACBP=A9
 0003:000249BC 00000004 C=BSS     S=_BSS     G=DGROUP   M=C:\PROGRAM FILES\BORLAND\CBUILDER5\LIB\CP32MT.LIB|hsargv ACBP=A9
 0003:000249C0 00000004 C=BSS     S=_BSS     G=DGROUP   M=C:\PROGRAM FILES\BORLAND\CBUILDER5\LIB\CP32MT.LIB|whsargv ACBP=A9
 0003:000249C4 00000010 C=BSS     S=_BSS     G=DGROUP   M=C:\PROGRAM FILES\BORLAND\CBUILDER5\LIB\CP32MT.LIB|setenvp ACBP=A9
 0003:000249D4 00000044 C=BSS     S=_BSS     G=DGROUP   M=C:\PROGRAM FILES\BORLAND\CBUILDER5\LIB\CP32MT.LIB|globals ACBP=A9
 0003:00024A18 00000008 C=BSS     S=_BSS     G=DGROUP   M=C:\PROGRAM FILES\BORLAND\CBUILDER5\LIB\CP32MT.LIB|thrddata ACBP=A9
 0003:00024A20 00003004 C=BSS     S=_BSS     G=DGROUP   M=C:\PROGRAM FILES\BORLAND\CBUILDER5\LIB\CP32MT.LIB|_lock ACBP=A9
 0003:00027A24 00000008 C=BSS     S=_BSS     G=DGROUP   M=C:\PROGRAM FILES\BORLAND\CBUILDER5\LIB\CP32MT.LIB|tzset ACBP=A9
 0003:00027A2C 00000010 C=BSS     S=_BSS     G=DGROUP   M=C:\PROGRAM FILES\BORLAND\CBUILDER5\LIB\CP32MT.LIB|xx ACBP=A9
 0004:00000000 00000008 C=TLS     S=_TLS     G=DGROUP   M=C:\PROGRAM FILES\BORLAND\CBUILDER5\LIB\DEBUG\VCL50.LIB|Classes ACBP=A9
 0004:00000008 00000008 C=TLS     S=_TLS     G=DGROUP   M=C:\PROGRAM FILES\BORLAND\CBUILDER5\LIB\DEBUG\VCL50.LIB|System ACBP=A9
 0004:00000010 0000009C C=TLS     S=_TLS     G=DGROUP   M=C:\PROGRAM FILES\BORLAND\CBUILDER5\LIB\CP32MT.LIB|xxv ACBP=A9
 0004:000000AC 00000008 C=TLS     S=_TLS     G=DGROUP   M=C:\PROGRAM FILES\BORLAND\CBUILDER5\LIB\CP32MT.LIB|tls ACBP=A9

  Address         Publics by Name

 0001:0009B684      @$bdele$qpv
 0001:0009B694      @$bdla$qpv
 0001:0009B6B8      @$bnew$qui
 0001:0009D050      @$bnew$quipv
 0001:0009B85C      @$bnwa$qui
 0001:00007608      @$xp$10TAboutForm
 0001:000109E0      @$xp$10TBltBitmap
 0001:0000CDFC      @$xp$10TCCalendar
 0001:00098AA8      @$xp$10TExeDialog
 0001:000169A8      @$xp$10TGraphKind
 0001:00006414      @$xp$10TOpcjeForm
 0001:0003EBE4      @$xp$11Forms@TForm
 0001:000222DC      @$xp$11Menus@TMenu
 0001:00092A5C      @$xp$11System@Byte
 0001:00092A18      @$xp$11System@Char
 0001:000919D1      @$xp$11System@Text
 0001:00092A70      @$xp$11System@Word
 0001:000919D1      @$xp$11System@file
 0001:00012448      @$xp$11TCColorGrid
 0001:00010D7C      @$xp$11TCGaugeKind
 0001:0004070C      @$xp$12Forms@TFrame
 0001:000919D1      @$xp$12System@PChar
 0001:000919F6      @$xp$12System@PGUID
 0001:000919F6      @$xp$12System@TGUID
 0001:0009ABB0      @$xp$12TExeResource
 0001:000417A0      @$xp$13Forms@TScreen
 0001:00034514      @$xp$13Graphics@TPen
 0001:00091A22      @$xp$13System@PInt64
 0001:000919BD      @$xp$13System@Real48
 0001:000919B0      @$xp$13System@Single
 0001:000919D4      @$xp$13System@String
 0001:00012A48      @$xp$13TGridOrdering
 0001:00040E34      @$xp$14Forms@IOleForm
 0001:0003F748      @$xp$14Forms@TMonitor
 0001:000343B0      @$xp$14Graphics@TFont
 0001:00034D7C      @$xp$14Graphics@TIcon
 0001:0001DC50      @$xp$14Stdctrls@TEdit
 0001:0001E618      @$xp$14Stdctrls@TMemo
 0001:000929F0      @$xp$14System@Boolean
 0001:00092A44      @$xp$14System@Integer
 0001:00091A34      @$xp$14System@PVarRec
 0001:00091997      @$xp$14System@Pointer
 0001:00092AE8      @$xp$14System@TObject
 0001:00091A34      @$xp$14System@TVarRec
 0001:0008706C      @$xp$15Buttons@TBitBtn
 0001:000653C4      @$xp$15Comctrls@TWidth
 0001:000054B8      @$xp$15Controls@TAlign
 0001:0004E020      @$xp$15Extctrls@TImage
 0001:0004DEAC      @$xp$15Extctrls@TTimer
 0001:00040E08      @$xp$15Forms@IDesigner
 0001:0003F793      @$xp$15Forms@PHintInfo
 0001:0003F794      @$xp$15Forms@THintInfo
 0001:00040F08      @$xp$15Forms@TPosition
 0001:00034614      @$xp$15Graphics@TBrush
 0001:000056D8      @$xp$15Graphics@TColor
 0001:00021B0C      @$xp$15Menus@PMenuItem
 0001:000223B0      @$xp$15Menus@TMainMenu
 0001:00021F0C      @$xp$15Menus@TMenuItem
 0001:0001D3E4      @$xp$15Stdctrls@TLabel
 0001:00091998      @$xp$15System@Cardinal
 0001:00091988      @$xp$15System@Extended
 0001:00091A22      @$xp$15System@PVarData
 0001:00091A22      @$xp$15System@PVariant
 0001:00092A2C      @$xp$15System@Smallint
 0001:00091A22      @$xp$15System@TVarData
 0001:0009A180      @$xp$15TExeInformation
 0001:0007BC0C      @$xp$16Classes@TStrings
 0001:00064F9C      @$xp$16Comctrls@TUpDown
 0001:0004FC93      @$xp$16Controls@TCMDrag
 0001:00005534      @$xp$16Controls@TCursor
 0001:00014218      @$xp$16Cspin@TCSpinEdit
 0001:00004A00      @$xp$16Cspin@TCSpinEdit
 0001:000064A0      @$xp$16Cspin@TCSpinEdit
 0001:0003F768      @$xp$16Forms@PCursorRec
 0001:0003F768      @$xp$16Forms@TCursorRec
 0001:0003F746      @$xp$16Forms@TFormClass
 0001:00040E60      @$xp$16Forms@TFormStyle
 0001:0003FDB0      @$xp$16Forms@TScrollBox
 0001:0003F768      @$xp$16Forms@TTimerMode
 0001:00034C48      @$xp$16Graphics@TBitmap
 0001:000346E4      @$xp$16Graphics@TCanvas
 0001:00021B64      @$xp$16Menus@TMenuBreak
 0001:00022690      @$xp$16Menus@TPopupMenu
 0001:0001F0DC      @$xp$16Stdctrls@TButton
 0001:00091A22      @$xp$16System@PCurrency
 0001:00091A34      @$xp$16System@PDateTime
 0001:00091A22      @$xp$16System@PExtended
 0001:00091A22      @$xp$16System@PVarArray
 0001:000919D1      @$xp$16System@PWideChar
 0001:00091A24      @$xp$16System@TDateTime
 0001:00091A22      @$xp$16System@TVarArray
 0001:0008C4F2      @$xp$16Sysutils@LongRec
 0001:0008C4F2      @$xp$16Sysutils@TMethod
 0001:0008C4F2      @$xp$16Sysutils@WordRec
 0001:00018464      @$xp$16TTrayIconMessage
 0001:0007B17C      @$xp$17Classes@TBiDiMode
 0001:0007B200      @$xp$17Classes@TShortCut
 0001:0006342C      @$xp$17Comctrls@TAddMode
 0001:00066648      @$xp$17Comctrls@TToolBar
 0001:0004FC93      @$xp$17Controls@PDragRec
 0001:00050210      @$xp$17Controls@TAnchors
 0001:0004FC93      @$xp$17Controls@TCMFloat
 0001:00050200      @$xp$17Controls@TCaption
 0001:0004FCC4      @$xp$17Controls@TControl
 0001:0004FC93      @$xp$17Controls@TDragRec
 0001:00050D14      @$xp$17Controls@TImeMode
 0001:00050D9C      @$xp$17Controls@TImeName
 0001:00040EA8      @$xp$17Forms@TBorderIcon
 0001:00041050      @$xp$17Forms@TCloseEvent
 0001:0003EBC0      @$xp$17Forms@TCustomForm
 0001:00040FF0      @$xp$17Forms@TPrintScale
 0001:000348C0      @$xp$17Graphics@TGraphic
 0001:00033FCD      @$xp$17Graphics@TPenData
 0001:00033F1C      @$xp$17Graphics@TPenMode
 0001:00034968      @$xp$17Graphics@TPicture
 0001:00033EFF      @$xp$17Graphics@TResData
 0001:0002C5A8      @$xp$17Grids@TCustomGrid
 0001:00018454      @$xp$17System@AnsiString
 0001:000919C0      @$xp$17System@Openstring
 0001:00092A84      @$xp$17System@WideString
 0001:0008C4F2      @$xp$17Sysutils@Int64Rec
 0001:0008C514      @$xp$17Sysutils@PTextBuf
 0001:0008C514      @$xp$17Sysutils@TFileRec
 0001:0008C514      @$xp$17Sysutils@TTextBuf
 0001:0008C514      @$xp$17Sysutils@TTextRec
 0001:00016724      @$xp$17TPerformanceGraph
 0001:00086954      @$xp$18Buttons@TNumGlyphs
 0001:0000F230      @$xp$18Cdiroutl@TTextCase
 0001:0007B138      @$xp$18Classes@TAlignment
 0001:0007C404      @$xp$18Classes@TComponent
 0001:0007B23C      @$xp$18Classes@THelpEvent
 0001:0007A98C      @$xp$18Clipbrd@TClipboard
 0001:00063461      @$xp$18Comctrls@PNodeInfo
 0001:000656B8      @$xp$18Comctrls@TListItem
 0001:00063461      @$xp$18Comctrls@TNodeInfo
 0001:000649EC      @$xp$18Comctrls@TTickMark
 0001:00063488      @$xp$18Comctrls@TTrackBar
 0001:00063464      @$xp$18Comctrls@TTreeNode
 0001:000657EC      @$xp$18Comctrls@TWorkArea
 0001:0000D4A4      @$xp$18Controls@TDragKind
 0001:0000554C      @$xp$18Controls@TDragMode
 0001:0005042C      @$xp$18Controls@TKeyEvent
 0001:000501E8      @$xp$18Controls@TTabOrder
 0001:00006AAC      @$xp$18Cspin@TCSpinButton
 0001:00005010      @$xp$18Cspin@TCSpinButton
 0001:00014854      @$xp$18Cspin@TCSpinButton
 0001:0004187C      @$xp$18Forms@TApplication
 0001:00040EF0      @$xp$18Forms@TBorderIcons
 0001:0003FC68      @$xp$18Forms@TBorderStyle
 0001:0003EB9C      @$xp$18Forms@TCustomFrame
 0001:00041034      @$xp$18Forms@TModalResult
 0001:0003FA64      @$xp$18Forms@TWindowState
 0001:00034042      @$xp$18Graphics@PResource
 0001:00034044      @$xp$18Graphics@TFillMode
 0001:00033F1A      @$xp$18Graphics@TFontData
 0001:00034178      @$xp$18Graphics@TFontName
 0001:00034B04      @$xp$18Graphics@TMetafile
 0001:00034204      @$xp$18Graphics@TPenStyle
 0001:00034042      @$xp$18Graphics@TResource
 0001:0002C334      @$xp$18Grids@TInplaceEdit
 0001:00018A24      @$xp$18Imglist@TImageType
 0001:00022538      @$xp$18Menus@TTrackButton
 0001:00091A22      @$xp$18System@PAnsiString
 0001:00091A22      @$xp$18System@POleVariant
 0001:00091A22      @$xp$18System@PWideString
 0001:00091A34      @$xp$18System@PackageInfo
 0001:00091A34      @$xp$18System@THeapStatus
 0001:0008C5A8      @$xp$18Sysutils@Exception
 0001:0008CED4      @$xp$18Sysutils@TFileName
 0001:0008C564      @$xp$18Sysutils@TFloatRec
 0001:0008C5CC      @$xp$18Sysutils@TNameType
 0001:0009AC80      @$xp$18TExeResource@TKind
 0001:0001BB50      @$xp$18Toolwin@TEdgeStyle
 0001:00086EB4      @$xp$19Buttons@TBitBtnKind
 0001:0007BA28      @$xp$19Classes@TCollection
 0001:0007AFD4      @$xp$19Classes@TDuplicates
 0001:0007B124      @$xp$19Classes@TIdentToInt
 0001:0007B124      @$xp$19Classes@TIntToIdent
 0001:0007B010      @$xp$19Classes@TPersistent
 0001:0007B064      @$xp$19Classes@TStringItem
 0001:0007BD0C      @$xp$19Classes@TStringList
 0001:00063488      @$xp$19Comctrls@PNodeCache
 0001:00065740      @$xp$19Comctrls@TListItems
 0001:00063488      @$xp$19Comctrls@TNodeCache
 0001:000640A4      @$xp$19Comctrls@TStatusBar
 0001:00064A28      @$xp$19Comctrls@TTickStyle
 0001:0006474C      @$xp$19Comctrls@TTreeNodes
 0001:00065884      @$xp$19Comctrls@TWorkAreas
 0001:000516EC      @$xp$19Controls@TImageList
 0001:0003F7B4      @$xp$19Forms@TScrollBarInc
 0001:00034042      @$xp$19Graphics@TBrushData
 0001:0003413C      @$xp$19Graphics@TFontPitch
 0001:000341A4      @$xp$19Graphics@TFontStyle
 0001:00018A50      @$xp$19Imglist@TImageIndex
 0001:00021D50      @$xp$19Menus@TMenuAutoFlag
 0001:00091A22      @$xp$19System@PShortString
 0001:0008C4F2      @$xp$19Sysutils@PByteArray
 0001:0008C4F2      @$xp$19Sysutils@PWordArray
 0001:0008C4F2      @$xp$19Sysutils@TByteArray
 0001:0008C4F2      @$xp$19Sysutils@TProcedure
 0001:0008C4F4      @$xp$19Sysutils@TSearchRec
 0001:0008C5A8      @$xp$19Sysutils@TSysLocale
 0001:0008C564      @$xp$19Sysutils@TTimeStamp
 0001:0008C4F2      @$xp$19Sysutils@TWordArray
 0001:0001BAFC      @$xp$19Toolwin@TEdgeBorder
 0001:0001BCB0      @$xp$19Toolwin@TToolWindow
 0001:0001A7D0      @$xp$20Actnlist@TActionLink
 0001:00086918      @$xp$20Buttons@TButtonStyle
 0001:00086AB0      @$xp$20Buttons@TSpeedButton
 0001:0007B00F      @$xp$20Classes@PPointerList
 0001:0007B0D8      @$xp$20Classes@TBasicAction
 0001:0007B1E4      @$xp$20Classes@THelpContext
 0001:0007B218      @$xp$20Classes@TNotifyEvent
 0001:0007B00F      @$xp$20Classes@TPointerList
 0001:00063A88      @$xp$20Comctrls@TConversion
 0001:00065464      @$xp$20Comctrls@TListColumn
 0001:00065DA0      @$xp$20Comctrls@TToolButton
 0001:00014DBC      @$xp$20Controls@TAnchorKind
 0001:00006F50      @$xp$20Controls@TAnchorKind
 0001:000169D4      @$xp$20Controls@TAnchorKind
 0001:00012A88      @$xp$20Controls@TAnchorKind
 0001:0000F414      @$xp$20Controls@TAnchorKind
 0001:00010E34      @$xp$20Controls@TAnchorKind
 0001:00005E84      @$xp$20Controls@TAnchorKind
 0001:0000D590      @$xp$20Controls@TAnchorKind
 0001:0004FDD8      @$xp$20Controls@THintWindow
 0001:00050378      @$xp$20Controls@TMouseEvent
 0001:000511B4      @$xp$20Controls@TWinControl
 0001:000410C4      @$xp$20Forms@TShortCutEvent
 0001:00033FD0      @$xp$20Graphics@TBrushStyle
 0001:000341EC      @$xp$20Graphics@TFontStyles
 0001:00029204      @$xp$20Mask@TCustomMaskEdit
 0001:000225D8      @$xp$20Menus@TMenuAnimation
 0001:0000769C      @$xp$20Outline@TBitmapArray
 0001:000077CC      @$xp$20Outline@TOutlineNode
 0001:000077F4      @$xp$20Outline@TOutlineType
 0001:000188A8      @$xp$20Stdactns@THintAction
 0001:0001DAE0      @$xp$20Stdctrls@TCustomEdit
 0001:0001E4C4      @$xp$20Stdctrls@TCustomMemo
 0001:0001D194      @$xp$20Stdctrls@TTextLayout
 0001:0008C5CC      @$xp$20Sysutils@ExceptClass
 0001:0008C4F2      @$xp$20Sysutils@TIntegerSet
 0001:0008C4DC      @$xp$20Sysutils@TSysCharSet
 0001:0001BB38      @$xp$20Toolwin@TEdgeBorders
 0001:000868C4      @$xp$21Buttons@TButtonLayout
 0001:00063AD8      @$xp$21Comctrls@TIconOptions
 0001:0006561C      @$xp$21Comctrls@TListColumns
 0001:00063D1C      @$xp$21Comctrls@TStatusPanel
 0001:00050DC8      @$xp$21Controls@IDockManager
 0001:00050DAC      @$xp$21Controls@TBorderWidth
 0001:0004FC2C      @$xp$21Controls@TDragMessage
 0001:000506B0      @$xp$21Controls@TUnDockEvent
 0001:00041660      @$xp$21Forms@TCustomDockForm
 0001:00040FA0      @$xp$21Forms@TDefaultMonitor
 0001:0003F7D0      @$xp$21Forms@TScrollBarStyle
 0001:00034188      @$xp$21Graphics@TFontCharset
 0001:000189D8      @$xp$21Imglist@TDrawingStyle
 0001:00022574      @$xp$21Menus@TMenuAnimations
 0001:000224FC      @$xp$21Menus@TPopupAlignment
 0001:0001D2D8      @$xp$21Stdctrls@TCustomLabel
 0001:0000F310      @$xp$21Stdctrls@TScrollStyle
 0001:00091A34      @$xp$21System@PMemoryManager
 0001:00091A34      @$xp$21System@TMemoryManager
 0001:00091A22      @$xp$21System@TVarArrayBound
 0001:00091A34      @$xp$21System@UnitEntryTable
 0001:0008C514      @$xp$21Sysutils@TFloatFormat
 0001:0001BE38      @$xp$21Toolwin@TToolDockForm
 0001:0001AA70      @$xp$22Actnlist@TCustomAction
 0001:0007C2C4      @$xp$22Classes@TComponentName
 0001:0007B100      @$xp$22Classes@TIdentMapEntry
 0001:00064E6C      @$xp$22Comctrls@TCustomUpDown
 0001:00063EB4      @$xp$22Comctrls@TStatusPanels
 0001:00064C48      @$xp$22Comctrls@TUDClickEvent
 0001:0004FC93      @$xp$22Controls@TCMDockClient
 0001:0004FDA5      @$xp$22Controls@TControlClass
 0001:0004FDA5      @$xp$22Controls@TCreateParams
 0001:00050598      @$xp$22Controls@TEndDragEvent
 0001:00041088      @$xp$22Forms@TCloseQueryEvent
 0001:0003EBE3      @$xp$22Forms@TCustomFormClass
 0001:0000D42C      @$xp$22Forms@TFormBorderStyle
 0001:00021B9C      @$xp$22Menus@TMenuChangeEvent
 0001:000079FC      @$xp$22Outline@TCustomOutline
 0001:0000F3C0      @$xp$22Outline@TOutlineOption
 0001:0000782C      @$xp$22Outline@TOutlineOption
 0001:0001D944      @$xp$22Stdctrls@TEditCharCase
 0001:000919F6      @$xp$22System@PInterfaceEntry
 0001:000919F6      @$xp$22System@PInterfaceTable
 0001:00091A34      @$xp$22System@PUnitEntryTable
 0001:000919F6      @$xp$22System@TInterfaceEntry
 0001:000919F6      @$xp$22System@TInterfaceTable
 0001:0008C564      @$xp$22Sysutils@TMbcsByteType
 0001:0007C2D8      @$xp$23Classes@IDesignerNotify
 0001:0007BB00      @$xp$23Classes@IStringsAdapter
 0001:0007B085      @$xp$23Classes@PStringItemList
 0001:0007B038      @$xp$23Classes@TCollectionItem
 0001:0007B088      @$xp$23Classes@TStringItemList
 0001:00064BDC      @$xp$23Comctrls@TUDAlignButton
 0001:00064C0C      @$xp$23Comctrls@TUDOrientation
 0001:0004FC93      @$xp$23Controls@PDockNotifyRec
 0001:000500F8      @$xp$23Controls@TControlCanvas
 0001:00051434      @$xp$23Controls@TCustomControl
 0001:000505E4      @$xp$23Controls@TDockDropEvent
 0001:0004FC93      @$xp$23Controls@TDockNotifyRec
 0001:00050638      @$xp$23Controls@TDockOverEvent
 0001:0004FE28      @$xp$23Controls@TDockTreeClass
 0001:0005050C      @$xp$23Controls@TDragDropEvent
 0001:0005162C      @$xp$23Controls@TDragImageList
 0001:0005049C      @$xp$23Controls@TDragOverEvent
 0001:0005046C      @$xp$23Controls@TKeyPressEvent
 0001:000141EC      @$xp$23Cspin@TTimerSpeedButton
 0001:0003F87C      @$xp$23Forms@TControlScrollBar
 0001:0003EBC0      @$xp$23Forms@TCustomFrameClass
 0001:00034788      @$xp$23Graphics@TProgressEvent
 0001:00021D0C      @$xp$23Menus@TMenuItemAutoFlag
 0001:0001EF70      @$xp$23Stdctrls@TButtonControl
 0001:00091A34      @$xp$23System@PackageInfoTable
 0001:00091A34      @$xp$23System@PackageUnitEntry
 0001:00091A22      @$xp$23System@TInterfacedClass
 0001:0008C609      @$xp$23Sysutils@TTerminateProc
 0001:0007B0AC      @$xp$24Classes@TBasicActionLink
 0001:0007B00F      @$xp$24Classes@TListSortCompare
 0001:0007BAD4      @$xp$24Classes@TOwnedCollection
 0001:0007B035      @$xp$24Classes@TPersistentClass
 0001:00065B14      @$xp$24Comctrls@TCustomListView
 0001:00064980      @$xp$24Comctrls@TCustomTreeView
 0001:00063EDC      @$xp$24Comctrls@TDrawPanelEvent
 0001:0004FC93      @$xp$24Controls@TCMUnDockClient
 0001:000507C8      @$xp$24Controls@TCanResizeEvent
 0001:00050224      @$xp$24Controls@TConstraintSize
 0001:000512EC      @$xp$24Controls@TGraphicControl
 0001:000503DC      @$xp$24Controls@TMouseMoveEvent
 0001:0005070C      @$xp$24Controls@TStartDockEvent
 0001:00050558      @$xp$24Controls@TStartDragEvent
 0001:00034300      @$xp$24Graphics@IChangeNotifier
 0001:00033F00      @$xp$24Graphics@TFontStylesBase
 0001:000342D4      @$xp$24Graphics@TGraphicsObject
 0001:00018B10      @$xp$24Imglist@TCustomImageList
 0001:00021BE8      @$xp$24Menus@TMenuDrawItemEvent
 0001:000919F8      @$xp$24System@TInterfacedObject
 0001:0001A7F8      @$xp$25Actnlist@TActionLinkClass
 0001:0001A780      @$xp$25Actnlist@TContainedAction
 0001:0007B0FE      @$xp$25Classes@TBasicActionClass
 0001:00063AAE      @$xp$25Comctrls@TConversionClass
 0001:000658AC      @$xp$25Comctrls@TIconArrangement
 0001:00065B40      @$xp$25Comctrls@TToolButtonStyle
 0001:00064C80      @$xp$25Comctrls@TUDChangingEvent
 0001:0004FE00      @$xp$25Controls@TForEachZoneProc
 0001:0004FDFE      @$xp$25Controls@THintWindowClass
 0001:000508A0      @$xp$25Controls@TMouseWheelEvent
 0001:000502BC      @$xp$25Controls@TSizeConstraints
 0001:0008C609      @$xp$25Sysutils@TPackageInfoProc
 0001:0001A978      @$xp$26Actnlist@TCustomActionList
 0001:00063AAE      @$xp$26Comctrls@PConversionFormat
 0001:00063AB0      @$xp$26Comctrls@TConversionFormat
 0001:00063C54      @$xp$26Comctrls@TStatusPanelBevel
 0001:00063C1C      @$xp$26Comctrls@TStatusPanelStyle
 0001:00050750      @$xp$26Controls@TGetSiteInfoEvent
 0001:0003FBEC      @$xp$26Forms@TScrollingWinControl
 0001:00091A34      @$xp$26System@GetPackageInfoTable
 0001:0000EB0C      @$xp$27Cdiroutl@TCDirectoryOutline
 0001:00063BA0      @$xp$27Comctrls@TDTParseInputEvent
 0001:00066284      @$xp$27Comctrls@TTBCustomDrawEvent
 0001:00064CC0      @$xp$27Comctrls@TUDChangingEventEx
 0001:00050978      @$xp$27Controls@TContextPopupEvent
 0001:0004FC94      @$xp$27Controls@TControlActionLink
 0001:00021CAC      @$xp$27Menus@TMenuMeasureItemEvent
 0001:0008D93C      @$xp$27Sysutils@TActiveThreadArray
 0001:0007B061      @$xp$28Classes@TCollectionItemClass
 0001:0007B124      @$xp$28Classes@TFindGlobalComponent
 0001:00063AD7      @$xp$28Comctrls@PRichEditStreamInfo
 0001:00063AD7      @$xp$28Comctrls@TRichEditStreamInfo
 0001:0004FC93      @$xp$28Controls@TCMDockNotification
 0001:0007B0D6      @$xp$29Classes@TBasicActionLinkClass
 0001:000649AC      @$xp$29Comctrls@TTrackBarOrientation
 0001:0001A7CE      @$xp$30Actnlist@TContainedActionClass
 0001:0007B0A9      @$xp$30Classes@TStringListSortCompare
 0001:000662D4      @$xp$30Comctrls@TTBCustomDrawBtnEvent
 0001:00063B70      @$xp$30Comctrls@TToolButtonActionLink
 0001:0004FDA8      @$xp$30Controls@TWinControlActionLink
 0001:00050914      @$xp$31Controls@TMouseWheelUpDownEvent
 0001:00050824      @$xp$32Controls@TConstrainedResizeEvent
 0001:0004FCC1      @$xp$32Controls@TControlActionLinkClass
 0001:00021C44      @$xp$32Menus@TAdvancedMenuDrawItemEvent
 0001:00033ECC      @$xp$33Graphics@EInvalidGraphicOperation
 0001:00066344      @$xp$35Comctrls@TTBAdvancedCustomDrawEvent
 0001:00063BA0      @$xp$35Comctrls@TToolButtonActionLinkClass
 0001:0004FDD8      @$xp$35Controls@TWinControlActionLinkClass
 0001:000663B4      @$xp$38Comctrls@TTBAdvancedCustomDrawBtnEvent
 0001:00005500      @$xp$48System@%Set$t20Controls@TAnchorKind$iuc$0$iuc$3%
 0001:0000F300      @$xp$50System@%Set$t22Outline@TOutlineOption$iuc$0$iuc$2%
 0001:000919E0      @$xp$7HRESULT
 0001:00010A50      @$xp$7TCGauge
 0001:00092B08      @$xp$8IUnknown
 0001:00004804      @$xp$9TMainForm
 0001:000180D0      @$xp$9TTrayIcon
 0001:0000D490      @$xp$i
 0001:000056F0      @$xp$l
 0001:00005510      @$xp$o
 0001:00005580      @$xp$s
 0001:00005594      @$xp$ynpqqrp14System@TObject$v
 0001:00005778      @$xp$ynpqqrp14System@TObject21Controls@TMouseButton46System@%Set$t18Classes@Classes__1$iuc$0$iuc$6%ii$v
 0001:000057D8      @$xp$ynpqqrp14System@TObject46System@%Set$t18Classes@Classes__1$iuc$0$iuc$6%ii$v
 0001:0000F26C      @$xp$ynpqqrp14System@TObjecti$v
 0001:0000574C      @$xp$ynpqqrp14System@TObjectrc$v
 0001:000056A0      @$xp$ynpqqrp14System@TObjectrp20Controls@TDragObject$v
 0001:00005664      @$xp$ynpqqrp14System@TObjectrp24Controls@TDragDockObject$v
 0001:00005704      @$xp$ynpqqrp14System@TObjectrus46System@%Set$t18Classes@Classes__1$iuc$0$iuc$6%$v
 0001:000055B4      @$xp$ynpqqrp14System@TObjectt1ii$v
 0001:000055FC      @$xp$ynpqqrp14System@TObjectt1ii19Controls@TDragStatero$v
 0001:0000F298      @$xp$ynpqqrp20Controls@TWinControlirx13Windows@TRect47System@%Set$t18Windows@Windows__1$iuc$0$iuc$12%$v
 0001:00098DCC      @$xp$ynpqqruiuil$i
 0001:000075B4      @$xt$10TAboutForm
 0001:0001098C      @$xt$10TBltBitmap
 0001:0000CDA8      @$xt$10TCCalendar
 0001:00098A44      @$xt$10TExeDialog
 0001:000063C0      @$xt$10TOpcjeForm
 0001:00001D5C      @$xt$10std@locale
 0001:000045D0      @$xt$11Forms@TForm
 0001:000123F4      @$xt$11TCColorGrid
 0001:000006B8      @$xt$11THandleList
 0001:00004144      @$xt$11_RWSTDGuard
 0001:00005BC8      @$xt$11_RWSTDMutex
 0001:0009AB48      @$xt$12TExeResource
 0001:0009C140      @$xt$12std@bad_cast
 0001:000058A4      @$xt$12std@ios_base
 0001:0000455C      @$xt$13std@%ctype$c%
 0001:0009B748      @$xt$13std@bad_alloc
 0001:0009B7F8      @$xt$13std@exception
 0001:000A1844      @$xt$13std@mbstate_t
[...]
 0002:0000B270      __wexitargv_ptr
 0002:0000B274      __setargv__
 0002:0000B274      @D2078_1
 0002:0000B2C8      @D2080_1
 0002:0000B2C8      __cmdline_escapes
 0002:0000B2F0      @D2082_1
 0002:0000B314      __argv_expand_ptr
 0002:0000B314      @D2136_0
 0002:0000B318      @D2138_0
 0002:0000B318      __wargv_expand_ptr
 0002:0000B31C      @D2140_1
 0002:0000B31C      __argv0
 0002:0000B33C      @D2154_1
 0002:0000B33C      __setenvp__
 0002:0000B3A8      @D2158_1
 0002:0000B408      @D2175_0
 0002:0000B408      __isWindows
 0002:0000B40C      @D2177_1
 0002:0000B428      @D2199_1
 0002:0000B444      @D2205_1
 0002:0000B458      @D2219_0
 0002:0000B458      __SWeekday
 0002:0000B474      __LWeekday
 0002:0000B490      __SMonth
 0002:0000B4C0      __LMonth
 0002:0000B4F0      __AmPm
 0002:0000B4F8      __Days
 0002:0000B504      __YDays
 0002:0000B61C      __timezone
 0002:0000B61C      @D2225_1
 0002:0000B620      __daylight
 0002:0000B624      @D2227_1
 0002:0000B624      __tzname
 0002:0000B634      ___debuggerDisableTerminateCallback
 0002:0000B634      @D2283_1
 0002:0000CA1C      __indStub:115
 0002:0000CA20      __indStub:99
 0002:0000CA24      __indStub:117
 0002:0000CA28      __indStub:35210
 0002:0000CA2C      __indStub:4469
 0002:0000CA30      __indStub:4471
 0002:0000CA34      __indStub:119
 0002:0000CA38      __indStub:385
 0002:0000CA3C      __indStub:7829
 0002:0000CA40      __indStub:1776
 0002:0000CA44      __indStub:7758
 0002:0000CA48      __indStub:4920
 0002:0000CA4C      __indStub:9075
 0002:0000CA50      __indStub:7139
 0002:0000CA54      __indStub:7140
 0002:0000CA58      __indStub:7141
 0002:0000CA5C      __indStub:7151
 0002:0000CA60      __indStub:7148
 0002:0000CA64      __indStub:6084
 0002:0000CA68      __indStub:7138
 0002:0000CA6C      __indStub:9097
 0002:0000CA70      __indStub:9103
 0002:0000CA74      __indStub:9105
 0002:0000CA78      __indStub:9107
 0002:0000CA7C      __indStub:9109
 0002:0000CA80      __indStub:9111
 0002:0000CA84      __indStub:8951
 0002:0000CA88      __indStub:7765
 0002:0000CA8C      __indStub:7762
 0002:0000CA90      __indStub:7757
 0002:0000CA94      __indStub:7759
 0002:0000CA98      __indStub:7763
 0002:0000CA9C      __indStub:7764
 0002:0000CAA0      __indStub:6085
 0002:0000CAA4      __indStub:6086
 0002:0000CAA8      __indStub:6087
 0002:0000CAAC      __indStub:8221
 0002:0000CAB0      __indStub:6083
 0002:0000CAB4      __indStub:7761
 0002:0000CAB8      __indStub:8949
 0002:0000CABC      __indStub:8950
 0002:0000CAC0      __indStub:7142
 0002:0000CAC4      __indStub:7143
 0002:0000CAC8      __indStub:7144
 0002:0000CACC      __indStub:7145
 0002:0000CAD0      __indStub:9196
 0002:0000CAD4      __indStub:9198
 0002:0000CAD8      __indStub:9200
 0002:0000CADC      __indStub:9202
 0002:0000CAE0      __indStub:9204
 0002:0000CAE4      __indStub:9228
 0002:0000CAE8      __indStub:9230
 0002:0000CAEC      __indStub:9232
 0002:0000CAF0      __indStub:9234
 0002:0000CAF4      __indStub:9236
 0002:0000CAF8      __indStub:9238
 0002:0000CAFC      __indStub:9242
 0002:0000CB00      __indStub:9244
 0002:0000CB04      __indStub:9246
 0002:0000CB08      __indStub:9248
 0002:0000CB0C      __indStub:8429
 0002:0000CB10      __indStub:8430
 0002:0000CB14      __indStub:8431
 0002:0000CB18      __indStub:8432
 0002:0000CB1C      __indStub:8433
 0002:0000CB20      __indStub:8434
 0002:0000CB24      __indStub:8435
 0002:0000CB28      __indStub:8436
 0002:0000CB2C      __indStub:8443
 0002:0000CB30      __indStub:8437
 0002:0000CB34      __indStub:8438
 0002:0000CB38      __indStub:8439
 0002:0000CB3C      __indStub:8440
 0002:0000CB40      __indStub:8441
 0002:0000CB44      __indStub:8442
 0002:0000CB48      __indStub:6065
 0002:0000CB4C      __indStub:6066
 0002:0000CB50      __indStub:6067
 0002:0000CB54      __indStub:6068
 0002:0000CB58      __indStub:6069
 0002:0000CB5C      __indStub:6070
 0002:0000CB60      __indStub:6071
 0002:0000CB64      __indStub:6072
 0002:0000CB68      __indStub:6073
 0002:0000CB6C      __indStub:6074
 0002:0000CB70      __indStub:6075
 0002:0000CB74      __indStub:6076
 0002:0000CB78      __indStub:6077
 0002:0000CB7C      __indStub:6078
 0002:0000CB80      __indStub:6079
 0002:0000CB84      __indStub:6080
 0002:0000CB88      __indStub:6081
 0002:0000CB8C      __indStub:6082
 0002:0000CB90      __indStub:7152
 0002:0000CB94      __indStub:4919
 0002:0000CB98      __indStub:7760
 0002:0000CB9C      __indStub:8952
 0002:0000CBA0      __indStub:8953
 0002:0000CBA4      __indStub:8954
 0002:0000CBA8      __indStub:8955
 0002:0000CBAC      __indStub:9125
 0002:0000CBB0      __indStub:9641
 0002:0000CBB4      __indStub:9639
 0002:0000CBB8      __indStub:9291
 0002:0000CBBC      __indStub:9665
 0002:0000CBC0      __indStub:9643
 0002:0000CBC4      __indStub:9017
 0002:0000CBC8      __indStub:9336
 0002:0000CBCC      __indStub:9333
 0002:0000CBD0      __indStub:7843
 0002:0000CBD4      __indStub:7853
 0002:0000CBD8      __indStub:9033
 0002:0000CBDC      __indStub:9059
 0002:0000CBE0      __indStub:9145
 0002:0000CBE4      __indStub:9041
 0002:0000CBE8      __indStub:9043
 0002:0000CBEC      __indStub:9475
 0002:0000CBF0      __indStub:9348
 0002:0000CBF4      __indStub:9224
 0002:0000CBF8      __indStub:9047
 0002:0000CBFC      __indStub:9045
 0002:0000CC00      __indStub:9023
 0002:0000CC04      __indStub:9025
 0002:0000CC08      __indStub:9035
 0002:0000CC0C      __indStub:9019
 0002:0000CC10      __indStub:9021
 0002:0000CC14      __indStub:9027
 0002:0000CC18      __indStub:9029
 0002:0000CC1C      __indStub:9067
 0002:0000CC20      __indStub:9079
 0002:0000CC24      __indStub:9069
 0002:0000CC28      __indStub:9077
 0002:0000CC2C      __indStub:9081
 0002:0000CC30      __indStub:9055
 0002:0000CC34      __indStub:9057
 0002:0000CC38      __indStub:9167
 0002:0000CC3C      __indStub:9161
 0002:0000CC40      __indStub:9163
 0002:0000CC44      __indStub:9165
 0002:0000CC48      __indStub:9159
 0002:0000CC4C      __indStub:9155
 0002:0000CC50      __indStub:9153
 0002:0000CC54      __indStub:9157
 0002:0000CC58      __indStub:9151
 0002:0000CC5C      __indStub:9149
 0002:0000CC60      __indStub:7768
 0002:0000CC64      __indStub:7769
 0002:0000CC68      __indStub:7771
 0002:0000CC6C      __indStub:7770
 0002:0000CC70      __indStub:7751
 0002:0000CC74      __indStub:7752
 0002:0000CC78      __indStub:7753
 0002:0000CC7C      __indStub:7755
 0002:0000CC80      __indStub:13378
 0002:0000CC84      __indStub:13866
 0002:0000CC88      __indStub:5093
 0002:0000CC8C      __indStub:6143
 0002:0000CC90      __indStub:6144
 0002:0000CC94      __indStub:6146
 0002:0000CC98      __indStub:7180
 0002:0000CC9C      __indStub:1770
 0002:0000CCA0      __indStub:14154
 0002:0000CCA4      __indStub:14157
 0002:0000CCA8      __indStub:5092
 0002:0000CCAC      __indStub:13604
 0002:0000CCB0      __indStub:13616
 0002:0000CCB4      __indStub:13663
 0002:0000CCB8      __indStub:13665
 0002:0000CCBC      __indStub:13620
 0002:0000CCC0      __indStub:13693
 0002:0000CCC4      __indStub:13699
 0002:0000CCC8      __indStub:13701
 0002:0000CCCC      __indStub:13677
 0002:0000CCD0      __indStub:13679
 0002:0000CCD4      __indStub:13703
 0002:0000CCD8      __indStub:13653
 0002:0000CCDC      __indStub:13691
 0002:0000CCE0      __indStub:13618
 0002:0000CCE4      __indStub:13649
 0002:0000CCE8      __indStub:13715
 0002:0000CCEC      __indStub:13717
 0002:0000CCF0      __indStub:13697
 0002:0000CCF4      __indStub:13695
 0002:0000CCF8      __indStub:13689
 0002:0000CCFC      __indStub:13687
 0002:0000CD00      __indStub:13685
 0002:0000CD04      __indStub:13675
 0002:0000CD08      __indStub:13673
 0002:0000CD0C      __indStub:13671
 0002:0000CD10      __indStub:13655
 0002:0000CD14      __indStub:13657
 0002:0000CD18      __indStub:13659
 0002:0000CD1C      __indStub:13651
 0002:0000CD20      __indStub:13647
 0002:0000CD24      __indStub:13645
 0002:0000CD28      __indStub:13643
 0002:0000CD2C      __indStub:13641
 0002:0000CD30      __indStub:13638
 0002:0000CD34      __indStub:13636
 0002:0000CD38      __indStub:13634
 0002:0000CD3C      __indStub:13632
 0002:0000CD40      __indStub:13630
 0002:0000CD44      __indStub:13628
 0002:0000CD48      __indStub:13626
 0002:0000CD4C      __indStub:13624
 0002:0000CD50      __indStub:13622
 0002:0000CD54      __indStub:13795
 0002:0000CD58      __indStub:13793
 0002:0000CD5C      __indStub:13791
 0002:0000CD60      __indStub:13789
 0002:0000CD64      __indStub:13787
 0002:0000CD68      __indStub:13785
 0002:0000CD6C      __indStub:13783
 0002:0000CD70      __indStub:13781
 0002:0000CD74      __indStub:13779
 0002:0000CD78      __indStub:13777
 0002:0000CD7C      __indStub:13775
 0002:0000CD80      __indStub:13773
 0002:0000CD84      __indStub:13771
 0002:0000CD88      __indStub:13769
 0002:0000CD8C      __indStub:13767
 0002:0000CD90      __indStub:13765
 0002:0000CD94      __indStub:13763
 0002:0000CD98      __indStub:13761
 0002:0000CD9C      __indStub:13759
 0002:0000CDA0      __indStub:13757
 0002:0000CDA4      __indStub:13755
 0002:0000CDA8      __indStub:13753
 0002:0000CDAC      __indStub:13751
 0002:0000CDB0      __indStub:13749
 0002:0000CDB4      __indStub:13747
 0002:0000CDB8      __indStub:13745
 0002:0000CDBC      __indStub:13743
 0002:0000CDC0      __indStub:13741
 0002:0000CDC4      __indStub:13739
 0002:0000CDC8      __indStub:13737
 0002:0000CDCC      __indStub:13735
 0002:0000CDD0      __indStub:13733
 0002:0000CDD4      __indStub:13731
 0002:0000CDD8      __indStub:13729
 0002:0000CDDC      __indStub:13727
 0002:0000CDE0      __indStub:13725
 0002:0000CDE4      __indStub:13723
 0002:0000CDE8      __indStub:13721
 0002:0000CDEC      __indStub:13669
 0002:0000CDF0      __indStub:13667
 0002:0000CDF4      __indStub:12062
 0002:0000CDF8      __indStub:14239
 0002:0000CDFC      __indStub:14238
 0002:0000CE00      __indStub:14241
 0002:0000CE04      __indStub:14242
 0002:0000CE08      __indStub:14240
 0002:0000CE0C      __indStub:14243
 0002:0000CE10      __indStub:14244
 0002:0000CE14      __indStub:7951
 0002:0000CE18      __indStub:77
 0002:0000CE1C      __indStub:7953
 0002:0000CE20      __indStub:79
 0002:0000CE24      __indStub:7952
 0002:0000CE28      __indStub:81
 0002:0000CE2C      __indStub:80
 0002:0000CE30      __indStub:14756
 0002:0000CE34      __indStub:14232
 0002:0000CE38      __indStub:12067
 0002:0000CE3C      __indStub:14164
 0002:0000CE40      __indStub:9186
 0002:0000CE44      __indStub:9184
 0002:0000CE48      __indStub:9188
 0002:0000CE50      __TLS_index
 0003:00000000      @Sysinit@B2_2
 0003:00000000      @Sysinit@ModuleIsLib
 0003:00000001      @Sysinit@ModuleIsPackage
 0003:00000002      @Sysinit@ModuleIsCpp
 0003:00000004      @Sysinit@TlsIndex
 0003:00000008      @Sysinit@TlsLast
 0003:0000000C      @Sysinit@HInstance
 0003:00000010      @Sysinit@DllProc
 0003:0000001C      @Waz_form@B2400_2
 0003:0000001C      _MainForm
 0003:00000020      _plik
 0003:00000054      _plik_current
 0003:0000005C      _plik_search
 0003:000001B4      _plik_search_ret
 0003:000001B8      _bitmap
 0003:000001D8      _ruch
 0003:000201D8      _level
 0003:00021CF0      _gra
 0003:00023808      @Waz_form@B2400_3
 0003:0002380C      _OpcjeForm
 0003:0002380C      @Opc@B2401_2
 0003:00023810      @Opc@B2401_3
 0003:00023814      @B2402_2
 0003:00023814      _AboutForm
 0003:00023818      @Outline@B33_2
 0003:0002381C      @Ccalendr@B50_3
 0003:00023820      @Cdiroutl@TCDirectoryOutline@InvalidIndex
 0003:00023824      @Cdiroutl@TCDirectoryOutline@RootIndex
 0003:00023828      @Cdiroutl@B52_3
 0003:0002382C      @Cgauges@B54_3
 0003:00023830      @Cgrid@B56_3
 0003:00023834      @Cspin@B58_3
 0003:00023838      @Perfgrap@B64_3
 0003:0002383C      @Trayicon@B66_3
 0003:00023840      @Contnrs@B72_1
 0003:00023844      @Urlmon@B78_2
 0003:00023848      @Stdactns@B82_2
 0003:0002384C      @Imglist@B84_2
 0003:00023850      @Actnlist@B86_2
 0003:00023854      @Toolwin@B120_2
 0003:00023858      @Typinfo@B126_2
 0003:0002385C      @Stdctrls@B128_2
 0003:00023860      @Printers@B152_2
 0003:00023864      @Menus@B161_2
 0003:00023864      @Menus@PopupList
 0003:00023868      @Menus@ShortCutItems
 0003:00023874      @Mask@B165_2
 0003:00023878      @Grids@B169_2
 0003:0002387C      @Graphics@B170_2
 0003:0002387C      @Graphics@SystemPalette16
 0003:000238DC      @Forms@B171_2
 0003:000238DC      @Forms@Application
 0003:000238E0      @Forms@Screen
 0003:00023900      @Extctrls@B187_2
 0003:00023904      @Dialogs@B190_2
 0003:00023940      @Controls@Mouse
 0003:00023940      @Controls@B198_2
 0003:00023944      @Controls@NewStyleControls
 0003:000239B0      @Consts@B200_1
 0003:000239B4      @Comstrs@B202_1
 0003:000239B8      @Comctrls@B204_2
 0003:000239EC      @Clipbrd@B211_1
 0003:000239EC      @Clipbrd@CF_PICTURE
 0003:000239EE      @Clipbrd@CF_COMPONENT
 0003:000239F8      @Classes@GlobalNameSpace
 0003:000239F8      @Classes@B212_2
 0003:000239FC      @Classes@FindGlobalComponent
 0003:00023A34      @Buttons@B215_2
 0003:00023A64      @Multimon@GetSystemMetrics
 0003:00023A64      @Multimon@B222_1
 0003:00023A68      @Multimon@MonitorFromWindow
 0003:00023A6C      @Multimon@MonitorFromRect
 0003:00023A70      @Multimon@MonitorFromPoint
 0003:00023A74      @Multimon@GetMonitorInfoA
 0003:00023A78      @Multimon@GetMonitorInfoW
 0003:00023A7C      @Multimon@GetMonitorInfo
 0003:00023A80      @Multimon@EnumDisplayMonitors
 0003:00023A98      @Flatsb@B223_1
 0003:00023A98      @Flatsb@FlatSB_EnableScrollBar
 0003:00023A9C      @Flatsb@FlatSB_ShowScrollBar
 0003:00023AA0      @Flatsb@FlatSB_GetScrollRange
 0003:00023AA4      @Flatsb@FlatSB_GetScrollInfo
 0003:00023AA8      @Flatsb@FlatSB_GetScrollPos
 0003:00023AAC      @Flatsb@FlatSB_SetScrollPos
 0003:00023AB0      @Flatsb@FlatSB_SetScrollInfo
 0003:00023AB4      @Flatsb@FlatSB_SetScrollRange
 0003:00023ACC      @Winspool@B227_1
 0003:00023AD0      @Wininet@B231_1
 0003:00023AD4      @Windows@B232_2
 0003:00023AD8      @Shlobj@B235_2
 0003:00023ADC      @Shellapi@B242_1
 0003:00023AE0      @Richedit@B243_1
 0003:00023AE4      @Regstr@B244_1
 0003:00023AE8      @Activex@B249_2
 0003:00023AEC      @Messages@B254_1
 0003:00023AF0      @Imm@B263_1
 0003:00023AF4      @Dlgs@B264_1
 0003:00023AF8      @Commdlg@B267_1
 0003:00023AFC      @Commctrl@B268_1
 0003:00023B08      @Math@B269_2
 0003:00023B0C      @Sysconst@B276_1
 0003:00023B10      @Sysutils@CurrencyString
 0003:00023B10      @Sysutils@B277_2
 0003:00023B14      @Sysutils@CurrencyFormat
 0003:00023B15      @Sysutils@NegCurrFormat
 0003:00023B16      @Sysutils@ThousandSeparator
 0003:00023B17      @Sysutils@DecimalSeparator
 0003:00023B18      @Sysutils@CurrencyDecimals
 0003:00023B19      @Sysutils@DateSeparator
 0003:00023B1C      @Sysutils@ShortDateFormat
 0003:00023B20      @Sysutils@LongDateFormat
 0003:00023B24      @Sysutils@TimeSeparator
 0003:00023B28      @Sysutils@TimeAMString
 0003:00023B2C      @Sysutils@TimePMString
 0003:00023B30      @Sysutils@ShortTimeFormat
 0003:00023B34      @Sysutils@LongTimeFormat
 0003:00023B38      @Sysutils@ShortMonthNames
 0003:00023B68      @Sysutils@LongMonthNames
 0003:00023B98      @Sysutils@ShortDayNames
 0003:00023BB4      @Sysutils@LongDayNames
 0003:00023BD0      @Sysutils@SysLocale
 0003:00023BDC      @Sysutils@EraNames
 0003:00023BF8      @Sysutils@EraYearOffsets
 0003:00023C14      @Sysutils@ListSeparator
 0003:00023C2C      @System@ExceptProc
 0003:00023C2C      @System@B279_2
 0003:00023C30      @System@ErrorProc
 0003:00023C34      @System@ExceptClsProc
 0003:00023C38      @System@ExceptObjProc
 0003:00023C3C      @System@ExceptionClass
 0003:00023C40      @System@SafeCallErrorProc
 0003:00023C44      @System@AssertErrorProc
 0003:00023C48      @System@AbstractErrorProc
 0003:00023C4C      @System@HPrevInst
 0003:00023C50      @System@MainInstance
 0003:00023C54      @System@MainThreadID
 0003:00023C58      @System@IsLibrary
 0003:00023C5C      @System@CmdShow
 0003:00023C60      @System@CmdLine
 0003:00023C64      @System@InitProc
 0003:00023C68      @System@ExitCode
 0003:00023C6C      @System@ExitProc
 0003:00023C70      @System@ErrorAddr
 0003:00023C74      @System@RandSeed
 0003:00023C78      @System@IsConsole
 0003:00023C79      @System@IsMultiThread
 0003:00023C7A      @System@FileMode
 0003:00023C7B      @System@Test8086
 0003:00023C7C      @System@Test8087
 0003:00023C7D      @System@TestFDIV
 0003:00023C80      @System@Input
 0003:00023E4C      @System@Output
 0003:00024018      @System@ClearAnyProc
 0003:0002401C      @System@ChangeAnyProc
 0003:00024020      @System@RefAnyProc
 0003:00024024      @System@Unassigned
 0003:00024034      @System@Null
 0003:00024044      @System@EmptyParam
 0003:00024054      @System@AllocMemCount
 0003:00024058      @System@AllocMemSize
 0003:00024100      @Exedlg@B2422_2
 0003:00024104      @Exedlg@B2422_3
 0003:00024108      @Exeinfo@B2423_3
 0003:0002410C      @Exeres@B2424_3
 0003:00024110      @B599_2
 0003:00024110      __new_handler
 0003:00024114      ___bad_alloc
 0003:00024118      @B621_2
 0003:00024118      __bormm_pfn_FreeMem
 0003:0002411C      __bormm_pfn_GetMem
 0003:00024120      __bormm_pfn_ReallocMem
 0003:00024124      __bormm_pfn_HeapAddRef
 0003:00024128      __bormm_pfn_HeapRelease
 0003:00024130      ___Must_Link_VCL_Apps_With_The_CP32MT_Or_CP32MTI_RTL
 0003:00024130      @B639_0
 0003:00024134      @B649_2
 0003:00024160      @B663_2
 0003:0002417C      @B694_2
 0003:0002419C      @__rwstd@locale_id_imp@__last_used_id
 0003:000241A0      @std@locale@__the_classic_locale
 0003:000241A4      @std@locale@__the_native_locale
 0003:000241A8      @std@locale@__global
 0003:000241AC      @B710_2
 0003:000241AC      @__rwstd@__rw_error_msg_mutex
 0003:000241C8      @B918_2
 0003:000245D8      __DestructorCountPtr
 0003:000245D8      @B922_2
 0003:000245E0      @B928_2
 0003:000245E0      __HandlerPtr
 0003:000245E4      __UserHandlerPtr
 0003:000245E8      __pidtab
 0003:000245E8      @B1118_1
 0003:000246B0      __handles
 0003:00024778      @B1192_2
 0003:00024780      @B1294_2
 0003:00024788      @B1832_2
 0003:00024788      __mbctype
 0003:0002488C      __mbcsCodePage
 0003:00024890      @B1968_2
 0003:00024990      @B1984_2
 0003:000249AC      @B1996_2
 0003:000249AC      __ostype
 0003:000249B0      @B2078_2
 0003:000249B0      __argv
 0003:000249BC      @B2080_2
 0003:000249C0      @B2082_2
 0003:000249C4      @B2154_2
 0003:000249C4      __environ
 0003:000249CC      __envsize
 0003:000249D0      __env_lock
 0003:000249D4      @B2175_1
 0003:000249D4      __C0argc
 0003:000249D8      __C0argv
 0003:000249DC      __C0environ
 0003:000249E0      __oscmd
 0003:000249E4      __osenv
 0003:000249E8      __argc
 0003:000249EC      __dll_table
 0003:000249F4      __ExcRegPtr
 0003:000249F8      __wosenv
 0003:000249FC      __woscmd
 0003:00024A00      ___exit_lock
 0003:00024A04      __wC0argv
 0003:00024A08      __wC0environ
 0003:00024A0C      __exe_table
 0003:00024A14      __stkbase
 0003:00024A18      @B2199_2
 0003:00024A20      @B2205_2
 0003:00027A24      @B2227_2
 0003:00027A2C      @B2283_2
 0003:00027A30      ___pCPPdebugHook
 0004:00000000      @Classes@T212_3
 0004:00000008      @System@T279_3
 0004:00000010      @T922_3
 0004:00000010      ___xxInfo
 0004:000000AC      @T2191_1
 0004:000000AC      __stkindex
 0004:000000B0      __tlsindex
