
 Start         Length     Name                   Class
 0001:00401000 0000B6470H _TEXT                  CODE
 0002:004B8000 00000D3C0H _DATA                  DATA
 0003:004C53C0 000027A48H _BSS                   BSS
 0004:00000000 0000000B4H _TLS                   TLS


Detailed map of segments
 0001:00000000 0000014F C=CODE    S=_TEXT    G=(none)   M=C:\PROGRAM FILES\BORLAND\CBUILDER5\LIB\C0W32.OBJ ACBP=A9
 0001:0000014F 00000171 C=CODE    S=_TEXT    G=(none)   M=C:\PROGRAM FILES\BORLAND\CBUILDER5\LIB\OBJ\SYSINIT.OBJ ACBP=A9
 0001:000002C0 00000534 C=CODE    S=_TEXT    G=(none)   M=D:\STASIEK\MY PROJECTS\OBSOLETE\PROGS\SNAKE.VCL\WAZ.OBJ ACBP=A9
 0001:000007F4 00005B4D C=CODE    S=_TEXT    G=(none)   M=D:\STASIEK\MY PROJECTS\OBSOLETE\PROGS\SNAKE.VCL\WAZ_FORM.OBJ ACBP=A9
 0001:00006341 00000CE3 C=CODE    S=_TEXT    G=(none)   M=D:\STASIEK\MY PROJECTS\OBSOLETE\PROGS\SNAKE.VCL\OPC.OBJ ACBP=A9
 0001:00007024 00000778 C=CODE    S=_TEXT    G=(none)   M=D:\STASIEK\MY PROJECTS\OBSOLETE\FORM_TEMPLATES\ABOUT_FRM.OBJ ACBP=A9
 0001:00007750 00001568 C=CODE    S=_TEXT    G=(none)   M=C:\PROGRAM FILES\BORLAND\CBUILDER5\LIB\BCBSMP50.LIB|.\CCALENDR.CPP ACBP=A9
 0001:00008CB8 00001EBC C=CODE    S=_TEXT    G=(none)   M=C:\PROGRAM FILES\BORLAND\CBUILDER5\LIB\BCBSMP50.LIB|.\cdiroutl.cpp ACBP=A9
 0001:0000AB74 00001A20 C=CODE    S=_TEXT    G=(none)   M=C:\PROGRAM FILES\BORLAND\CBUILDER5\LIB\BCBSMP50.LIB|.\CGAUGES.CPP ACBP=A9
 0001:0000C594 00001C54 C=CODE    S=_TEXT    G=(none)   M=C:\PROGRAM FILES\BORLAND\CBUILDER5\LIB\BCBSMP50.LIB|.\CGRID.CPP ACBP=A9
 0001:0000E1E8 00002334 C=CODE    S=_TEXT    G=(none)   M=C:\PROGRAM FILES\BORLAND\CBUILDER5\LIB\BCBSMP50.LIB|.\CSPIN.CPP ACBP=A9
 0001:0001051C 00001C18 C=CODE    S=_TEXT    G=(none)   M=C:\PROGRAM FILES\BORLAND\CBUILDER5\LIB\BCBSMP50.LIB|.\PERFGRAP.CPP ACBP=A9
 0001:00012134 00001B60 C=CODE    S=_TEXT    G=(none)   M=C:\PROGRAM FILES\BORLAND\CBUILDER5\LIB\BCBSMP50.LIB|.\Trayicon.cpp ACBP=A9
 0001:00013C94 00000240 C=CODE    S=_TEXT    G=(none)   M=C:\PROGRAM FILES\BORLAND\CBUILDER5\LIB\DEBUG\VCL50.LIB|Contnrs ACBP=A9
 0001:00013ED4 00000038 C=CODE    S=_TEXT    G=(none)   M=C:\PROGRAM FILES\BORLAND\CBUILDER5\LIB\DEBUG\VCL50.LIB|UrlMon ACBP=A9
 0001:00013F0C 00000170 C=CODE    S=_TEXT    G=(none)   M=C:\PROGRAM FILES\BORLAND\CBUILDER5\LIB\DEBUG\VCL50.LIB|StdActns ACBP=A9
 0001:0001407C 00001E08 C=CODE    S=_TEXT    G=(none)   M=C:\PROGRAM FILES\BORLAND\CBUILDER5\LIB\DEBUG\VCL50.LIB|ImgList ACBP=A9
 0001:00015E84 0000137C C=CODE    S=_TEXT    G=(none)   M=C:\PROGRAM FILES\BORLAND\CBUILDER5\LIB\DEBUG\VCL50.LIB|ActnList ACBP=A9
 0001:00017200 00000C64 C=CODE    S=_TEXT    G=(none)   M=C:\PROGRAM FILES\BORLAND\CBUILDER5\LIB\DEBUG\VCL50.LIB|ToolWin ACBP=A9
 0001:00017E64 00000A34 C=CODE    S=_TEXT    G=(none)   M=C:\PROGRAM FILES\BORLAND\CBUILDER5\LIB\DEBUG\VCL50.LIB|TypInfo ACBP=A9
 0001:00018898 00004934 C=CODE    S=_TEXT    G=(none)   M=C:\PROGRAM FILES\BORLAND\CBUILDER5\LIB\DEBUG\VCL50.LIB|StdCtrls ACBP=A9
 0001:0001D1CC 00000044 C=CODE    S=_TEXT    G=(none)   M=C:\PROGRAM FILES\BORLAND\CBUILDER5\LIB\DEBUG\VCL50.LIB|Printers ACBP=A9
 0001:0001D210 000074F3 C=CODE    S=_TEXT    G=(none)   M=C:\PROGRAM FILES\BORLAND\CBUILDER5\LIB\DEBUG\VCL50.LIB|Menus ACBP=A9
 0001:00024703 00003149 C=CODE    S=_TEXT    G=(none)   M=C:\PROGRAM FILES\BORLAND\CBUILDER5\LIB\DEBUG\VCL50.LIB|Mask ACBP=A9
 0001:0002784C 00007D84 C=CODE    S=_TEXT    G=(none)   M=C:\PROGRAM FILES\BORLAND\CBUILDER5\LIB\DEBUG\VCL50.LIB|Grids ACBP=A9
 0001:0002F5D0 0000ACCF C=CODE    S=_TEXT    G=(none)   M=C:\PROGRAM FILES\BORLAND\CBUILDER5\LIB\DEBUG\VCL50.LIB|Graphics ACBP=A9
 0001:0003A2A0 0000F30F C=CODE    S=_TEXT    G=(none)   M=C:\PROGRAM FILES\BORLAND\CBUILDER5\LIB\DEBUG\VCL50.LIB|Forms ACBP=A9
 0001:000495B0 00002B84 C=CODE    S=_TEXT    G=(none)   M=C:\PROGRAM FILES\BORLAND\CBUILDER5\LIB\DEBUG\VCL50.LIB|ExtCtrls ACBP=A9
 0001:0004C134 00000C35 C=CODE    S=_TEXT    G=(none)   M=C:\PROGRAM FILES\BORLAND\CBUILDER5\LIB\DEBUG\VCL50.LIB|Dialogs ACBP=A9
 0001:0004CD6C 000135D4 C=CODE    S=_TEXT    G=(none)   M=C:\PROGRAM FILES\BORLAND\CBUILDER5\LIB\DEBUG\VCL50.LIB|Controls ACBP=A9
 0001:00060340 00000458 C=CODE    S=_TEXT    G=(none)   M=C:\PROGRAM FILES\BORLAND\CBUILDER5\LIB\DEBUG\VCL50.LIB|Consts ACBP=A9
 0001:00060798 00000058 C=CODE    S=_TEXT    G=(none)   M=C:\PROGRAM FILES\BORLAND\CBUILDER5\LIB\DEBUG\VCL50.LIB|ComStrs ACBP=A9
 0001:000607F0 00017540 C=CODE    S=_TEXT    G=(none)   M=C:\PROGRAM FILES\BORLAND\CBUILDER5\LIB\DEBUG\VCL50.LIB|ComCtrls ACBP=A9
 0001:00077D30 000006AC C=CODE    S=_TEXT    G=(none)   M=C:\PROGRAM FILES\BORLAND\CBUILDER5\LIB\DEBUG\VCL50.LIB|ClipBrd ACBP=A9
 0001:000783DC 0000B8EF C=CODE    S=_TEXT    G=(none)   M=C:\PROGRAM FILES\BORLAND\CBUILDER5\LIB\DEBUG\VCL50.LIB|Classes ACBP=A9
 0001:00083CCB 000039DE C=CODE    S=_TEXT    G=(none)   M=C:\PROGRAM FILES\BORLAND\CBUILDER5\LIB\DEBUG\VCL50.LIB|Buttons ACBP=A9
 0001:000876A9 0000088E C=CODE    S=_TEXT    G=(none)   M=C:\PROGRAM FILES\BORLAND\CBUILDER5\LIB\DEBUG\VCL50.LIB|MultiMon ACBP=A9
 0001:00087F37 0000036C C=CODE    S=_TEXT    G=(none)   M=C:\PROGRAM FILES\BORLAND\CBUILDER5\LIB\DEBUG\VCL50.LIB|FlatSB ACBP=A9
 0001:000882A3 00000039 C=CODE    S=_TEXT    G=(none)   M=C:\PROGRAM FILES\BORLAND\CBUILDER5\LIB\DEBUG\VCL50.LIB|Winspool ACBP=A9
 0001:000882DC 00000038 C=CODE    S=_TEXT    G=(none)   M=C:\PROGRAM FILES\BORLAND\CBUILDER5\LIB\DEBUG\VCL50.LIB|Wininet ACBP=A9
 0001:00088314 000002E4 C=CODE    S=_TEXT    G=(none)   M=C:\PROGRAM FILES\BORLAND\CBUILDER5\LIB\DEBUG\VCL50.LIB|Windows ACBP=A9
 0001:000885F8 00000038 C=CODE    S=_TEXT    G=(none)   M=C:\PROGRAM FILES\BORLAND\CBUILDER5\LIB\DEBUG\VCL50.LIB|ShlObj ACBP=A9
 0001:00088630 00000038 C=CODE    S=_TEXT    G=(none)   M=C:\PROGRAM FILES\BORLAND\CBUILDER5\LIB\DEBUG\VCL50.LIB|ShellApi ACBP=A9
 0001:00088668 00000038 C=CODE    S=_TEXT    G=(none)   M=C:\PROGRAM FILES\BORLAND\CBUILDER5\LIB\DEBUG\VCL50.LIB|RichEdit ACBP=A9
 0001:000886A0 00000038 C=CODE    S=_TEXT    G=(none)   M=C:\PROGRAM FILES\BORLAND\CBUILDER5\LIB\DEBUG\VCL50.LIB|RegStr ACBP=A9
 0001:000886D8 00000038 C=CODE    S=_TEXT    G=(none)   M=C:\PROGRAM FILES\BORLAND\CBUILDER5\LIB\DEBUG\VCL50.LIB|ActiveX ACBP=A9
 0001:00088710 00000038 C=CODE    S=_TEXT    G=(none)   M=C:\PROGRAM FILES\BORLAND\CBUILDER5\LIB\DEBUG\VCL50.LIB|Messages ACBP=A9
 0001:00088748 00000038 C=CODE    S=_TEXT    G=(none)   M=C:\PROGRAM FILES\BORLAND\CBUILDER5\LIB\DEBUG\VCL50.LIB|Imm ACBP=A9
 0001:00088780 00000038 C=CODE    S=_TEXT    G=(none)   M=C:\PROGRAM FILES\BORLAND\CBUILDER5\LIB\DEBUG\VCL50.LIB|Dlgs ACBP=A9
 0001:000887B8 00000038 C=CODE    S=_TEXT    G=(none)   M=C:\PROGRAM FILES\BORLAND\CBUILDER5\LIB\DEBUG\VCL50.LIB|CommDlg ACBP=A9
 0001:000887F0 00000D94 C=CODE    S=_TEXT    G=(none)   M=C:\PROGRAM FILES\BORLAND\CBUILDER5\LIB\DEBUG\VCL50.LIB|CommCtrl ACBP=A9
 0001:00089584 00000090 C=CODE    S=_TEXT    G=(none)   M=C:\PROGRAM FILES\BORLAND\CBUILDER5\LIB\DEBUG\VCL50.LIB|Math ACBP=A9
 0001:00089614 000002D0 C=CODE    S=_TEXT    G=(none)   M=C:\PROGRAM FILES\BORLAND\CBUILDER5\LIB\DEBUG\VCL50.LIB|SysConst ACBP=A9
 0001:000898E4 000054AC C=CODE    S=_TEXT    G=(none)   M=C:\PROGRAM FILES\BORLAND\CBUILDER5\LIB\DEBUG\VCL50.LIB|SysUtils ACBP=A9
 0001:0008ED90 00006560 C=CODE    S=_TEXT    G=(none)   M=C:\PROGRAM FILES\BORLAND\CBUILDER5\LIB\DEBUG\VCL50.LIB|System ACBP=A9
 0001:000952F0 00001129 C=CODE    S=_TEXT    G=(none)   M=C:\PROGRAM FILES\BORLAND\CBUILDER5\LIB\DCLUSR50.LIB|D:\stasiek\My Projects\OBSOLETE\PACKAGES\ADVBAR.CPP ACBP=A9
 0001:00096419 00000F3F C=CODE    S=_TEXT    G=(none)   M=C:\PROGRAM FILES\BORLAND\CBUILDER5\LIB\DCLUSR50.LIB|D:\stasiek\My Projects\OBSOLETE\PACKAGES\EXEDLG.CPP ACBP=A9
 0001:00097358 00001750 C=CODE    S=_TEXT    G=(none)   M=C:\PROGRAM FILES\BORLAND\CBUILDER5\LIB\DCLUSR50.LIB|D:\stasiek\My Projects\OBSOLETE\PACKAGES\EXEINFO.CPP ACBP=A9
 0001:00098AA8 00000888 C=CODE    S=_TEXT    G=(none)   M=C:\PROGRAM FILES\BORLAND\CBUILDER5\LIB\DCLUSR50.LIB|D:\stasiek\My Projects\OBSOLETE\PACKAGES\EXERES.CPP ACBP=A9
 0001:00099330 000010CC C=CODE    S=_TEXT    G=(none)   M=C:\PROGRAM FILES\BORLAND\CBUILDER5\LIB\DCLUSR50.LIB|D:\stasiek\My Projects\OBSOLETE\PACKAGES\FRAMEPAN.CPP ACBP=A9
 0001:0009A3FC 0000495C C=CODE    S=_TEXT    G=(none)   M=C:\PROGRAM FILES\BORLAND\CBUILDER5\LIB\DEBUG\VCLX.LIB|Outline ACBP=A9
 0001:0009ED58 00000022 C=CODE    S=_TEXT    G=(none)   M=C:\PROGRAM FILES\BORLAND\CBUILDER5\LIB\DEBUG\VCLE.LIB|_t_Contr ACBP=A9
 0001:0009ED75 00000015 C=CODE    S=_TEXT    G=(none)   M=C:\PROGRAM FILES\BORLAND\CBUILDER5\LIB\DEBUG\VCLE.LIB|_t_Forms ACBP=A9
 0001:0009ED85 00000025 C=CODE    S=_TEXT    G=(none)   M=C:\PROGRAM FILES\BORLAND\CBUILDER5\LIB\DEBUG\VCLE.LIB|_t_Graph ACBP=A9
 0001:0009EDA5 000007A7 C=CODE    S=_TEXT    G=(none)   M=C:\PROGRAM FILES\BORLAND\CBUILDER5\LIB\DEBUG\VCLE.LIB|dstring ACBP=A9
 0001:0009F500 000000E0 C=CODE    S=_TEXT    G=(none)   M=C:\PROGRAM FILES\BORLAND\CBUILDER5\LIB\DEBUG\VCLE.LIB|syssupp ACBP=A9
 0001:0009F590 00000156 C=CODE    S=_TEXT    G=(none)   M=C:\PROGRAM FILES\BORLAND\CBUILDER5\LIB\DEBUG\VCLE.LIB|vclinit ACBP=A9
 0001:0009F698 00000031 C=CODE    S=_TEXT    G=(none)   M=C:\PROGRAM FILES\BORLAND\CBUILDER5\LIB\DEBUG\VCLE.LIB|classcre ACBP=A9
 0001:0009F6CC 00000007 C=CODE    S=_TEXT    G=(none)   M=C:\PROGRAM FILES\BORLAND\CBUILDER5\LIB\VCL.LIB|vclstd ACBP=A9
 0001:0009F6D4 0000002B C=CODE    S=_TEXT    G=(none)   M=C:\PROGRAM FILES\BORLAND\CBUILDER5\LIB\CP32MT.LIB|calloc ACBP=A9
 0001:0009F700 0000000F C=CODE    S=_TEXT    G=(none)   M=C:\PROGRAM FILES\BORLAND\CBUILDER5\LIB\CP32MT.LIB|del ACBP=A9
 0001:0009F710 0000000F C=CODE    S=_TEXT    G=(none)   M=C:\PROGRAM FILES\BORLAND\CBUILDER5\LIB\CP32MT.LIB|delarray ACBP=A9
 0001:0009F720 000001B6 C=CODE    S=_TEXT    G=(none)   M=C:\PROGRAM FILES\BORLAND\CBUILDER5\LIB\CP32MT.LIB|new ACBP=A9
 0001:0009F8D8 0000000F C=CODE    S=_TEXT    G=(none)   M=C:\PROGRAM FILES\BORLAND\CBUILDER5\LIB\CP32MT.LIB|newarray ACBP=A9
 0001:0009F8E8 000000DB C=CODE    S=_TEXT    G=(none)   M=C:\PROGRAM FILES\BORLAND\CBUILDER5\LIB\CP32MT.LIB|setnew ACBP=A9
 0001:0009F9BC 0000015F C=CODE    S=_TEXT    G=(none)   M=C:\PROGRAM FILES\BORLAND\CBUILDER5\LIB\CP32MT.LIB|vdelldtc ACBP=A9
 0001:0009FB1C 000001BB C=CODE    S=_TEXT    G=(none)   M=C:\PROGRAM FILES\BORLAND\CBUILDER5\LIB\CP32MT.LIB|vnewldtc ACBP=A9
 0001:0009FCD8 000001CD C=CODE    S=_TEXT    G=(none)   M=C:\PROGRAM FILES\BORLAND\CBUILDER5\LIB\CP32MT.LIB|hrdir_b ACBP=A9
 0001:0009FEA8 0000006F C=CODE    S=_TEXT    G=(none)   M=C:\PROGRAM FILES\BORLAND\CBUILDER5\LIB\CP32MT.LIB|hrdir_bh ACBP=A9
 0001:0009FF18 00000020 C=CODE    S=_TEXT    G=(none)   M=C:\PROGRAM FILES\BORLAND\CBUILDER5\LIB\CP32MT.LIB|hrdir_mf ACBP=A9
 0001:0009FF38 00000016 C=CODE    S=_TEXT    G=(none)   M=C:\PROGRAM FILES\BORLAND\CBUILDER5\LIB\CP32MT.LIB|hrdir_r ACBP=A9
 0001:0009FF50 000000B8 C=CODE    S=_TEXT    G=(none)   M=C:\PROGRAM FILES\BORLAND\CBUILDER5\LIB\CP32MT.LIB|hrdir_s ACBP=A9
 0001:000A0008 00000001 C=CODE    S=_TEXT    G=(none)   M=C:\PROGRAM FILES\BORLAND\CBUILDER5\LIB\CP32MT.LIB|hrdir_us ACBP=A9
 0001:000A000C 00000095 C=CODE    S=_TEXT    G=(none)   M=C:\PROGRAM FILES\BORLAND\CBUILDER5\LIB\CP32MT.LIB|pheap ACBP=A9
 0001:000A00A1 00000042 C=CODE    S=_TEXT    G=(none)   M=C:\PROGRAM FILES\BORLAND\CBUILDER5\LIB\CP32MT.LIB|crtlvcl ACBP=A9
 0001:000A00E2 0000002F C=CODE    S=_TEXT    G=(none)   M=C:\PROGRAM FILES\BORLAND\CBUILDER5\LIB\CP32MT.LIB|syshook ACBP=A9
 0001:000A0114 00000114 C=CODE    S=_TEXT    G=(none)   M=C:\PROGRAM FILES\BORLAND\CBUILDER5\LIB\CP32MT.LIB|predecl ACBP=A9
 0001:000A01FC 00005978 C=CODE    S=_TEXT    G=(none)   M=C:\PROGRAM FILES\BORLAND\CBUILDER5\LIB\CP32MT.LIB|allstl ACBP=A9
 0001:000A5B4C 00000518 C=CODE    S=_TEXT    G=(none)   M=C:\PROGRAM FILES\BORLAND\CBUILDER5\LIB\CP32MT.LIB|ios ACBP=A9
 0001:000A6008 00000639 C=CODE    S=_TEXT    G=(none)   M=C:\PROGRAM FILES\BORLAND\CBUILDER5\LIB\CP32MT.LIB|char ACBP=A9
 0001:000A6618 00000416 C=CODE    S=_TEXT    G=(none)   M=C:\PROGRAM FILES\BORLAND\CBUILDER5\LIB\CP32MT.LIB|charby ACBP=A9
 0001:000A69EC 0000160A C=CODE    S=_TEXT    G=(none)   M=C:\PROGRAM FILES\BORLAND\CBUILDER5\LIB\CP32MT.LIB|rwlocale ACBP=A9
 0001:000A7FB3 00000163 C=CODE    S=_TEXT    G=(none)   M=C:\PROGRAM FILES\BORLAND\CBUILDER5\LIB\CP32MT.LIB|vendor ACBP=A9
 0001:000A80FC 00000451 C=CODE    S=_TEXT    G=(none)   M=C:\PROGRAM FILES\BORLAND\CBUILDER5\LIB\CP32MT.LIB|stdexcpt ACBP=A9
 0001:000A84CC 0000001E C=CODE    S=_TEXT    G=(none)   M=C:\PROGRAM FILES\BORLAND\CBUILDER5\LIB\CP32MT.LIB|memchr ACBP=A9
 0001:000A84EC 00000024 C=CODE    S=_TEXT    G=(none)   M=C:\PROGRAM FILES\BORLAND\CBUILDER5\LIB\CP32MT.LIB|memcpy ACBP=A9
 0001:000A8510 0000004A C=CODE    S=_TEXT    G=(none)   M=C:\PROGRAM FILES\BORLAND\CBUILDER5\LIB\CP32MT.LIB|memmove ACBP=A9
 0001:000A855C 0000008A C=CODE    S=_TEXT    G=(none)   M=C:\PROGRAM FILES\BORLAND\CBUILDER5\LIB\CP32MT.LIB|memset ACBP=A9
 0001:000A85E8 00000018 C=CODE    S=_TEXT    G=(none)   M=C:\PROGRAM FILES\BORLAND\CBUILDER5\LIB\CP32MT.LIB|wmemset ACBP=A9
 0001:000A8600 0000003C C=CODE    S=_TEXT    G=(none)   M=C:\PROGRAM FILES\BORLAND\CBUILDER5\LIB\CP32MT.LIB|strcat ACBP=A9
 0001:000A863C 00000053 C=CODE    S=_TEXT    G=(none)   M=C:\PROGRAM FILES\BORLAND\CBUILDER5\LIB\CP32MT.LIB|strchr ACBP=A9
 0001:000A8690 0000005A C=CODE    S=_TEXT    G=(none)   M=C:\PROGRAM FILES\BORLAND\CBUILDER5\LIB\CP32MT.LIB|strlen ACBP=A9
 0001:000A86EC 0000006E C=CODE    S=_TEXT    G=(none)   M=C:\PROGRAM FILES\BORLAND\CBUILDER5\LIB\CP32MT.LIB|strncat ACBP=A9
 0001:000A875C 00000027 C=CODE    S=_TEXT    G=(none)   M=C:\PROGRAM FILES\BORLAND\CBUILDER5\LIB\CP32MT.LIB|strncmp ACBP=A9
 0001:000A8784 0000000A C=CODE    S=_TEXT    G=(none)   M=C:\PROGRAM FILES\BORLAND\CBUILDER5\LIB\CP32MT.LIB|__strchr ACBP=A9
 0001:000A8790 0000000A C=CODE    S=_TEXT    G=(none)   M=C:\PROGRAM FILES\BORLAND\CBUILDER5\LIB\CP32MT.LIB|__strstr ACBP=A9
 0001:000A879C 0000006C C=CODE    S=_TEXT    G=(none)   M=C:\PROGRAM FILES\BORLAND\CBUILDER5\LIB\CP32MT.LIB|memcmp ACBP=A9
 0001:000A8808 00000032 C=CODE    S=_TEXT    G=(none)   M=C:\PROGRAM FILES\BORLAND\CBUILDER5\LIB\CP32MT.LIB|strdup ACBP=A9
 0001:000A883C 0000004F C=CODE    S=_TEXT    G=(none)   M=C:\PROGRAM FILES\BORLAND\CBUILDER5\LIB\CP32MT.LIB|strncpy ACBP=A9
 0001:000A888C 00000054 C=CODE    S=_TEXT    G=(none)   M=C:\PROGRAM FILES\BORLAND\CBUILDER5\LIB\CP32MT.LIB|strstr ACBP=A9
 0001:000A88E0 0000006E C=CODE    S=_TEXT    G=(none)   M=C:\PROGRAM FILES\BORLAND\CBUILDER5\LIB\CP32MT.LIB|strtok ACBP=A9
 0001:000A8950 00000018 C=CODE    S=_TEXT    G=(none)   M=C:\PROGRAM FILES\BORLAND\CBUILDER5\LIB\CP32MT.LIB|wcslen ACBP=A9
 0001:000A8968 0000003F C=CODE    S=_TEXT    G=(none)   M=C:\PROGRAM FILES\BORLAND\CBUILDER5\LIB\CP32MT.LIB|wcscpy ACBP=A9
 0001:000A89A8 00000070 C=CODE    S=_TEXT    G=(none)   M=C:\PROGRAM FILES\BORLAND\CBUILDER5\LIB\CP32MT.LIB|xxa ACBP=A9
 0001:000A8A18 00000A42 C=CODE    S=_TEXT    G=(none)   M=C:\PROGRAM FILES\BORLAND\CBUILDER5\LIB\CP32MT.LIB|xxtype ACBP=A9
 0001:000A945A 000000B6 C=CODE    S=_TEXT    G=(none)   M=C:\PROGRAM FILES\BORLAND\CBUILDER5\LIB\CP32MT.LIB|xxut ACBP=A9
 0001:000A94FC 0000014B C=CODE    S=_TEXT    G=(none)   M=C:\PROGRAM FILES\BORLAND\CBUILDER5\LIB\CP32MT.LIB|xxv ACBP=A9
 0001:000A9648 0000000A C=CODE    S=_TEXT    G=(none)   M=C:\PROGRAM FILES\BORLAND\CBUILDER5\LIB\CP32MT.LIB|defhandl ACBP=A9
 0001:000A9654 00000179 C=CODE    S=_TEXT    G=(none)   M=C:\PROGRAM FILES\BORLAND\CBUILDER5\LIB\CP32MT.LIB|except ACBP=A9
 0001:000A97D0 00000046 C=CODE    S=_TEXT    G=(none)   M=C:\PROGRAM FILES\BORLAND\CBUILDER5\LIB\CP32MT.LIB|setexc ACBP=A9
 0001:000A9818 00000022 C=CODE    S=_TEXT    G=(none)   M=C:\PROGRAM FILES\BORLAND\CBUILDER5\LIB\CP32MT.LIB|ta ACBP=A9
 0001:000A983C 00000075 C=CODE    S=_TEXT    G=(none)   M=C:\PROGRAM FILES\BORLAND\CBUILDER5\LIB\CP32MT.LIB|__close ACBP=A9
 0001:000A98B4 00000047 C=CODE    S=_TEXT    G=(none)   M=C:\PROGRAM FILES\BORLAND\CBUILDER5\LIB\CP32MT.LIB|__isatty ACBP=A9
 0001:000A98FC 00000084 C=CODE    S=_TEXT    G=(none)   M=C:\PROGRAM FILES\BORLAND\CBUILDER5\LIB\CP32MT.LIB|__lseek ACBP=A9
 0001:000A9980 00000204 C=CODE    S=_TEXT    G=(none)   M=C:\PROGRAM FILES\BORLAND\CBUILDER5\LIB\CP32MT.LIB|__open ACBP=A9
 0001:000A9B84 000001B2 C=CODE    S=_TEXT    G=(none)   M=C:\PROGRAM FILES\BORLAND\CBUILDER5\LIB\CP32MT.LIB|__read ACBP=A9
 0001:000A9D38 00000204 C=CODE    S=_TEXT    G=(none)   M=C:\PROGRAM FILES\BORLAND\CBUILDER5\LIB\CP32MT.LIB|__wopen ACBP=A9
 0001:000A9F3C 00000132 C=CODE    S=_TEXT    G=(none)   M=C:\PROGRAM FILES\BORLAND\CBUILDER5\LIB\CP32MT.LIB|__write ACBP=A9
 0001:000AA070 00000011 C=CODE    S=_TEXT    G=(none)   M=C:\PROGRAM FILES\BORLAND\CBUILDER5\LIB\CP32MT.LIB|_cfinfo ACBP=A9
 0001:000AA084 00000042 C=CODE    S=_TEXT    G=(none)   M=C:\PROGRAM FILES\BORLAND\CBUILDER5\LIB\CP32MT.LIB|_flshall ACBP=A9
 0001:000AA0C8 00000061 C=CODE    S=_TEXT    G=(none)   M=C:\PROGRAM FILES\BORLAND\CBUILDER5\LIB\CP32MT.LIB|_read ACBP=A9
 0001:000AA129 00000017 C=CODE    S=_TEXT    G=(none)   M=C:\PROGRAM FILES\BORLAND\CBUILDER5\LIB\CP32MT.LIB|_umask ACBP=A9
 0001:000AA12C 00000035 C=CODE    S=_TEXT    G=(none)   M=C:\PROGRAM FILES\BORLAND\CBUILDER5\LIB\CP32MT.LIB|_wopen ACBP=A9
 0001:000AA164 00000061 C=CODE    S=_TEXT    G=(none)   M=C:\PROGRAM FILES\BORLAND\CBUILDER5\LIB\CP32MT.LIB|_write ACBP=A9
 0001:000AA1C8 0000007D C=CODE    S=_TEXT    G=(none)   M=C:\PROGRAM FILES\BORLAND\CBUILDER5\LIB\CP32MT.LIB|allocbuf ACBP=A9
 0001:000AA248 0000008F C=CODE    S=_TEXT    G=(none)   M=C:\PROGRAM FILES\BORLAND\CBUILDER5\LIB\CP32MT.LIB|chdir ACBP=A9
 0001:000AA2D8 00000008 C=CODE    S=_TEXT    G=(none)   M=C:\PROGRAM FILES\BORLAND\CBUILDER5\LIB\CP32MT.LIB|close ACBP=A9
 0001:000AA2E0 000000EC C=CODE    S=_TEXT    G=(none)   M=C:\PROGRAM FILES\BORLAND\CBUILDER5\LIB\CP32MT.LIB|dosgdriv ACBP=A9
 0001:000AA3CC 0000008F C=CODE    S=_TEXT    G=(none)   M=C:\PROGRAM FILES\BORLAND\CBUILDER5\LIB\CP32MT.LIB|fflush ACBP=A9
 0001:000AA45C 00000064 C=CODE    S=_TEXT    G=(none)   M=C:\PROGRAM FILES\BORLAND\CBUILDER5\LIB\CP32MT.LIB|flushout ACBP=A9
 0001:000AA4C0 00000023 C=CODE    S=_TEXT    G=(none)   M=C:\PROGRAM FILES\BORLAND\CBUILDER5\LIB\CP32MT.LIB|fmodeptr ACBP=A9
 0001:000AA4E4 0000002B C=CODE    S=_TEXT    G=(none)   M=C:\PROGRAM FILES\BORLAND\CBUILDER5\LIB\CP32MT.LIB|getdisk ACBP=A9
 0001:000AA510 000003EB C=CODE    S=_TEXT    G=(none)   M=C:\PROGRAM FILES\BORLAND\CBUILDER5\LIB\CP32MT.LIB|handles ACBP=A9
 0001:000AA8FC 0000008A C=CODE    S=_TEXT    G=(none)   M=C:\PROGRAM FILES\BORLAND\CBUILDER5\LIB\CP32MT.LIB|ioerror ACBP=A9
 0001:000AA988 00000008 C=CODE    S=_TEXT    G=(none)   M=C:\PROGRAM FILES\BORLAND\CBUILDER5\LIB\CP32MT.LIB|lseek ACBP=A9
 0001:000AA990 00000010 C=CODE    S=_TEXT    G=(none)   M=C:\PROGRAM FILES\BORLAND\CBUILDER5\LIB\CP32MT.LIB|open ACBP=A9
 0001:000AA9A0 00000083 C=CODE    S=_TEXT    G=(none)   M=C:\PROGRAM FILES\BORLAND\CBUILDER5\LIB\CP32MT.LIB|perror ACBP=A9
 0001:000AA9A0 00000008 C=CODE    S=_TEXT    G=(none)   M=C:\PROGRAM FILES\BORLAND\CBUILDER5\LIB\CP32MT.LIB|read ACBP=A9
 0001:000AA9A8 000001C6 C=CODE    S=_TEXT    G=(none)   M=C:\PROGRAM FILES\BORLAND\CBUILDER5\LIB\CP32MT.LIB|scantol ACBP=A9
 0001:000AAB70 00000100 C=CODE    S=_TEXT    G=(none)   M=C:\PROGRAM FILES\BORLAND\CBUILDER5\LIB\CP32MT.LIB|snprntf ACBP=A9
 0001:000AAC70 00000078 C=CODE    S=_TEXT    G=(none)   M=C:\PROGRAM FILES\BORLAND\CBUILDER5\LIB\CP32MT.LIB|sprintf ACBP=A9
 0001:000AACE8 00000270 C=CODE    S=_TEXT    G=(none)   M=C:\PROGRAM FILES\BORLAND\CBUILDER5\LIB\CP32MT.LIB|streams ACBP=A9
 0001:000AAF58 000009EC C=CODE    S=_TEXT    G=(none)   M=C:\PROGRAM FILES\BORLAND\CBUILDER5\LIB\CP32MT.LIB|vprinter ACBP=A9
 0001:000AB944 00000008 C=CODE    S=_TEXT    G=(none)   M=C:\PROGRAM FILES\BORLAND\CBUILDER5\LIB\CP32MT.LIB|write ACBP=A9
 0001:000AB94C 00000031 C=CODE    S=_TEXT    G=(none)   M=C:\PROGRAM FILES\BORLAND\CBUILDER5\LIB\CP32MT.LIB|xfflush ACBP=A9
 0001:000AB97D 00000006 C=CODE    S=_TEXT    G=(none)   M=C:\PROGRAM FILES\BORLAND\CBUILDER5\LIB\CP32MT.LIB|cconv ACBP=A9
 0001:000AB980 000002C3 C=CODE    S=_TEXT    G=(none)   M=C:\PROGRAM FILES\BORLAND\CBUILDER5\LIB\CP32MT.LIB|convt ACBP=A9
 0001:000ABC44 00000051 C=CODE    S=_TEXT    G=(none)   M=C:\PROGRAM FILES\BORLAND\CBUILDER5\LIB\CP32MT.LIB|getinfo ACBP=A9
 0001:000ABC98 00000102 C=CODE    S=_TEXT    G=(none)   M=C:\PROGRAM FILES\BORLAND\CBUILDER5\LIB\CP32MT.LIB|is ACBP=A9
 0001:000ABD9C 00000103 C=CODE    S=_TEXT    G=(none)   M=C:\PROGRAM FILES\BORLAND\CBUILDER5\LIB\CP32MT.LIB|wis ACBP=A9
 0001:000ABEA0 00000043 C=CODE    S=_TEXT    G=(none)   M=C:\PROGRAM FILES\BORLAND\CBUILDER5\LIB\CP32MT.LIB|isctype ACBP=A9
 0001:000ABEE4 00000055 C=CODE    S=_TEXT    G=(none)   M=C:\PROGRAM FILES\BORLAND\CBUILDER5\LIB\CP32MT.LIB|iswctype ACBP=A9
 0001:000ABF3C 000011FF C=CODE    S=_TEXT    G=(none)   M=C:\PROGRAM FILES\BORLAND\CBUILDER5\LIB\CP32MT.LIB|locale ACBP=A9
 0001:000AD13C 0000080E C=CODE    S=_TEXT    G=(none)   M=C:\PROGRAM FILES\BORLAND\CBUILDER5\LIB\CP32MT.LIB|initcat ACBP=A9
 0001:000AD94C 000000A1 C=CODE    S=_TEXT    G=(none)   M=C:\PROGRAM FILES\BORLAND\CBUILDER5\LIB\CP32MT.LIB|lconv ACBP=A9
 0001:000AD9F0 00000024 C=CODE    S=_TEXT    G=(none)   M=C:\PROGRAM FILES\BORLAND\CBUILDER5\LIB\CP32MT.LIB|lstrlwr ACBP=A9
 0001:000ADA14 00000054 C=CODE    S=_TEXT    G=(none)   M=C:\PROGRAM FILES\BORLAND\CBUILDER5\LIB\CP32MT.LIB|ltolower ACBP=A9
 0001:000ADA68 00000054 C=CODE    S=_TEXT    G=(none)   M=C:\PROGRAM FILES\BORLAND\CBUILDER5\LIB\CP32MT.LIB|ltoupper ACBP=A9
 0001:000ADABC 000004D0 C=CODE    S=_TEXT    G=(none)   M=C:\PROGRAM FILES\BORLAND\CBUILDER5\LIB\CP32MT.LIB|mbyte1 ACBP=A9
 0001:000ADF8C 00000026 C=CODE    S=_TEXT    G=(none)   M=C:\PROGRAM FILES\BORLAND\CBUILDER5\LIB\CP32MT.LIB|lsetlocl ACBP=A9
 0001:000ADFB4 00000200 C=CODE    S=_TEXT    G=(none)   M=C:\PROGRAM FILES\BORLAND\CBUILDER5\LIB\CP32MT.LIB|_ll ACBP=A9
 0001:000AE1B4 00000164 C=CODE    S=_TEXT    G=(none)   M=C:\PROGRAM FILES\BORLAND\CBUILDER5\LIB\CP32MT.LIB|fdiv32 ACBP=A9
 0001:000AE318 00000008 C=CODE    S=_TEXT    G=(none)   M=C:\PROGRAM FILES\BORLAND\CBUILDER5\LIB\CP32MT.LIB|_ltoa1 ACBP=A9
 0001:000AE320 000000B0 C=CODE    S=_TEXT    G=(none)   M=C:\PROGRAM FILES\BORLAND\CBUILDER5\LIB\CP32MT.LIB|_matherr ACBP=A9
 0001:000AE3D0 00000188 C=CODE    S=_TEXT    G=(none)   M=C:\PROGRAM FILES\BORLAND\CBUILDER5\LIB\CP32MT.LIB|_pow10 ACBP=A9
 0001:000AE558 00000077 C=CODE    S=_TEXT    G=(none)   M=C:\PROGRAM FILES\BORLAND\CBUILDER5\LIB\CP32MT.LIB|atol ACBP=A9
 0001:000AE5D0 00000013 C=CODE    S=_TEXT    G=(none)   M=C:\PROGRAM FILES\BORLAND\CBUILDER5\LIB\CP32MT.LIB|clear87 ACBP=A9
 0001:000AE5E4 0000003F C=CODE    S=_TEXT    G=(none)   M=C:\PROGRAM FILES\BORLAND\CBUILDER5\LIB\CP32MT.LIB|cos ACBP=A9
 0001:000AE624 0000002F C=CODE    S=_TEXT    G=(none)   M=C:\PROGRAM FILES\BORLAND\CBUILDER5\LIB\CP32MT.LIB|ctrl87 ACBP=A9
 0001:000AE654 00000018 C=CODE    S=_TEXT    G=(none)   M=C:\PROGRAM FILES\BORLAND\CBUILDER5\LIB\CP32MT.LIB|cvtentry ACBP=A9
 0001:000AE66C 00000018 C=CODE    S=_TEXT    G=(none)   M=C:\PROGRAM FILES\BORLAND\CBUILDER5\LIB\CP32MT.LIB|cvtfak ACBP=A9
 0001:000AE684 00000018 C=CODE    S=_TEXT    G=(none)   M=C:\PROGRAM FILES\BORLAND\CBUILDER5\LIB\CP32MT.LIB|cvtfakw ACBP=A9
 0001:000AE69C 0000001C C=CODE    S=_TEXT    G=(none)   M=C:\PROGRAM FILES\BORLAND\CBUILDER5\LIB\CP32MT.LIB|floor ACBP=A9
 0001:000AE6B8 00000016 C=CODE    S=_TEXT    G=(none)   M=C:\PROGRAM FILES\BORLAND\CBUILDER5\LIB\CP32MT.LIB|fpreset ACBP=A9
 0001:000AE6D0 00000028 C=CODE    S=_TEXT    G=(none)   M=C:\PROGRAM FILES\BORLAND\CBUILDER5\LIB\CP32MT.LIB|ftol ACBP=A9
 0001:000AE6F8 0000002D C=CODE    S=_TEXT    G=(none)   M=C:\PROGRAM FILES\BORLAND\CBUILDER5\LIB\CP32MT.LIB|fuildq ACBP=A9
 0001:000AE728 00000021 C=CODE    S=_TEXT    G=(none)   M=C:\PROGRAM FILES\BORLAND\CBUILDER5\LIB\CP32MT.LIB|fuistq ACBP=A9
 0001:000AE74C 00000011 C=CODE    S=_TEXT    G=(none)   M=C:\PROGRAM FILES\BORLAND\CBUILDER5\LIB\CP32MT.LIB|fxam ACBP=A9
 0001:000AE760 000000B1 C=CODE    S=_TEXT    G=(none)   M=C:\PROGRAM FILES\BORLAND\CBUILDER5\LIB\CP32MT.LIB|int64toa ACBP=A9
 0001:000AE814 00000118 C=CODE    S=_TEXT    G=(none)   M=C:\PROGRAM FILES\BORLAND\CBUILDER5\LIB\CP32MT.LIB|ldtrunc ACBP=A9
 0001:000AE92C 0000008F C=CODE    S=_TEXT    G=(none)   M=C:\PROGRAM FILES\BORLAND\CBUILDER5\LIB\CP32MT.LIB|longtoa ACBP=A9
 0001:000AE9BC 00000075 C=CODE    S=_TEXT    G=(none)   M=C:\PROGRAM FILES\BORLAND\CBUILDER5\LIB\CP32MT.LIB|ltoa1 ACBP=A9
 0001:000AEA34 0000002A C=CODE    S=_TEXT    G=(none)   M=C:\PROGRAM FILES\BORLAND\CBUILDER5\LIB\CP32MT.LIB|matherr ACBP=A9
 0001:000AEA60 0000002E C=CODE    S=_TEXT    G=(none)   M=C:\PROGRAM FILES\BORLAND\CBUILDER5\LIB\CP32MT.LIB|matherrl ACBP=A9
 0001:000AEA90 00000016 C=CODE    S=_TEXT    G=(none)   M=C:\PROGRAM FILES\BORLAND\CBUILDER5\LIB\CP32MT.LIB|mathptr ACBP=A9
 0001:000AEAA8 00000025 C=CODE    S=_TEXT    G=(none)   M=C:\PROGRAM FILES\BORLAND\CBUILDER5\LIB\CP32MT.LIB|qdiv10 ACBP=A9
 0001:000AEAD0 0000002E C=CODE    S=_TEXT    G=(none)   M=C:\PROGRAM FILES\BORLAND\CBUILDER5\LIB\CP32MT.LIB|qmul10 ACBP=A9
 0001:000AEB00 000000A6 C=CODE    S=_TEXT    G=(none)   M=C:\PROGRAM FILES\BORLAND\CBUILDER5\LIB\CP32MT.LIB|rand ACBP=A9
 0001:000AEBA8 000002F9 C=CODE    S=_TEXT    G=(none)   M=C:\PROGRAM FILES\BORLAND\CBUILDER5\LIB\CP32MT.LIB|realcvt ACBP=A9
 0001:000AEEA4 00000331 C=CODE    S=_TEXT    G=(none)   M=C:\PROGRAM FILES\BORLAND\CBUILDER5\LIB\CP32MT.LIB|realcvtw ACBP=A9
 0001:000AF1D8 0000002C C=CODE    S=_TEXT    G=(none)   M=C:\PROGRAM FILES\BORLAND\CBUILDER5\LIB\CP32MT.LIB|round ACBP=A9
 0001:000AF204 000004E1 C=CODE    S=_TEXT    G=(none)   M=C:\PROGRAM FILES\BORLAND\CBUILDER5\LIB\CP32MT.LIB|scantod ACBP=A9
 0001:000AF6E8 000004DD C=CODE    S=_TEXT    G=(none)   M=C:\PROGRAM FILES\BORLAND\CBUILDER5\LIB\CP32MT.LIB|scanwtod ACBP=A9
 0001:000AFBC8 0000003F C=CODE    S=_TEXT    G=(none)   M=C:\PROGRAM FILES\BORLAND\CBUILDER5\LIB\CP32MT.LIB|sin ACBP=A9
 0001:000AFC08 000000C1 C=CODE    S=_TEXT    G=(none)   M=C:\PROGRAM FILES\BORLAND\CBUILDER5\LIB\CP32MT.LIB|strtod ACBP=A9
 0001:000AFCCC 000000F6 C=CODE    S=_TEXT    G=(none)   M=C:\PROGRAM FILES\BORLAND\CBUILDER5\LIB\CP32MT.LIB|strtol ACBP=A9
 0001:000AFDC4 000002D2 C=CODE    S=_TEXT    G=(none)   M=C:\PROGRAM FILES\BORLAND\CBUILDER5\LIB\CP32MT.LIB|xcvt ACBP=A9
 0001:000B0098 000002F1 C=CODE    S=_TEXT    G=(none)   M=C:\PROGRAM FILES\BORLAND\CBUILDER5\LIB\CP32MT.LIB|xcvtw ACBP=A9
 0001:000B038C 00000139 C=CODE    S=_TEXT    G=(none)   M=C:\PROGRAM FILES\BORLAND\CBUILDER5\LIB\CP32MT.LIB|mbctype ACBP=A9
 0001:000B04C8 0000003D C=CODE    S=_TEXT    G=(none)   M=C:\PROGRAM FILES\BORLAND\CBUILDER5\LIB\CP32MT.LIB|mbisalp ACBP=A9
 0001:000B0508 0000001A C=CODE    S=_TEXT    G=(none)   M=C:\PROGRAM FILES\BORLAND\CBUILDER5\LIB\CP32MT.LIB|mbisdgt ACBP=A9
 0001:000B0524 0000001A C=CODE    S=_TEXT    G=(none)   M=C:\PROGRAM FILES\BORLAND\CBUILDER5\LIB\CP32MT.LIB|mbisspc ACBP=A9
 0001:000B0540 00000054 C=CODE    S=_TEXT    G=(none)   M=C:\PROGRAM FILES\BORLAND\CBUILDER5\LIB\CP32MT.LIB|mbsnbcpy ACBP=A9
 0001:000B0594 000000BF C=CODE    S=_TEXT    G=(none)   M=C:\PROGRAM FILES\BORLAND\CBUILDER5\LIB\CP32MT.LIB|mbsnbicm ACBP=A9
 0001:000B0654 00000056 C=CODE    S=_TEXT    G=(none)   M=C:\PROGRAM FILES\BORLAND\CBUILDER5\LIB\CP32MT.LIB|mbsrchr ACBP=A9
 0001:000B06AC 0000001D C=CODE    S=_TEXT    G=(none)   M=C:\PROGRAM FILES\BORLAND\CBUILDER5\LIB\CP32MT.LIB|mbtoupr ACBP=A9
 0001:000B06CC 000000A6 C=CODE    S=_TEXT    G=(none)   M=C:\PROGRAM FILES\BORLAND\CBUILDER5\LIB\CP32MT.LIB|assert ACBP=A9
 0001:000B0774 000000B8 C=CODE    S=_TEXT    G=(none)   M=C:\PROGRAM FILES\BORLAND\CBUILDER5\LIB\CP32MT.LIB|ermsghlp ACBP=A9
 0001:000B082C 0000001E C=CODE    S=_TEXT    G=(none)   M=C:\PROGRAM FILES\BORLAND\CBUILDER5\LIB\CP32MT.LIB|errno ACBP=A9
 0001:000B084C 0000019B C=CODE    S=_TEXT    G=(none)   M=C:\PROGRAM FILES\BORLAND\CBUILDER5\LIB\CP32MT.LIB|errormsg ACBP=A9
 0001:000B09E8 00000089 C=CODE    S=_TEXT    G=(none)   M=C:\PROGRAM FILES\BORLAND\CBUILDER5\LIB\CP32MT.LIB|platform ACBP=A9
 0001:000B0A74 00000022 C=CODE    S=_TEXT    G=(none)   M=C:\PROGRAM FILES\BORLAND\CBUILDER5\LIB\CP32MT.LIB|abort ACBP=A9
 0001:000B0A98 000000BF C=CODE    S=_TEXT    G=(none)   M=C:\PROGRAM FILES\BORLAND\CBUILDER5\LIB\CP32MT.LIB|exit ACBP=A9
 0001:000B0B58 00000061 C=CODE    S=_TEXT    G=(none)   M=C:\PROGRAM FILES\BORLAND\CBUILDER5\LIB\CP32MT.LIB|getenv ACBP=A9
 0001:000B0BBC 0000001A C=CODE    S=_TEXT    G=(none)   M=C:\PROGRAM FILES\BORLAND\CBUILDER5\LIB\CP32MT.LIB|initwild ACBP=A9
 0001:000B0BD8 00000011 C=CODE    S=_TEXT    G=(none)   M=C:\PROGRAM FILES\BORLAND\CBUILDER5\LIB\CP32MT.LIB|exparg ACBP=A9
 0001:000B0BEC 00000011 C=CODE    S=_TEXT    G=(none)   M=C:\PROGRAM FILES\BORLAND\CBUILDER5\LIB\CP32MT.LIB|wexparg ACBP=A9
 0001:000B0C00 00000027 C=CODE    S=_TEXT    G=(none)   M=C:\PROGRAM FILES\BORLAND\CBUILDER5\LIB\CP32MT.LIB|initargv ACBP=A9
 0001:000B0C28 0000016C C=CODE    S=_TEXT    G=(none)   M=C:\PROGRAM FILES\BORLAND\CBUILDER5\LIB\CP32MT.LIB|setargv ACBP=A9
 0001:000B0D94 000001E5 C=CODE    S=_TEXT    G=(none)   M=C:\PROGRAM FILES\BORLAND\CBUILDER5\LIB\CP32MT.LIB|hsargv ACBP=A9
 0001:000B0F7C 00000227 C=CODE    S=_TEXT    G=(none)   M=C:\PROGRAM FILES\BORLAND\CBUILDER5\LIB\CP32MT.LIB|whsargv ACBP=A9
 0001:000B11A4 00000045 C=CODE    S=_TEXT    G=(none)   M=C:\PROGRAM FILES\BORLAND\CBUILDER5\LIB\CP32MT.LIB|setargv0 ACBP=A9
 0001:000B11EC 000001D2 C=CODE    S=_TEXT    G=(none)   M=C:\PROGRAM FILES\BORLAND\CBUILDER5\LIB\CP32MT.LIB|setenvp ACBP=A9
 0001:000B13C0 00000388 C=CODE    S=_TEXT    G=(none)   M=C:\PROGRAM FILES\BORLAND\CBUILDER5\LIB\CP32MT.LIB|signal ACBP=A9
 0001:000B1748 0000018B C=CODE    S=_TEXT    G=(none)   M=C:\PROGRAM FILES\BORLAND\CBUILDER5\LIB\CP32MT.LIB|initexit ACBP=A9
 0001:000B18D4 000001A4 C=CODE    S=_TEXT    G=(none)   M=C:\PROGRAM FILES\BORLAND\CBUILDER5\LIB\CP32MT.LIB|startup ACBP=A9
 0001:000B1A78 00000067 C=CODE    S=_TEXT    G=(none)   M=C:\PROGRAM FILES\BORLAND\CBUILDER5\LIB\CP32MT.LIB|tls ACBP=A9
 0001:000B1AE0 0000004F C=CODE    S=_TEXT    G=(none)   M=C:\PROGRAM FILES\BORLAND\CBUILDER5\LIB\CP32MT.LIB|tlsstat ACBP=A9
 0001:000B1B30 000001C7 C=CODE    S=_TEXT    G=(none)   M=C:\PROGRAM FILES\BORLAND\CBUILDER5\LIB\CP32MT.LIB|thrddata ACBP=A9
 0001:000B1CF8 000000D5 C=CODE    S=_TEXT    G=(none)   M=C:\PROGRAM FILES\BORLAND\CBUILDER5\LIB\CP32MT.LIB|_lock ACBP=A9
 0001:000B1DD0 000002A4 C=CODE    S=_TEXT    G=(none)   M=C:\PROGRAM FILES\BORLAND\CBUILDER5\LIB\CP32MT.LIB|timefunc ACBP=A9
 0001:000B2074 00000006 C=CODE    S=_TEXT    G=(none)   M=C:\PROGRAM FILES\BORLAND\CBUILDER5\LIB\CP32MT.LIB|tzdata ACBP=A9
 0001:000B207C 000001C8 C=CODE    S=_TEXT    G=(none)   M=C:\PROGRAM FILES\BORLAND\CBUILDER5\LIB\CP32MT.LIB|tzset ACBP=A9
 0001:000B2244 00000008 C=CODE    S=_TEXT    G=(none)   M=C:\PROGRAM FILES\BORLAND\CBUILDER5\LIB\CP32MT.LIB|_tzset ACBP=A9
 0001:000B224C 0000004D C=CODE    S=_TEXT    G=(none)   M=C:\PROGRAM FILES\BORLAND\CBUILDER5\LIB\CP32MT.LIB|time ACBP=A9
 0001:000B229C 0000388C C=CODE    S=_TEXT    G=(none)   M=C:\PROGRAM FILES\BORLAND\CBUILDER5\LIB\CP32MT.LIB|xx ACBP=A9
 0002:000003E0 000000A4 C=DATA    S=_DATA    G=DGROUP   M=C:\PROGRAM FILES\BORLAND\CBUILDER5\LIB\C0W32.OBJ ACBP=A9
 0002:00000484 0000002C C=DATA    S=_DATA    G=DGROUP   M=C:\PROGRAM FILES\BORLAND\CBUILDER5\LIB\OBJ\SYSINIT.OBJ ACBP=A9
 0002:000004A0 000000B0 C=DATA    S=_DATA    G=DGROUP   M=D:\STASIEK\MY PROJECTS\OBSOLETE\PROGS\SNAKE.VCL\WAZ.OBJ ACBP=A9
 0002:00000550 00001271 C=DATA    S=_DATA    G=DGROUP   M=D:\STASIEK\MY PROJECTS\OBSOLETE\PROGS\SNAKE.VCL\WAZ_FORM.OBJ ACBP=A9
 0002:000017C0 000004E4 C=DATA    S=_DATA    G=DGROUP   M=D:\STASIEK\MY PROJECTS\OBSOLETE\PROGS\SNAKE.VCL\OPC.OBJ ACBP=A9
 0002:00001C90 00000568 C=DATA    S=_DATA    G=DGROUP   M=D:\STASIEK\MY PROJECTS\OBSOLETE\FORM_TEMPLATES\ABOUT_FRM.OBJ ACBP=A9
 0002:000021E4 000003B4 C=DATA    S=_DATA    G=DGROUP   M=C:\PROGRAM FILES\BORLAND\CBUILDER5\LIB\BCBSMP50.LIB|.\CCALENDR.CPP ACBP=A9
 0002:00002578 000007F0 C=DATA    S=_DATA    G=DGROUP   M=C:\PROGRAM FILES\BORLAND\CBUILDER5\LIB\BCBSMP50.LIB|.\cdiroutl.cpp ACBP=A9
 0002:00002D60 000004B8 C=DATA    S=_DATA    G=DGROUP   M=C:\PROGRAM FILES\BORLAND\CBUILDER5\LIB\BCBSMP50.LIB|.\CGAUGES.CPP ACBP=A9
 0002:00003204 00000268 C=DATA    S=_DATA    G=DGROUP   M=C:\PROGRAM FILES\BORLAND\CBUILDER5\LIB\BCBSMP50.LIB|.\CGRID.CPP ACBP=A9
 0002:0000344C 000005DC C=DATA    S=_DATA    G=DGROUP   M=C:\PROGRAM FILES\BORLAND\CBUILDER5\LIB\BCBSMP50.LIB|.\CSPIN.CPP ACBP=A9
 0002:00003A28 0000037A C=DATA    S=_DATA    G=DGROUP   M=C:\PROGRAM FILES\BORLAND\CBUILDER5\LIB\BCBSMP50.LIB|.\PERFGRAP.CPP ACBP=A9
 0002:00003D90 00000416 C=DATA    S=_DATA    G=DGROUP   M=C:\PROGRAM FILES\BORLAND\CBUILDER5\LIB\BCBSMP50.LIB|.\Trayicon.cpp ACBP=A9
 0002:00004192 00000010 C=DATA    S=_DATA    G=DGROUP   M=C:\PROGRAM FILES\BORLAND\CBUILDER5\LIB\DEBUG\VCL50.LIB|UrlMon ACBP=A9
 0002:00004192 00000004 C=DATA    S=_DATA    G=DGROUP   M=C:\PROGRAM FILES\BORLAND\CBUILDER5\LIB\DEBUG\VCL50.LIB|StdActns ACBP=A9
 0002:00004192 00000046 C=DATA    S=_DATA    G=DGROUP   M=C:\PROGRAM FILES\BORLAND\CBUILDER5\LIB\DEBUG\VCL50.LIB|ImgList ACBP=A9
 0002:000041CC 00000004 C=DATA    S=_DATA    G=DGROUP   M=C:\PROGRAM FILES\BORLAND\CBUILDER5\LIB\DEBUG\VCL50.LIB|ActnList ACBP=A9
 0002:000041CC 00000020 C=DATA    S=_DATA    G=DGROUP   M=C:\PROGRAM FILES\BORLAND\CBUILDER5\LIB\DEBUG\VCL50.LIB|ToolWin ACBP=A9
 0002:000041EC 00000010 C=DATA    S=_DATA    G=DGROUP   M=C:\PROGRAM FILES\BORLAND\CBUILDER5\LIB\DEBUG\VCL50.LIB|TypInfo ACBP=A9
 0002:000041FC 0000008C C=DATA    S=_DATA    G=DGROUP   M=C:\PROGRAM FILES\BORLAND\CBUILDER5\LIB\DEBUG\VCL50.LIB|StdCtrls ACBP=A9
 0002:0000427C 0000000C C=DATA    S=_DATA    G=DGROUP   M=C:\PROGRAM FILES\BORLAND\CBUILDER5\LIB\DEBUG\VCL50.LIB|Printers ACBP=A9
 0002:00004280 000000EC C=DATA    S=_DATA    G=DGROUP   M=C:\PROGRAM FILES\BORLAND\CBUILDER5\LIB\DEBUG\VCL50.LIB|Menus ACBP=A9
 0002:0000436C 00000010 C=DATA    S=_DATA    G=DGROUP   M=C:\PROGRAM FILES\BORLAND\CBUILDER5\LIB\DEBUG\VCL50.LIB|Mask ACBP=A9
 0002:0000437C 00000002 C=DATA    S=_DATA    G=DGROUP   M=C:\PROGRAM FILES\BORLAND\CBUILDER5\LIB\DEBUG\VCL50.LIB|Grids ACBP=A9
 0002:0000437C 000002B4 C=DATA    S=_DATA    G=DGROUP   M=C:\PROGRAM FILES\BORLAND\CBUILDER5\LIB\DEBUG\VCL50.LIB|Graphics ACBP=A9
 0002:00004630 0000013C C=DATA    S=_DATA    G=DGROUP   M=C:\PROGRAM FILES\BORLAND\CBUILDER5\LIB\DEBUG\VCL50.LIB|Forms ACBP=A9
 0002:0000476C 00000024 C=DATA    S=_DATA    G=DGROUP   M=C:\PROGRAM FILES\BORLAND\CBUILDER5\LIB\DEBUG\VCL50.LIB|ExtCtrls ACBP=A9
 0002:00004780 000000B0 C=DATA    S=_DATA    G=DGROUP   M=C:\PROGRAM FILES\BORLAND\CBUILDER5\LIB\DEBUG\VCL50.LIB|Dialogs ACBP=A9
 0002:00004830 0000012C C=DATA    S=_DATA    G=DGROUP   M=C:\PROGRAM FILES\BORLAND\CBUILDER5\LIB\DEBUG\VCL50.LIB|Controls ACBP=A9
 0002:0000495C 000001A9 C=DATA    S=_DATA    G=DGROUP   M=C:\PROGRAM FILES\BORLAND\CBUILDER5\LIB\DEBUG\VCL50.LIB|ComCtrls ACBP=A9
 0002:00004B00 00000088 C=DATA    S=_DATA    G=DGROUP   M=C:\PROGRAM FILES\BORLAND\CBUILDER5\LIB\DEBUG\VCL50.LIB|Classes ACBP=A9
 0002:00004B6C 0000009E C=DATA    S=_DATA    G=DGROUP   M=C:\PROGRAM FILES\BORLAND\CBUILDER5\LIB\DEBUG\VCL50.LIB|Buttons ACBP=A9
 0002:00004C0A 00000010 C=DATA    S=_DATA    G=DGROUP   M=C:\PROGRAM FILES\BORLAND\CBUILDER5\LIB\DEBUG\VCL50.LIB|Windows ACBP=A9
 0002:00004C0A 00000010 C=DATA    S=_DATA    G=DGROUP   M=C:\PROGRAM FILES\BORLAND\CBUILDER5\LIB\DEBUG\VCL50.LIB|ShlObj ACBP=A9
 0002:00004C0A 00000010 C=DATA    S=_DATA    G=DGROUP   M=C:\PROGRAM FILES\BORLAND\CBUILDER5\LIB\DEBUG\VCL50.LIB|ActiveX ACBP=A9
 0002:00004C0A 00000008 C=DATA    S=_DATA    G=DGROUP   M=C:\PROGRAM FILES\BORLAND\CBUILDER5\LIB\DEBUG\VCL50.LIB|Math ACBP=A9
 0002:00004C0C 00000234 C=DATA    S=_DATA    G=DGROUP   M=C:\PROGRAM FILES\BORLAND\CBUILDER5\LIB\DEBUG\VCL50.LIB|SysUtils ACBP=A9
 0002:00004E34 000000FC C=DATA    S=_DATA    G=DGROUP   M=C:\PROGRAM FILES\BORLAND\CBUILDER5\LIB\DEBUG\VCL50.LIB|System ACBP=A9
 0002:00004F30 000002C1 C=DATA    S=_DATA    G=DGROUP   M=C:\PROGRAM FILES\BORLAND\CBUILDER5\LIB\DCLUSR50.LIB|D:\stasiek\My Projects\OBSOLETE\PACKAGES\ADVBAR.CPP ACBP=A9
 0002:000051E0 00000217 C=DATA    S=_DATA    G=DGROUP   M=C:\PROGRAM FILES\BORLAND\CBUILDER5\LIB\DCLUSR50.LIB|D:\stasiek\My Projects\OBSOLETE\PACKAGES\EXEDLG.CPP ACBP=A9
 0002:000053D8 00000920 C=DATA    S=_DATA    G=DGROUP   M=C:\PROGRAM FILES\BORLAND\CBUILDER5\LIB\DCLUSR50.LIB|D:\stasiek\My Projects\OBSOLETE\PACKAGES\EXEINFO.CPP ACBP=A9
 0002:00005CD8 000001BD C=DATA    S=_DATA    G=DGROUP   M=C:\PROGRAM FILES\BORLAND\CBUILDER5\LIB\DCLUSR50.LIB|D:\stasiek\My Projects\OBSOLETE\PACKAGES\EXERES.CPP ACBP=A9
 0002:00005E78 00000177 C=DATA    S=_DATA    G=DGROUP   M=C:\PROGRAM FILES\BORLAND\CBUILDER5\LIB\DCLUSR50.LIB|D:\stasiek\My Projects\OBSOLETE\PACKAGES\FRAMEPAN.CPP ACBP=A9
 0002:00005FCF 00000015 C=DATA    S=_DATA    G=DGROUP   M=C:\PROGRAM FILES\BORLAND\CBUILDER5\LIB\DEBUG\VCLX.LIB|Outline ACBP=A9
 0002:00005FE4 0000039C C=DATA    S=_DATA    G=DGROUP   M=C:\PROGRAM FILES\BORLAND\CBUILDER5\LIB\DEBUG\VCLE.LIB|dstring ACBP=A9
 0002:0000636C 0000008C C=DATA    S=_DATA    G=DGROUP   M=C:\PROGRAM FILES\BORLAND\CBUILDER5\LIB\DEBUG\VCLE.LIB|syssupp ACBP=A9
 0002:000063E4 0000006C C=DATA    S=_DATA    G=DGROUP   M=C:\PROGRAM FILES\BORLAND\CBUILDER5\LIB\DEBUG\VCLE.LIB|vclinit ACBP=A9
 0002:00006450 00000070 C=DATA    S=_DATA    G=DGROUP   M=C:\PROGRAM FILES\BORLAND\CBUILDER5\LIB\CP32MT.LIB|new ACBP=A9
 0002:000064C0 00000088 C=DATA    S=_DATA    G=DGROUP   M=C:\PROGRAM FILES\BORLAND\CBUILDER5\LIB\CP32MT.LIB|setnew ACBP=A9
 0002:00006534 00000054 C=DATA    S=_DATA    G=DGROUP   M=C:\PROGRAM FILES\BORLAND\CBUILDER5\LIB\CP32MT.LIB|vdelldtc ACBP=A9
 0002:00006588 00000074 C=DATA    S=_DATA    G=DGROUP   M=C:\PROGRAM FILES\BORLAND\CBUILDER5\LIB\CP32MT.LIB|vnewldtc ACBP=A9
 0002:000065FC 00000160 C=DATA    S=_DATA    G=DGROUP   M=C:\PROGRAM FILES\BORLAND\CBUILDER5\LIB\CP32MT.LIB|hrdir_b ACBP=A9
 0002:0000675C 00000020 C=DATA    S=_DATA    G=DGROUP   M=C:\PROGRAM FILES\BORLAND\CBUILDER5\LIB\CP32MT.LIB|hrdir_s ACBP=A9
 0002:0000677C 00000038 C=DATA    S=_DATA    G=DGROUP   M=C:\PROGRAM FILES\BORLAND\CBUILDER5\LIB\CP32MT.LIB|predecl ACBP=A9
 0002:000067B4 00001EC5 C=DATA    S=_DATA    G=DGROUP   M=C:\PROGRAM FILES\BORLAND\CBUILDER5\LIB\CP32MT.LIB|allstl ACBP=A9
 0002:00008678 00000081 C=DATA    S=_DATA    G=DGROUP   M=C:\PROGRAM FILES\BORLAND\CBUILDER5\LIB\CP32MT.LIB|fstream ACBP=A9
 0002:000086F8 00000219 C=DATA    S=_DATA    G=DGROUP   M=C:\PROGRAM FILES\BORLAND\CBUILDER5\LIB\CP32MT.LIB|ios ACBP=A9
 0002:00008910 000004DD C=DATA    S=_DATA    G=DGROUP   M=C:\PROGRAM FILES\BORLAND\CBUILDER5\LIB\CP32MT.LIB|char ACBP=A9
 0002:00008DEC 000000FD C=DATA    S=_DATA    G=DGROUP   M=C:\PROGRAM FILES\BORLAND\CBUILDER5\LIB\CP32MT.LIB|charby ACBP=A9
 0002:00008EE8 000007E1 C=DATA    S=_DATA    G=DGROUP   M=C:\PROGRAM FILES\BORLAND\CBUILDER5\LIB\CP32MT.LIB|rwlocale ACBP=A9
 0002:000096C8 0000004D C=DATA    S=_DATA    G=DGROUP   M=C:\PROGRAM FILES\BORLAND\CBUILDER5\LIB\CP32MT.LIB|vendor ACBP=A9
 0002:00009714 0000017D C=DATA    S=_DATA    G=DGROUP   M=C:\PROGRAM FILES\BORLAND\CBUILDER5\LIB\CP32MT.LIB|stdexcpt ACBP=A9
 0002:00009890 0000019D C=DATA    S=_DATA    G=DGROUP   M=C:\PROGRAM FILES\BORLAND\CBUILDER5\LIB\CP32MT.LIB|string ACBP=A9
 0002:00009A2C 00000004 C=DATA    S=_DATA    G=DGROUP   M=C:\PROGRAM FILES\BORLAND\CBUILDER5\LIB\CP32MT.LIB|xx_xpf ACBP=A9
 0002:00009A30 00000340 C=DATA    S=_DATA    G=DGROUP   M=C:\PROGRAM FILES\BORLAND\CBUILDER5\LIB\CP32MT.LIB|xxtype ACBP=A9
 0002:00009D70 0000003C C=DATA    S=_DATA    G=DGROUP   M=C:\PROGRAM FILES\BORLAND\CBUILDER5\LIB\CP32MT.LIB|xxut ACBP=A9
 0002:00009DAC 000000E4 C=DATA    S=_DATA    G=DGROUP   M=C:\PROGRAM FILES\BORLAND\CBUILDER5\LIB\CP32MT.LIB|xxv ACBP=A9
 0002:00009E90 00000014 C=DATA    S=_DATA    G=DGROUP   M=C:\PROGRAM FILES\BORLAND\CBUILDER5\LIB\CP32MT.LIB|except ACBP=A9
 0002:00009EA4 00000004 C=DATA    S=_DATA    G=DGROUP   M=C:\PROGRAM FILES\BORLAND\CBUILDER5\LIB\CP32MT.LIB|_cfinfo ACBP=A9
 0002:00009EA8 00000004 C=DATA    S=_DATA    G=DGROUP   M=C:\PROGRAM FILES\BORLAND\CBUILDER5\LIB\CP32MT.LIB|_umask ACBP=A9
 0002:00009EAC 00000004 C=DATA    S=_DATA    G=DGROUP   M=C:\PROGRAM FILES\BORLAND\CBUILDER5\LIB\CP32MT.LIB|cfinfo ACBP=A9
 0002:00009EB0 000004B0 C=DATA    S=_DATA    G=DGROUP   M=C:\PROGRAM FILES\BORLAND\CBUILDER5\LIB\CP32MT.LIB|files ACBP=A9
 0002:0000A360 000000CC C=DATA    S=_DATA    G=DGROUP   M=C:\PROGRAM FILES\BORLAND\CBUILDER5\LIB\CP32MT.LIB|files2 ACBP=A9
 0002:0000A42C 00000004 C=DATA    S=_DATA    G=DGROUP   M=C:\PROGRAM FILES\BORLAND\CBUILDER5\LIB\CP32MT.LIB|fmode ACBP=A9
 0002:0000A430 00000004 C=DATA    S=_DATA    G=DGROUP   M=C:\PROGRAM FILES\BORLAND\CBUILDER5\LIB\CP32MT.LIB|fmodeptr ACBP=A9
 0002:0000A434 00000064 C=DATA    S=_DATA    G=DGROUP   M=C:\PROGRAM FILES\BORLAND\CBUILDER5\LIB\CP32MT.LIB|handles ACBP=A9
 0002:0000A498 0000012B C=DATA    S=_DATA    G=DGROUP   M=C:\PROGRAM FILES\BORLAND\CBUILDER5\LIB\CP32MT.LIB|ioerror ACBP=A9
 0002:0000A5C4 0000047C C=DATA    S=_DATA    G=DGROUP   M=C:\PROGRAM FILES\BORLAND\CBUILDER5\LIB\CP32MT.LIB|perror ACBP=A9
 0002:0000AA40 00000068 C=DATA    S=_DATA    G=DGROUP   M=C:\PROGRAM FILES\BORLAND\CBUILDER5\LIB\CP32MT.LIB|streams ACBP=A9
 0002:0000AAA8 00000076 C=DATA    S=_DATA    G=DGROUP   M=C:\PROGRAM FILES\BORLAND\CBUILDER5\LIB\CP32MT.LIB|vprinter ACBP=A9
 0002:0000AB20 00000202 C=DATA    S=_DATA    G=DGROUP   M=C:\PROGRAM FILES\BORLAND\CBUILDER5\LIB\CP32MT.LIB|bigctype ACBP=A9
 0002:0000AD24 0000003C C=DATA    S=_DATA    G=DGROUP   M=C:\PROGRAM FILES\BORLAND\CBUILDER5\LIB\CP32MT.LIB|cconv ACBP=A9
 0002:0000AD60 00000050 C=DATA    S=_DATA    G=DGROUP   M=C:\PROGRAM FILES\BORLAND\CBUILDER5\LIB\CP32MT.LIB|convt ACBP=A9
 0002:0000ADB0 00000100 C=DATA    S=_DATA    G=DGROUP   M=C:\PROGRAM FILES\BORLAND\CBUILDER5\LIB\CP32MT.LIB|clower ACBP=A9
 0002:0000AEB0 00000100 C=DATA    S=_DATA    G=DGROUP   M=C:\PROGRAM FILES\BORLAND\CBUILDER5\LIB\CP32MT.LIB|cupper ACBP=A9
 0002:0000AFB0 00000118 C=DATA    S=_DATA    G=DGROUP   M=C:\PROGRAM FILES\BORLAND\CBUILDER5\LIB\CP32MT.LIB|locale ACBP=A9
 0002:0000B0C8 00000260 C=DATA    S=_DATA    G=DGROUP   M=C:\PROGRAM FILES\BORLAND\CBUILDER5\LIB\CP32MT.LIB|clocale ACBP=A9
 0002:0000B328 00000068 C=DATA    S=_DATA    G=DGROUP   M=C:\PROGRAM FILES\BORLAND\CBUILDER5\LIB\CP32MT.LIB|initcat ACBP=A9
 0002:0000B390 00000038 C=DATA    S=_DATA    G=DGROUP   M=C:\PROGRAM FILES\BORLAND\CBUILDER5\LIB\CP32MT.LIB|fdiv32 ACBP=A9
 0002:0000B3C8 00000010 C=DATA    S=_DATA    G=DGROUP   M=C:\PROGRAM FILES\BORLAND\CBUILDER5\LIB\CP32MT.LIB|_matherr ACBP=A9
 0002:0000B3D8 000000C0 C=DATA    S=_DATA    G=DGROUP   M=C:\PROGRAM FILES\BORLAND\CBUILDER5\LIB\CP32MT.LIB|_pow10 ACBP=A9
 0002:0000B498 0000000C C=DATA    S=_DATA    G=DGROUP   M=C:\PROGRAM FILES\BORLAND\CBUILDER5\LIB\CP32MT.LIB|cos ACBP=A9
 0002:0000B4A4 00000068 C=DATA    S=_DATA    G=DGROUP   M=C:\PROGRAM FILES\BORLAND\CBUILDER5\LIB\CP32MT.LIB|cvtfak ACBP=A9
 0002:0000B50C 00000068 C=DATA    S=_DATA    G=DGROUP   M=C:\PROGRAM FILES\BORLAND\CBUILDER5\LIB\CP32MT.LIB|cvtfakw ACBP=A9
 0002:0000B574 00000004 C=DATA    S=_DATA    G=DGROUP   M=C:\PROGRAM FILES\BORLAND\CBUILDER5\LIB\CP32MT.LIB|deflt87 ACBP=A9
 0002:0000B578 0000007C C=DATA    S=_DATA    G=DGROUP   M=C:\PROGRAM FILES\BORLAND\CBUILDER5\LIB\CP32MT.LIB|hugeval ACBP=A9
 0002:0000B5F4 00000008 C=DATA    S=_DATA    G=DGROUP   M=C:\PROGRAM FILES\BORLAND\CBUILDER5\LIB\CP32MT.LIB|initcvt ACBP=A9
 0002:0000B5FC 00000008 C=DATA    S=_DATA    G=DGROUP   M=C:\PROGRAM FILES\BORLAND\CBUILDER5\LIB\CP32MT.LIB|mathptr ACBP=A9
 0002:0000B604 00000044 C=DATA    S=_DATA    G=DGROUP   M=C:\PROGRAM FILES\BORLAND\CBUILDER5\LIB\CP32MT.LIB|mathwhy ACBP=A9
 0002:0000B648 00000014 C=DATA    S=_DATA    G=DGROUP   M=C:\PROGRAM FILES\BORLAND\CBUILDER5\LIB\CP32MT.LIB|realcvt ACBP=A9
 0002:0000B65C 00000028 C=DATA    S=_DATA    G=DGROUP   M=C:\PROGRAM FILES\BORLAND\CBUILDER5\LIB\CP32MT.LIB|realcvtw ACBP=A9
 0002:0000B684 00000028 C=DATA    S=_DATA    G=DGROUP   M=C:\PROGRAM FILES\BORLAND\CBUILDER5\LIB\CP32MT.LIB|scantod ACBP=A9
 0002:0000B6AC 00000028 C=DATA    S=_DATA    G=DGROUP   M=C:\PROGRAM FILES\BORLAND\CBUILDER5\LIB\CP32MT.LIB|scanwtod ACBP=A9
 0002:0000B6D4 0000000C C=DATA    S=_DATA    G=DGROUP   M=C:\PROGRAM FILES\BORLAND\CBUILDER5\LIB\CP32MT.LIB|sin ACBP=A9
 0002:0000B6E0 00000048 C=DATA    S=_DATA    G=DGROUP   M=C:\PROGRAM FILES\BORLAND\CBUILDER5\LIB\CP32MT.LIB|mbctype ACBP=A9
 0002:0000B728 00000024 C=DATA    S=_DATA    G=DGROUP   M=C:\PROGRAM FILES\BORLAND\CBUILDER5\LIB\CP32MT.LIB|assert ACBP=A9
 0002:0000B74C 00000024 C=DATA    S=_DATA    G=DGROUP   M=C:\PROGRAM FILES\BORLAND\CBUILDER5\LIB\CP32MT.LIB|ermsghlp ACBP=A9
 0002:0000B770 00000010 C=DATA    S=_DATA    G=DGROUP   M=C:\PROGRAM FILES\BORLAND\CBUILDER5\LIB\CP32MT.LIB|errormsg ACBP=A9
 0002:0000B780 00000028 C=DATA    S=_DATA    G=DGROUP   M=C:\PROGRAM FILES\BORLAND\CBUILDER5\LIB\CP32MT.LIB|platform ACBP=A9
 0002:0000B7A8 00000020 C=DATA    S=_DATA    G=DGROUP   M=C:\PROGRAM FILES\BORLAND\CBUILDER5\LIB\CP32MT.LIB|abort ACBP=A9
 0002:0000B7C8 00000004 C=DATA    S=_DATA    G=DGROUP   M=C:\PROGRAM FILES\BORLAND\CBUILDER5\LIB\CP32MT.LIB|patexit ACBP=A9
 0002:0000B7CC 0000000C C=DATA    S=_DATA    G=DGROUP   M=C:\PROGRAM FILES\BORLAND\CBUILDER5\LIB\CP32MT.LIB|exit ACBP=A9
 0002:0000B7D8 00000008 C=DATA    S=_DATA    G=DGROUP   M=C:\PROGRAM FILES\BORLAND\CBUILDER5\LIB\CP32MT.LIB|saptr ACBP=A9
 0002:0000B7E0 00000008 C=DATA    S=_DATA    G=DGROUP   M=C:\PROGRAM FILES\BORLAND\CBUILDER5\LIB\CP32MT.LIB|wsaptr ACBP=A9
 0002:0000B7E8 00000054 C=DATA    S=_DATA    G=DGROUP   M=C:\PROGRAM FILES\BORLAND\CBUILDER5\LIB\CP32MT.LIB|setargv ACBP=A9
 0002:0000B83C 00000028 C=DATA    S=_DATA    G=DGROUP   M=C:\PROGRAM FILES\BORLAND\CBUILDER5\LIB\CP32MT.LIB|hsargv ACBP=A9
 0002:0000B864 00000024 C=DATA    S=_DATA    G=DGROUP   M=C:\PROGRAM FILES\BORLAND\CBUILDER5\LIB\CP32MT.LIB|whsargv ACBP=A9
 0002:0000B888 00000004 C=DATA    S=_DATA    G=DGROUP   M=C:\PROGRAM FILES\BORLAND\CBUILDER5\LIB\CP32MT.LIB|wildptr ACBP=A9
 0002:0000B88C 00000004 C=DATA    S=_DATA    G=DGROUP   M=C:\PROGRAM FILES\BORLAND\CBUILDER5\LIB\CP32MT.LIB|wwildptr ACBP=A9
 0002:0000B890 00000020 C=DATA    S=_DATA    G=DGROUP   M=C:\PROGRAM FILES\BORLAND\CBUILDER5\LIB\CP32MT.LIB|setargv0 ACBP=A9
 0002:0000B8B0 0000006C C=DATA    S=_DATA    G=DGROUP   M=C:\PROGRAM FILES\BORLAND\CBUILDER5\LIB\CP32MT.LIB|setenvp ACBP=A9
 0002:0000B91C 0000005E C=DATA    S=_DATA    G=DGROUP   M=C:\PROGRAM FILES\BORLAND\CBUILDER5\LIB\CP32MT.LIB|signal ACBP=A9
 0002:0000B97C 00000004 C=DATA    S=_DATA    G=DGROUP   M=C:\PROGRAM FILES\BORLAND\CBUILDER5\LIB\CP32MT.LIB|globals ACBP=A9
 0002:0000B980 0000001C C=DATA    S=_DATA    G=DGROUP   M=C:\PROGRAM FILES\BORLAND\CBUILDER5\LIB\CP32MT.LIB|initexit ACBP=A9
 0002:0000B99C 0000001C C=DATA    S=_DATA    G=DGROUP   M=C:\PROGRAM FILES\BORLAND\CBUILDER5\LIB\CP32MT.LIB|thrddata ACBP=A9
 0002:0000B9B8 00000014 C=DATA    S=_DATA    G=DGROUP   M=C:\PROGRAM FILES\BORLAND\CBUILDER5\LIB\CP32MT.LIB|_lock ACBP=A9
 0002:0000B9CC 000001C4 C=DATA    S=_DATA    G=DGROUP   M=C:\PROGRAM FILES\BORLAND\CBUILDER5\LIB\CP32MT.LIB|timedata ACBP=A9
 0002:0000BB90 00000008 C=DATA    S=_DATA    G=DGROUP   M=C:\PROGRAM FILES\BORLAND\CBUILDER5\LIB\CP32MT.LIB|tzdata ACBP=A9
 0002:0000BB98 00000010 C=DATA    S=_DATA    G=DGROUP   M=C:\PROGRAM FILES\BORLAND\CBUILDER5\LIB\CP32MT.LIB|tzset ACBP=A9
 0002:0000BBA8 000013E8 C=DATA    S=_DATA    G=DGROUP   M=C:\PROGRAM FILES\BORLAND\CBUILDER5\LIB\CP32MT.LIB|xx ACBP=A9
 0002:0000CF90 00000430 C=DATA    S=_DATA    G=DGROUP   M=<internal> ACBP=A9
 0003:00000000 0000001C C=BSS     S=_BSS     G=DGROUP   M=C:\PROGRAM FILES\BORLAND\CBUILDER5\LIB\OBJ\SYSINIT.OBJ ACBP=A9
 0003:0000001C 000237F0 C=BSS     S=_BSS     G=DGROUP   M=D:\STASIEK\MY PROJECTS\OBSOLETE\PROGS\SNAKE.VCL\WAZ_FORM.OBJ ACBP=A9
 0003:0002380C 00000008 C=BSS     S=_BSS     G=DGROUP   M=D:\STASIEK\MY PROJECTS\OBSOLETE\PROGS\SNAKE.VCL\OPC.OBJ ACBP=A9
 0003:00023814 00000004 C=BSS     S=_BSS     G=DGROUP   M=D:\STASIEK\MY PROJECTS\OBSOLETE\FORM_TEMPLATES\ABOUT_FRM.OBJ ACBP=A9
 0003:00023818 00000004 C=BSS     S=_BSS     G=DGROUP   M=C:\PROGRAM FILES\BORLAND\CBUILDER5\LIB\BCBSMP50.LIB|.\CCALENDR.CPP ACBP=A9
 0003:0002381C 0000000C C=BSS     S=_BSS     G=DGROUP   M=C:\PROGRAM FILES\BORLAND\CBUILDER5\LIB\BCBSMP50.LIB|.\cdiroutl.cpp ACBP=A9
 0003:00023828 00000004 C=BSS     S=_BSS     G=DGROUP   M=C:\PROGRAM FILES\BORLAND\CBUILDER5\LIB\BCBSMP50.LIB|.\CGAUGES.CPP ACBP=A9
 0003:0002382C 00000004 C=BSS     S=_BSS     G=DGROUP   M=C:\PROGRAM FILES\BORLAND\CBUILDER5\LIB\BCBSMP50.LIB|.\CGRID.CPP ACBP=A9
 0003:00023830 00000004 C=BSS     S=_BSS     G=DGROUP   M=C:\PROGRAM FILES\BORLAND\CBUILDER5\LIB\BCBSMP50.LIB|.\CSPIN.CPP ACBP=A9
 0003:00023834 00000004 C=BSS     S=_BSS     G=DGROUP   M=C:\PROGRAM FILES\BORLAND\CBUILDER5\LIB\BCBSMP50.LIB|.\PERFGRAP.CPP ACBP=A9
 0003:00023838 00000004 C=BSS     S=_BSS     G=DGROUP   M=C:\PROGRAM FILES\BORLAND\CBUILDER5\LIB\BCBSMP50.LIB|.\Trayicon.cpp ACBP=A9
 0003:0002383C 00000004 C=BSS     S=_BSS     G=DGROUP   M=C:\PROGRAM FILES\BORLAND\CBUILDER5\LIB\DEBUG\VCL50.LIB|Contnrs ACBP=A9
 0003:00023840 00000004 C=BSS     S=_BSS     G=DGROUP   M=C:\PROGRAM FILES\BORLAND\CBUILDER5\LIB\DEBUG\VCL50.LIB|UrlMon ACBP=A9
 0003:00023844 00000004 C=BSS     S=_BSS     G=DGROUP   M=C:\PROGRAM FILES\BORLAND\CBUILDER5\LIB\DEBUG\VCL50.LIB|StdActns ACBP=A9
 0003:00023848 00000004 C=BSS     S=_BSS     G=DGROUP   M=C:\PROGRAM FILES\BORLAND\CBUILDER5\LIB\DEBUG\VCL50.LIB|ImgList ACBP=A9
 0003:0002384C 00000004 C=BSS     S=_BSS     G=DGROUP   M=C:\PROGRAM FILES\BORLAND\CBUILDER5\LIB\DEBUG\VCL50.LIB|ActnList ACBP=A9
 0003:00023850 00000004 C=BSS     S=_BSS     G=DGROUP   M=C:\PROGRAM FILES\BORLAND\CBUILDER5\LIB\DEBUG\VCL50.LIB|ToolWin ACBP=A9
 0003:00023854 00000004 C=BSS     S=_BSS     G=DGROUP   M=C:\PROGRAM FILES\BORLAND\CBUILDER5\LIB\DEBUG\VCL50.LIB|TypInfo ACBP=A9
 0003:00023858 00000004 C=BSS     S=_BSS     G=DGROUP   M=C:\PROGRAM FILES\BORLAND\CBUILDER5\LIB\DEBUG\VCL50.LIB|StdCtrls ACBP=A9
 0003:0002385C 00000004 C=BSS     S=_BSS     G=DGROUP   M=C:\PROGRAM FILES\BORLAND\CBUILDER5\LIB\DEBUG\VCL50.LIB|Printers ACBP=A9
 0003:00023860 00000010 C=BSS     S=_BSS     G=DGROUP   M=C:\PROGRAM FILES\BORLAND\CBUILDER5\LIB\DEBUG\VCL50.LIB|Menus ACBP=A9
 0003:00023870 00000004 C=BSS     S=_BSS     G=DGROUP   M=C:\PROGRAM FILES\BORLAND\CBUILDER5\LIB\DEBUG\VCL50.LIB|Mask ACBP=A9
 0003:00023874 00000004 C=BSS     S=_BSS     G=DGROUP   M=C:\PROGRAM FILES\BORLAND\CBUILDER5\LIB\DEBUG\VCL50.LIB|Grids ACBP=A9
 0003:00023878 00000060 C=BSS     S=_BSS     G=DGROUP   M=C:\PROGRAM FILES\BORLAND\CBUILDER5\LIB\DEBUG\VCL50.LIB|Graphics ACBP=A9
 0003:000238D8 00000024 C=BSS     S=_BSS     G=DGROUP   M=C:\PROGRAM FILES\BORLAND\CBUILDER5\LIB\DEBUG\VCL50.LIB|Forms ACBP=A9
 0003:000238FC 00000004 C=BSS     S=_BSS     G=DGROUP   M=C:\PROGRAM FILES\BORLAND\CBUILDER5\LIB\DEBUG\VCL50.LIB|ExtCtrls ACBP=A9
 0003:00023900 0000003C C=BSS     S=_BSS     G=DGROUP   M=C:\PROGRAM FILES\BORLAND\CBUILDER5\LIB\DEBUG\VCL50.LIB|Dialogs ACBP=A9
 0003:0002393C 00000070 C=BSS     S=_BSS     G=DGROUP   M=C:\PROGRAM FILES\BORLAND\CBUILDER5\LIB\DEBUG\VCL50.LIB|Controls ACBP=A9
 0003:000239AC 00000004 C=BSS     S=_BSS     G=DGROUP   M=C:\PROGRAM FILES\BORLAND\CBUILDER5\LIB\DEBUG\VCL50.LIB|Consts ACBP=A9
 0003:000239B0 00000004 C=BSS     S=_BSS     G=DGROUP   M=C:\PROGRAM FILES\BORLAND\CBUILDER5\LIB\DEBUG\VCL50.LIB|ComStrs ACBP=A9
 0003:000239B4 00000034 C=BSS     S=_BSS     G=DGROUP   M=C:\PROGRAM FILES\BORLAND\CBUILDER5\LIB\DEBUG\VCL50.LIB|ComCtrls ACBP=A9
 0003:000239E8 0000000C C=BSS     S=_BSS     G=DGROUP   M=C:\PROGRAM FILES\BORLAND\CBUILDER5\LIB\DEBUG\VCL50.LIB|ClipBrd ACBP=A9
 0003:000239F4 0000003C C=BSS     S=_BSS     G=DGROUP   M=C:\PROGRAM FILES\BORLAND\CBUILDER5\LIB\DEBUG\VCL50.LIB|Classes ACBP=A9
 0003:00023A30 00000030 C=BSS     S=_BSS     G=DGROUP   M=C:\PROGRAM FILES\BORLAND\CBUILDER5\LIB\DEBUG\VCL50.LIB|Buttons ACBP=A9
 0003:00023A60 00000031 C=BSS     S=_BSS     G=DGROUP   M=C:\PROGRAM FILES\BORLAND\CBUILDER5\LIB\DEBUG\VCL50.LIB|MultiMon ACBP=A9
 0003:00023A94 00000034 C=BSS     S=_BSS     G=DGROUP   M=C:\PROGRAM FILES\BORLAND\CBUILDER5\LIB\DEBUG\VCL50.LIB|FlatSB ACBP=A9
 0003:00023AC8 00000004 C=BSS     S=_BSS     G=DGROUP   M=C:\PROGRAM FILES\BORLAND\CBUILDER5\LIB\DEBUG\VCL50.LIB|Winspool ACBP=A9
 0003:00023ACC 00000004 C=BSS     S=_BSS     G=DGROUP   M=C:\PROGRAM FILES\BORLAND\CBUILDER5\LIB\DEBUG\VCL50.LIB|Wininet ACBP=A9
 0003:00023AD0 00000004 C=BSS     S=_BSS     G=DGROUP   M=C:\PROGRAM FILES\BORLAND\CBUILDER5\LIB\DEBUG\VCL50.LIB|Windows ACBP=A9
 0003:00023AD4 00000004 C=BSS     S=_BSS     G=DGROUP   M=C:\PROGRAM FILES\BORLAND\CBUILDER5\LIB\DEBUG\VCL50.LIB|ShlObj ACBP=A9
 0003:00023AD8 00000004 C=BSS     S=_BSS     G=DGROUP   M=C:\PROGRAM FILES\BORLAND\CBUILDER5\LIB\DEBUG\VCL50.LIB|ShellApi ACBP=A9
 0003:00023ADC 00000004 C=BSS     S=_BSS     G=DGROUP   M=C:\PROGRAM FILES\BORLAND\CBUILDER5\LIB\DEBUG\VCL50.LIB|RichEdit ACBP=A9
 0003:00023AE0 00000004 C=BSS     S=_BSS     G=DGROUP   M=C:\PROGRAM FILES\BORLAND\CBUILDER5\LIB\DEBUG\VCL50.LIB|RegStr ACBP=A9
 0003:00023AE4 00000004 C=BSS     S=_BSS     G=DGROUP   M=C:\PROGRAM FILES\BORLAND\CBUILDER5\LIB\DEBUG\VCL50.LIB|ActiveX ACBP=A9
 0003:00023AE8 00000004 C=BSS     S=_BSS     G=DGROUP   M=C:\PROGRAM FILES\BORLAND\CBUILDER5\LIB\DEBUG\VCL50.LIB|Messages ACBP=A9
 0003:00023AEC 00000004 C=BSS     S=_BSS     G=DGROUP   M=C:\PROGRAM FILES\BORLAND\CBUILDER5\LIB\DEBUG\VCL50.LIB|Imm ACBP=A9
 0003:00023AF0 00000004 C=BSS     S=_BSS     G=DGROUP   M=C:\PROGRAM FILES\BORLAND\CBUILDER5\LIB\DEBUG\VCL50.LIB|Dlgs ACBP=A9
 0003:00023AF4 00000004 C=BSS     S=_BSS     G=DGROUP   M=C:\PROGRAM FILES\BORLAND\CBUILDER5\LIB\DEBUG\VCL50.LIB|CommDlg ACBP=A9
 0003:00023AF8 0000000C C=BSS     S=_BSS     G=DGROUP   M=C:\PROGRAM FILES\BORLAND\CBUILDER5\LIB\DEBUG\VCL50.LIB|CommCtrl ACBP=A9
 0003:00023B04 00000004 C=BSS     S=_BSS     G=DGROUP   M=C:\PROGRAM FILES\BORLAND\CBUILDER5\LIB\DEBUG\VCL50.LIB|Math ACBP=A9
 0003:00023B08 00000004 C=BSS     S=_BSS     G=DGROUP   M=C:\PROGRAM FILES\BORLAND\CBUILDER5\LIB\DEBUG\VCL50.LIB|SysConst ACBP=A9
 0003:00023B0C 0000011C C=BSS     S=_BSS     G=DGROUP   M=C:\PROGRAM FILES\BORLAND\CBUILDER5\LIB\DEBUG\VCL50.LIB|SysUtils ACBP=A9
 0003:00023C28 000004D4 C=BSS     S=_BSS     G=DGROUP   M=C:\PROGRAM FILES\BORLAND\CBUILDER5\LIB\DEBUG\VCL50.LIB|System ACBP=A9
 0003:000240FC 00000008 C=BSS     S=_BSS     G=DGROUP   M=C:\PROGRAM FILES\BORLAND\CBUILDER5\LIB\DCLUSR50.LIB|D:\stasiek\My Projects\OBSOLETE\PACKAGES\ADVBAR.CPP ACBP=A9
 0003:00024104 00000008 C=BSS     S=_BSS     G=DGROUP   M=C:\PROGRAM FILES\BORLAND\CBUILDER5\LIB\DCLUSR50.LIB|D:\stasiek\My Projects\OBSOLETE\PACKAGES\EXEDLG.CPP ACBP=A9
 0003:0002410C 00000004 C=BSS     S=_BSS     G=DGROUP   M=C:\PROGRAM FILES\BORLAND\CBUILDER5\LIB\DCLUSR50.LIB|D:\stasiek\My Projects\OBSOLETE\PACKAGES\EXEINFO.CPP ACBP=A9
 0003:00024110 00000004 C=BSS     S=_BSS     G=DGROUP   M=C:\PROGRAM FILES\BORLAND\CBUILDER5\LIB\DCLUSR50.LIB|D:\stasiek\My Projects\OBSOLETE\PACKAGES\EXERES.CPP ACBP=A9
 0003:00024114 00000004 C=BSS     S=_BSS     G=DGROUP   M=C:\PROGRAM FILES\BORLAND\CBUILDER5\LIB\DCLUSR50.LIB|D:\stasiek\My Projects\OBSOLETE\PACKAGES\FRAMEPAN.CPP ACBP=A9
 0003:00024118 00000004 C=BSS     S=_BSS     G=DGROUP   M=C:\PROGRAM FILES\BORLAND\CBUILDER5\LIB\DEBUG\VCLX.LIB|Outline ACBP=A9
 0003:0002411C 00000008 C=BSS     S=_BSS     G=DGROUP   M=C:\PROGRAM FILES\BORLAND\CBUILDER5\LIB\CP32MT.LIB|setnew ACBP=A9
 0003:00024124 00000018 C=BSS     S=_BSS     G=DGROUP   M=C:\PROGRAM FILES\BORLAND\CBUILDER5\LIB\CP32MT.LIB|hrdir_b ACBP=A9
 0003:0002413C 00000001 C=BSS     S=_BSS     G=DGROUP   M=C:\PROGRAM FILES\BORLAND\CBUILDER5\LIB\CP32MT.LIB|need_vcl ACBP=A9
 0003:00024140 0000002C C=BSS     S=_BSS     G=DGROUP   M=C:\PROGRAM FILES\BORLAND\CBUILDER5\LIB\CP32MT.LIB|predecl ACBP=A9
 0003:0002416C 0000001C C=BSS     S=_BSS     G=DGROUP   M=C:\PROGRAM FILES\BORLAND\CBUILDER5\LIB\CP32MT.LIB|ios ACBP=A9
 0003:00024188 00000004 C=BSS     S=_BSS     G=DGROUP   M=C:\PROGRAM FILES\BORLAND\CBUILDER5\LIB\CP32MT.LIB|char ACBP=A9
 0003:00024188 00000030 C=BSS     S=_BSS     G=DGROUP   M=C:\PROGRAM FILES\BORLAND\CBUILDER5\LIB\CP32MT.LIB|rwlocale ACBP=A9
 0003:000241B8 0000001C C=BSS     S=_BSS     G=DGROUP   M=C:\PROGRAM FILES\BORLAND\CBUILDER5\LIB\CP32MT.LIB|stdexcpt ACBP=A9
 0003:000241D4 00000410 C=BSS     S=_BSS     G=DGROUP   M=C:\PROGRAM FILES\BORLAND\CBUILDER5\LIB\CP32MT.LIB|xxtype ACBP=A9
 0003:000245E4 00000008 C=BSS     S=_BSS     G=DGROUP   M=C:\PROGRAM FILES\BORLAND\CBUILDER5\LIB\CP32MT.LIB|xxv ACBP=A9
 0003:000245EC 00000008 C=BSS     S=_BSS     G=DGROUP   M=C:\PROGRAM FILES\BORLAND\CBUILDER5\LIB\CP32MT.LIB|except ACBP=A9
 0003:000245F4 00000190 C=BSS     S=_BSS     G=DGROUP   M=C:\PROGRAM FILES\BORLAND\CBUILDER5\LIB\CP32MT.LIB|files2 ACBP=A9
 0003:00024784 00000008 C=BSS     S=_BSS     G=DGROUP   M=C:\PROGRAM FILES\BORLAND\CBUILDER5\LIB\CP32MT.LIB|handles ACBP=A9
 0003:0002478C 00000008 C=BSS     S=_BSS     G=DGROUP   M=C:\PROGRAM FILES\BORLAND\CBUILDER5\LIB\CP32MT.LIB|streams ACBP=A9
 0003:00024794 00000108 C=BSS     S=_BSS     G=DGROUP   M=C:\PROGRAM FILES\BORLAND\CBUILDER5\LIB\CP32MT.LIB|mbctype ACBP=A9
 0003:0002489C 00000100 C=BSS     S=_BSS     G=DGROUP   M=C:\PROGRAM FILES\BORLAND\CBUILDER5\LIB\CP32MT.LIB|assert ACBP=A9
 0003:0002499C 00000019 C=BSS     S=_BSS     G=DGROUP   M=C:\PROGRAM FILES\BORLAND\CBUILDER5\LIB\CP32MT.LIB|ermsghlp ACBP=A9
 0003:000249B8 00000004 C=BSS     S=_BSS     G=DGROUP   M=C:\PROGRAM FILES\BORLAND\CBUILDER5\LIB\CP32MT.LIB|platform ACBP=A9
 0003:000249BC 0000000C C=BSS     S=_BSS     G=DGROUP   M=C:\PROGRAM FILES\BORLAND\CBUILDER5\LIB\CP32MT.LIB|setargv ACBP=A9
 0003:000249C8 00000004 C=BSS     S=_BSS     G=DGROUP   M=C:\PROGRAM FILES\BORLAND\CBUILDER5\LIB\CP32MT.LIB|hsargv ACBP=A9
 0003:000249CC 00000004 C=BSS     S=_BSS     G=DGROUP   M=C:\PROGRAM FILES\BORLAND\CBUILDER5\LIB\CP32MT.LIB|whsargv ACBP=A9
 0003:000249D0 00000010 C=BSS     S=_BSS     G=DGROUP   M=C:\PROGRAM FILES\BORLAND\CBUILDER5\LIB\CP32MT.LIB|setenvp ACBP=A9
 0003:000249E0 00000044 C=BSS     S=_BSS     G=DGROUP   M=C:\PROGRAM FILES\BORLAND\CBUILDER5\LIB\CP32MT.LIB|globals ACBP=A9
 0003:00024A24 00000008 C=BSS     S=_BSS     G=DGROUP   M=C:\PROGRAM FILES\BORLAND\CBUILDER5\LIB\CP32MT.LIB|thrddata ACBP=A9
 0003:00024A2C 00003004 C=BSS     S=_BSS     G=DGROUP   M=C:\PROGRAM FILES\BORLAND\CBUILDER5\LIB\CP32MT.LIB|_lock ACBP=A9
 0003:00027A30 00000008 C=BSS     S=_BSS     G=DGROUP   M=C:\PROGRAM FILES\BORLAND\CBUILDER5\LIB\CP32MT.LIB|tzset ACBP=A9
 0003:00027A38 00000010 C=BSS     S=_BSS     G=DGROUP   M=C:\PROGRAM FILES\BORLAND\CBUILDER5\LIB\CP32MT.LIB|xx ACBP=A9
 0004:00000000 00000008 C=TLS     S=_TLS     G=DGROUP   M=C:\PROGRAM FILES\BORLAND\CBUILDER5\LIB\DEBUG\VCL50.LIB|Classes ACBP=A9
 0004:00000008 00000008 C=TLS     S=_TLS     G=DGROUP   M=C:\PROGRAM FILES\BORLAND\CBUILDER5\LIB\DEBUG\VCL50.LIB|System ACBP=A9
 0004:00000010 0000009C C=TLS     S=_TLS     G=DGROUP   M=C:\PROGRAM FILES\BORLAND\CBUILDER5\LIB\CP32MT.LIB|xxv ACBP=A9
 0004:000000AC 00000008 C=TLS     S=_TLS     G=DGROUP   M=C:\PROGRAM FILES\BORLAND\CBUILDER5\LIB\CP32MT.LIB|tls ACBP=A9

  Address         Publics by Name

 0001:0009F700      @$bdele$qpv
 0001:0009F710      @$bdla$qpv
 0001:0009F734      @$bnew$qui
 0001:000A10CC      @$bnew$quipv
 0001:0009F8D8      @$bnwa$qui
 0001:000076BC      @$xp$10TAboutForm
 0001:0000C0E4      @$xp$10TBltBitmap
 0001:000084C8      @$xp$10TCCalendar
 0001:00096FDC      @$xp$10TExeDialog
 0001:000120AC      @$xp$10TGraphKind
 0001:0000648C      @$xp$10TOpcjeForm
 0001:0003A2E8      @$xp$11Forms@TForm
 0001:0001D9E0      @$xp$11Menus@TMenu
 0001:0008FE64      @$xp$11System@Byte
 0001:0008FE20      @$xp$11System@Char
 0001:0008EDD9      @$xp$11System@Text
 0001:0008FE78      @$xp$11System@Word
 0001:0008EDD9      @$xp$11System@file
 0001:00096388      @$xp$11TBorderKind
 0001:000963C4      @$xp$11TBorderSize
 0001:0000DB4C      @$xp$11TCColorGrid
 0001:0000C480      @$xp$11TCGaugeKind
 0001:0003BE10      @$xp$12Forms@TFrame
 0001:0008EDD9      @$xp$12System@PChar
 0001:0008EDFE      @$xp$12System@PGUID
 0001:0008EDFE      @$xp$12System@TGUID
 0001:00096100      @$xp$12TAdvancedBar
 0001:00099204      @$xp$12TExeResource
 0001:0003CEA4      @$xp$13Forms@TScreen
 0001:0002FC18      @$xp$13Graphics@TPen
 0001:0008EE2A      @$xp$13System@PInt64
 0001:0008EDC5      @$xp$13System@Real48
 0001:0008EDB8      @$xp$13System@Single
 0001:0008EDDC      @$xp$13System@String
 0001:0000E14C      @$xp$13TGridOrdering
 0001:0003C538      @$xp$14Forms@IOleForm
 0001:0003AE4C      @$xp$14Forms@TMonitor
 0001:0002FAB4      @$xp$14Graphics@TFont
 0001:00030480      @$xp$14Graphics@TIcon
 0001:00019354      @$xp$14Stdctrls@TEdit
 0001:00019D1C      @$xp$14Stdctrls@TMemo
 0001:0008FDF8      @$xp$14System@Boolean
 0001:0008FE4C      @$xp$14System@Integer
 0001:0008EE3C      @$xp$14System@PVarRec
 0001:0008ED9F      @$xp$14System@Pointer
 0001:0008FEF0      @$xp$14System@TObject
 0001:0008EE3C      @$xp$14System@TVarRec
 0001:00084474      @$xp$15Buttons@TBitBtn
 0001:000627CC      @$xp$15Comctrls@TWidth
 0001:00005530      @$xp$15Controls@TAlign
 0001:00049D00      @$xp$15Extctrls@TBevel
 0001:00049724      @$xp$15Extctrls@TImage
 0001:0004A138      @$xp$15Extctrls@TPanel
 0001:000495B0      @$xp$15Extctrls@TTimer
 0001:0003C50C      @$xp$15Forms@IDesigner
 0001:0003AE97      @$xp$15Forms@PHintInfo
 0001:0003AE98      @$xp$15Forms@THintInfo
 0001:0003C60C      @$xp$15Forms@TPosition
 0001:0002FD18      @$xp$15Graphics@TBrush
 0001:00005750      @$xp$15Graphics@TColor
 0001:0001D210      @$xp$15Menus@PMenuItem
 0001:0001DAB4      @$xp$15Menus@TMainMenu
 0001:0001D610      @$xp$15Menus@TMenuItem
 0001:00018AE8      @$xp$15Stdctrls@TLabel
 0001:0008EDA0      @$xp$15System@Cardinal
 0001:0008ED90      @$xp$15System@Extended
 0001:0008EE2A      @$xp$15System@PVarData
 0001:0008EE2A      @$xp$15System@PVariant
 0001:0008FE34      @$xp$15System@Smallint
 0001:0008EE2A      @$xp$15System@TVarData
 0001:000987D4      @$xp$15TExeInformation
 0001:00079014      @$xp$16Classes@TStrings
 0001:000623A4      @$xp$16Comctrls@TUpDown
 0001:0004CDD3      @$xp$16Controls@TCMDrag
 0001:000055AC      @$xp$16Controls@TCursor
 0001:0000F91C      @$xp$16Cspin@TCSpinEdit
 0001:00004A78      @$xp$16Cspin@TCSpinEdit
 0001:00006518      @$xp$16Cspin@TCSpinEdit
 0001:0003AE6C      @$xp$16Forms@PCursorRec
 0001:0003AE6C      @$xp$16Forms@TCursorRec
 0001:0003AE4A      @$xp$16Forms@TFormClass
 0001:0003C564      @$xp$16Forms@TFormStyle
 0001:0003B4B4      @$xp$16Forms@TScrollBox
 0001:0003AE6C      @$xp$16Forms@TTimerMode
 0001:0003034C      @$xp$16Graphics@TBitmap
 0001:0002FDE8      @$xp$16Graphics@TCanvas
 0001:0001D268      @$xp$16Menus@TMenuBreak
 0001:0001DD94      @$xp$16Menus@TPopupMenu
 0001:0001A7E0      @$xp$16Stdctrls@TButton
 0001:0008EE2A      @$xp$16System@PCurrency
 0001:0008EE3C      @$xp$16System@PDateTime
 0001:0008EE2A      @$xp$16System@PExtended
 0001:0008EE2A      @$xp$16System@PVarArray
 0001:0008EDD9      @$xp$16System@PWideChar
 0001:0008EE2C      @$xp$16System@TDateTime
 0001:0008EE2A      @$xp$16System@TVarArray
 0001:000898FA      @$xp$16Sysutils@LongRec
 0001:000898FA      @$xp$16Sysutils@TMethod
 0001:000898FA      @$xp$16Sysutils@WordRec
 0001:00013B68      @$xp$16TTrayIconMessage
 0001:00078584      @$xp$17Classes@TBiDiMode
 0001:00078608      @$xp$17Classes@TShortCut
 0001:000607F0      @$xp$17Comctrls@TAddMode
 0001:00063A50      @$xp$17Comctrls@TToolBar
 0001:0004CDD3      @$xp$17Controls@PDragRec
 0001:0004D540      @$xp$17Controls@TAnchors
 0001:0004CDD3      @$xp$17Controls@TCMFloat
 0001:0004D4F4      @$xp$17Controls@TCaption
 0001:0004CE04      @$xp$17Controls@TControl
 0001:0004CDD3      @$xp$17Controls@TDragRec
 0001:0004E044      @$xp$17Controls@TImeMode
 0001:0004E0CC      @$xp$17Controls@TImeName
 0001:0003C5AC      @$xp$17Forms@TBorderIcon
 0001:0003C754      @$xp$17Forms@TCloseEvent
 0001:0003A2C4      @$xp$17Forms@TCustomForm
 0001:0003C6F4      @$xp$17Forms@TPrintScale
 0001:0002FFC4      @$xp$17Graphics@TGraphic
 0001:0002F6D1      @$xp$17Graphics@TPenData
 0001:0002F620      @$xp$17Graphics@TPenMode
 0001:0003006C      @$xp$17Graphics@TPicture
 0001:0002F603      @$xp$17Graphics@TResData
 0001:00027CAC      @$xp$17Grids@TCustomGrid
 0001:00013B58      @$xp$17System@AnsiString
 0001:0008EDC8      @$xp$17System@Openstring
 0001:0008FE8C      @$xp$17System@WideString
 0001:000898FA      @$xp$17Sysutils@Int64Rec
 0001:0008991C      @$xp$17Sysutils@PTextBuf
 0001:0008991C      @$xp$17Sysutils@TFileRec
 0001:0008991C      @$xp$17Sysutils@TTextBuf
 0001:0008991C      @$xp$17Sysutils@TTextRec
 0001:00011E28      @$xp$17TPerformanceGraph
 0001:00083D5C      @$xp$18Buttons@TNumGlyphs
 0001:0000A8FC      @$xp$18Cdiroutl@TTextCase
 0001:00078540      @$xp$18Classes@TAlignment
 0001:0007980C      @$xp$18Classes@TComponent
 0001:00078644      @$xp$18Classes@THelpEvent
 0001:00077D94      @$xp$18Clipbrd@TClipboard
 0001:00060825      @$xp$18Comctrls@PNodeInfo
 0001:00062AC0      @$xp$18Comctrls@TListItem
 0001:00060825      @$xp$18Comctrls@TNodeInfo
 0001:00061DB0      @$xp$18Comctrls@TTickMark
 0001:0006084C      @$xp$18Comctrls@TTrackBar
 0001:00060828      @$xp$18Comctrls@TTreeNode
 0001:00062BF4      @$xp$18Comctrls@TWorkArea
 0001:0004E0F8      @$xp$18Controls@TBevelCut
 0001:00008B70      @$xp$18Controls@TDragKind
 0001:000055C4      @$xp$18Controls@TDragMode
 0001:0004D75C      @$xp$18Controls@TKeyEvent
 0001:0004D4DC      @$xp$18Controls@TTabOrder
 0001:00006B24      @$xp$18Cspin@TCSpinButton
 0001:00005088      @$xp$18Cspin@TCSpinButton
 0001:0000FF58      @$xp$18Cspin@TCSpinButton
 0001:0003CF80      @$xp$18Forms@TApplication
 0001:0003C5F4      @$xp$18Forms@TBorderIcons
 0001:0003B36C      @$xp$18Forms@TBorderStyle
 0001:0003A2A0      @$xp$18Forms@TCustomFrame
 0001:0003C738      @$xp$18Forms@TModalResult
 0001:0003B168      @$xp$18Forms@TWindowState
 0001:0002F746      @$xp$18Graphics@PResource
 0001:0002F748      @$xp$18Graphics@TFillMode
 0001:0002F61E      @$xp$18Graphics@TFontData
 0001:0002F87C      @$xp$18Graphics@TFontName
 0001:00030208      @$xp$18Graphics@TMetafile
 0001:0002F908      @$xp$18Graphics@TPenStyle
 0001:0002F746      @$xp$18Graphics@TResource
 0001:00027A38      @$xp$18Grids@TInplaceEdit
 0001:00014128      @$xp$18Imglist@TImageType
 0001:0001DC3C      @$xp$18Menus@TTrackButton
 0001:0008EE2A      @$xp$18System@PAnsiString
 0001:0008EE2A      @$xp$18System@POleVariant
 0001:0008EE2A      @$xp$18System@PWideString
 0001:0008EE3C      @$xp$18System@PackageInfo
 0001:0008EE3C      @$xp$18System@THeapStatus
 0001:000899B0      @$xp$18Sysutils@Exception
 0001:0008A2DC      @$xp$18Sysutils@TFileName
 0001:0008996C      @$xp$18Sysutils@TFloatRec
 0001:000899D4      @$xp$18Sysutils@TNameType
 0001:000992D4      @$xp$18TExeResource@TKind
 0001:00017254      @$xp$18Toolwin@TEdgeStyle
 0001:000842BC      @$xp$19Buttons@TBitBtnKind
 0001:00078E30      @$xp$19Classes@TCollection
 0001:000783DC      @$xp$19Classes@TDuplicates
 0001:0007852C      @$xp$19Classes@TIdentToInt
 0001:0007852C      @$xp$19Classes@TIntToIdent
 0001:00078418      @$xp$19Classes@TPersistent
 0001:0007846C      @$xp$19Classes@TStringItem
 0001:00079114      @$xp$19Classes@TStringList
 0001:0006084C      @$xp$19Comctrls@PNodeCache
 0001:00062B48      @$xp$19Comctrls@TListItems
 0001:0006084C      @$xp$19Comctrls@TNodeCache
 0001:00061468      @$xp$19Comctrls@TStatusBar
 0001:00061DEC      @$xp$19Comctrls@TTickStyle
 0001:00061B10      @$xp$19Comctrls@TTreeNodes
 0001:00062C8C      @$xp$19Comctrls@TWorkAreas
 0001:0004EA78      @$xp$19Controls@TImageList
 0001:0003AEB8      @$xp$19Forms@TScrollBarInc
 0001:0002F746      @$xp$19Graphics@TBrushData
 0001:0002F840      @$xp$19Graphics@TFontPitch
 0001:0002F8A8      @$xp$19Graphics@TFontStyle
 0001:00014154      @$xp$19Imglist@TImageIndex
 0001:0001D454      @$xp$19Menus@TMenuAutoFlag
 0001:0008EE2A      @$xp$19System@PShortString
 0001:000898FA      @$xp$19Sysutils@PByteArray
 0001:000898FA      @$xp$19Sysutils@PWordArray
 0001:000898FA      @$xp$19Sysutils@TByteArray
 0001:000898FA      @$xp$19Sysutils@TProcedure
 0001:000898FC      @$xp$19Sysutils@TSearchRec
 0001:000899B0      @$xp$19Sysutils@TSysLocale
 0001:0008996C      @$xp$19Sysutils@TTimeStamp
 0001:000898FA      @$xp$19Sysutils@TWordArray
 0001:00017200      @$xp$19Toolwin@TEdgeBorder
 0001:000173B4      @$xp$19Toolwin@TToolWindow
 0001:00015ED4      @$xp$20Actnlist@TActionLink
 0001:00083D20      @$xp$20Buttons@TButtonStyle
 0001:00083EB8      @$xp$20Buttons@TSpeedButton
 0001:00078417      @$xp$20Classes@PPointerList
 0001:000784E0      @$xp$20Classes@TBasicAction
 0001:000785EC      @$xp$20Classes@THelpContext
 0001:00078620      @$xp$20Classes@TNotifyEvent
 0001:00078417      @$xp$20Classes@TPointerList
 0001:00060E4C      @$xp$20Comctrls@TConversion
 0001:0006286C      @$xp$20Comctrls@TListColumn
 0001:000631A8      @$xp$20Comctrls@TToolButton
 0001:0004D328      @$xp$20Controls@Controls__7
 0001:0009A32C      @$xp$20Controls@Controls__7
 0001:0009A218      @$xp$20Controls@Controls__8
 0001:0004D3D0      @$xp$20Controls@Controls__8
 0001:0004D504      @$xp$20Controls@Controls__9
 0001:0009A1D4      @$xp$20Controls@Controls__9
 0001:00008C5C      @$xp$20Controls@TAnchorKind
 0001:000120D8      @$xp$20Controls@TAnchorKind
 0001:000104C0      @$xp$20Controls@TAnchorKind
 0001:0000AB18      @$xp$20Controls@TAnchorKind
 0001:00006FC8      @$xp$20Controls@TAnchorKind
 0001:0000E18C      @$xp$20Controls@TAnchorKind
 0001:00005EFC      @$xp$20Controls@TAnchorKind
 0001:0000C538      @$xp$20Controls@TAnchorKind
 0001:0004E138      @$xp$20Controls@TBevelWidth
 0001:0004CF18      @$xp$20Controls@THintWindow
 0001:0004D6A8      @$xp$20Controls@TMouseEvent
 0001:0004E540      @$xp$20Controls@TWinControl
 0001:00049BC0      @$xp$20Extctrls@TBevelShape
 0001:00049B8C      @$xp$20Extctrls@TBevelStyle
 0001:0003C7C8      @$xp$20Forms@TShortCutEvent
 0001:0002F6D4      @$xp$20Graphics@TBrushStyle
 0001:0002F8F0      @$xp$20Graphics@TFontStyles
 0001:00024908      @$xp$20Mask@TCustomMaskEdit
 0001:0001DCDC      @$xp$20Menus@TMenuAnimation
 0001:0009A3FC      @$xp$20Outline@TBitmapArray
 0001:0009A52C      @$xp$20Outline@TOutlineNode
 0001:0000AA24      @$xp$20Outline@TOutlineType
 0001:00013FAC      @$xp$20Stdactns@THintAction
 0001:000191E4      @$xp$20Stdctrls@TCustomEdit
 0001:00019BC8      @$xp$20Stdctrls@TCustomMemo
 0001:00018898      @$xp$20Stdctrls@TTextLayout
 0001:000899D4      @$xp$20Sysutils@ExceptClass
 0001:000898FA      @$xp$20Sysutils@TIntegerSet
 0001:000898E4      @$xp$20Sysutils@TSysCharSet
 0001:0001723C      @$xp$20Toolwin@TEdgeBorders
 0001:00083CCC      @$xp$21Buttons@TButtonLayout
 0001:00060E9C      @$xp$21Comctrls@TIconOptions
 0001:00062A24      @$xp$21Comctrls@TListColumns
 0001:000610E0      @$xp$21Comctrls@TStatusPanel
 0001:0004E154      @$xp$21Controls@IDockManager
 0001:0004E0DC      @$xp$21Controls@TBorderWidth
 0001:0004CD6C      @$xp$21Controls@TDragMessage
 0001:0004D9E0      @$xp$21Controls@TUnDockEvent
 0001:0004A004      @$xp$21Extctrls@TCustomPanel
 0001:0003CD64      @$xp$21Forms@TCustomDockForm
 0001:0003C6A4      @$xp$21Forms@TDefaultMonitor
 0001:0003AED4      @$xp$21Forms@TScrollBarStyle
 0001:0002F88C      @$xp$21Graphics@TFontCharset
 0001:000140DC      @$xp$21Imglist@TDrawingStyle
 0001:0001DC78      @$xp$21Menus@TMenuAnimations
 0001:0001DC00      @$xp$21Menus@TPopupAlignment
 0001:000189DC      @$xp$21Stdctrls@TCustomLabel
 0001:0000A9DC      @$xp$21Stdctrls@TScrollStyle
 0001:0008EE3C      @$xp$21System@PMemoryManager
 0001:0008EE3C      @$xp$21System@TMemoryManager
 0001:0008EE2A      @$xp$21System@TVarArrayBound
 0001:0008EE3C      @$xp$21System@UnitEntryTable
 0001:0008991C      @$xp$21Sysutils@TFloatFormat
 0001:0001753C      @$xp$21Toolwin@TToolDockForm
 0001:00016174      @$xp$22Actnlist@TCustomAction
 0001:000796CC      @$xp$22Classes@TComponentName
 0001:00078508      @$xp$22Classes@TIdentMapEntry
 0001:00062274      @$xp$22Comctrls@TCustomUpDown
 0001:00061278      @$xp$22Comctrls@TStatusPanels
 0001:00062050      @$xp$22Comctrls@TUDClickEvent
 0001:0004CDD3      @$xp$22Controls@TCMDockClient
 0001:0004CEE5      @$xp$22Controls@TControlClass
 0001:0004CEE5      @$xp$22Controls@TCreateParams
 0001:0004D8C8      @$xp$22Controls@TEndDragEvent
 0001:0003C78C      @$xp$22Forms@TCloseQueryEvent
 0001:0003A2E7      @$xp$22Forms@TCustomFormClass
 0001:00008AF8      @$xp$22Forms@TFormBorderStyle
 0001:0001D2A0      @$xp$22Menus@TMenuChangeEvent
 0001:0009A6D0      @$xp$22Outline@TCustomOutline
 0001:0000AAC4      @$xp$22Outline@TOutlineOption
 0001:00019048      @$xp$22Stdctrls@TEditCharCase
 0001:0008EDFE      @$xp$22System@PInterfaceEntry
 0001:0008EDFE      @$xp$22System@PInterfaceTable
 0001:0008EE3C      @$xp$22System@PUnitEntryTable
 0001:0008EDFE      @$xp$22System@TInterfaceEntry
 0001:0008EDFE      @$xp$22System@TInterfaceTable
 0001:0008996C      @$xp$22Sysutils@TMbcsByteType
 0001:000796E0      @$xp$23Classes@IDesignerNotify
 0001:00078F08      @$xp$23Classes@IStringsAdapter
 0001:0007848D      @$xp$23Classes@PStringItemList
 0001:00078440      @$xp$23Classes@TCollectionItem
 0001:00078490      @$xp$23Classes@TStringItemList
 0001:00061FE4      @$xp$23Comctrls@TUDAlignButton
 0001:00062014      @$xp$23Comctrls@TUDOrientation
 0001:0004CDD3      @$xp$23Controls@PDockNotifyRec
 0001:0004D238      @$xp$23Controls@TControlCanvas
 0001:0004E7C0      @$xp$23Controls@TCustomControl
 0001:0004D914      @$xp$23Controls@TDockDropEvent
 0001:0004CDD3      @$xp$23Controls@TDockNotifyRec
 0001:0004D968      @$xp$23Controls@TDockOverEvent
 0001:0004CF68      @$xp$23Controls@TDockTreeClass
 0001:0004D83C      @$xp$23Controls@TDragDropEvent
 0001:0004E9B8      @$xp$23Controls@TDragImageList
 0001:0004D7CC      @$xp$23Controls@TDragOverEvent
 0001:0004D79C      @$xp$23Controls@TKeyPressEvent
 0001:0000F8F0      @$xp$23Cspin@TTimerSpeedButton
 0001:0003AF80      @$xp$23Forms@TControlScrollBar
 0001:0003A2C4      @$xp$23Forms@TCustomFrameClass
 0001:0002FE8C      @$xp$23Graphics@TProgressEvent
 0001:0001D410      @$xp$23Menus@TMenuItemAutoFlag
 0001:0001A674      @$xp$23Stdctrls@TButtonControl
 0001:0008EE3C      @$xp$23System@PackageInfoTable
 0001:0008EE3C      @$xp$23System@PackageUnitEntry
 0001:0008EE2A      @$xp$23System@TInterfacedClass
 0001:00089A11      @$xp$23Sysutils@TTerminateProc
 0001:000784B4      @$xp$24Classes@TBasicActionLink
 0001:00078417      @$xp$24Classes@TListSortCompare
 0001:00078EDC      @$xp$24Classes@TOwnedCollection
 0001:0007843D      @$xp$24Classes@TPersistentClass
 0001:00062F1C      @$xp$24Comctrls@TCustomListView
 0001:00061D44      @$xp$24Comctrls@TCustomTreeView
 0001:000612A0      @$xp$24Comctrls@TDrawPanelEvent
 0001:0004CDD3      @$xp$24Controls@TCMUnDockClient
 0001:0004DAF8      @$xp$24Controls@TCanResizeEvent
 0001:0004D554      @$xp$24Controls@TConstraintSize
 0001:0004E678      @$xp$24Controls@TGraphicControl
 0001:0004D70C      @$xp$24Controls@TMouseMoveEvent
 0001:0004DA3C      @$xp$24Controls@TStartDockEvent
 0001:0004D888      @$xp$24Controls@TStartDragEvent
 0001:0002FA04      @$xp$24Graphics@IChangeNotifier
 0001:0002F604      @$xp$24Graphics@TFontStylesBase
 0001:0002F9D8      @$xp$24Graphics@TGraphicsObject
 0001:00014214      @$xp$24Imglist@TCustomImageList
 0001:0001D2EC      @$xp$24Menus@TMenuDrawItemEvent
 0001:0008EE00      @$xp$24System@TInterfacedObject
 0001:00015EFC      @$xp$25Actnlist@TActionLinkClass
 0001:00015E84      @$xp$25Actnlist@TContainedAction
 0001:00078506      @$xp$25Classes@TBasicActionClass
 0001:00060E72      @$xp$25Comctrls@TConversionClass
 0001:00062CB4      @$xp$25Comctrls@TIconArrangement
 0001:00062F48      @$xp$25Comctrls@TToolButtonStyle
 0001:00062088      @$xp$25Comctrls@TUDChangingEvent
 0001:0004CF40      @$xp$25Controls@TForEachZoneProc
 0001:0004CF3E      @$xp$25Controls@THintWindowClass
 0001:0004DBD0      @$xp$25Controls@TMouseWheelEvent
 0001:0004D5EC      @$xp$25Controls@TSizeConstraints
 0001:00089A11      @$xp$25Sysutils@TPackageInfoProc
 0001:0001607C      @$xp$26Actnlist@TCustomActionList
 0001:00060E72      @$xp$26Comctrls@PConversionFormat
 0001:00060E74      @$xp$26Comctrls@TConversionFormat
 0001:00061018      @$xp$26Comctrls@TStatusPanelBevel
 0001:00060FE0      @$xp$26Comctrls@TStatusPanelStyle
 0001:0004DA80      @$xp$26Controls@TGetSiteInfoEvent
 0001:0003B2F0      @$xp$26Forms@TScrollingWinControl
 0001:0008EE3C      @$xp$26System@GetPackageInfoTable
 0001:0000A1D8      @$xp$27Cdiroutl@TCDirectoryOutline
 0001:00060F64      @$xp$27Comctrls@TDTParseInputEvent
 0001:0006368C      @$xp$27Comctrls@TTBCustomDrawEvent
 0001:000620C8      @$xp$27Comctrls@TUDChangingEventEx
 0001:0004DCA8      @$xp$27Controls@TContextPopupEvent
 0001:0004CDD4      @$xp$27Controls@TControlActionLink
 0001:0001D3B0      @$xp$27Menus@TMenuMeasureItemEvent
 0001:0008AD44      @$xp$27Sysutils@TActiveThreadArray
 0001:00078469      @$xp$28Classes@TCollectionItemClass
 0001:0007852C      @$xp$28Classes@TFindGlobalComponent
 0001:00060E9B      @$xp$28Comctrls@PRichEditStreamInfo
 0001:00060E9B      @$xp$28Comctrls@TRichEditStreamInfo
 0001:0004CDD3      @$xp$28Controls@TCMDockNotification
 0001:000784DE      @$xp$29Classes@TBasicActionLinkClass
 0001:00061D70      @$xp$29Comctrls@TTrackBarOrientation
 0001:00015ED2      @$xp$30Actnlist@TContainedActionClass
 0001:000784B1      @$xp$30Classes@TStringListSortCompare
 0001:000636DC      @$xp$30Comctrls@TTBCustomDrawBtnEvent
 0001:00060F34      @$xp$30Comctrls@TToolButtonActionLink
 0001:0004CEE8      @$xp$30Controls@TWinControlActionLink
 0001:0004DC44      @$xp$31Controls@TMouseWheelUpDownEvent
 0001:00061F40      @$xp$32Comctrls@TProgressBarOrientation
 0001:0004DB54      @$xp$32Controls@TConstrainedResizeEvent
 0001:0004CE01      @$xp$32Controls@TControlActionLinkClass
 0001:0001D348      @$xp$32Menus@TAdvancedMenuDrawItemEvent
 0001:0002F5D0      @$xp$33Graphics@EInvalidGraphicOperation
 0001:0006374C      @$xp$35Comctrls@TTBAdvancedCustomDrawEvent
 0001:00060F64      @$xp$35Comctrls@TToolButtonActionLinkClass
 0001:0004CF18      @$xp$35Controls@TWinControlActionLinkClass
 0001:000637BC      @$xp$38Comctrls@TTBAdvancedCustomDrawBtnEvent
 0001:0009A1A0      @$xp$48System@%Set$t20Controls@Controls__9$iuc$0$iuc$4%
 0001:00005578      @$xp$48System@%Set$t20Controls@TAnchorKind$iuc$0$iuc$3%
 0001:0009A180      @$xp$49System@%Set$t20Controls@Controls__7$iuc$0$iuc$10%
 0001:0009A190      @$xp$49System@%Set$t20Controls@Controls__8$iuc$0$iuc$16%
 0001:0000A9CC      @$xp$50System@%Set$t22Outline@TOutlineOption$iuc$0$iuc$2%
 0001:00099C5C      @$xp$6TRamka
 0001:0008EDE8      @$xp$7HRESULT
 0001:0000C154      @$xp$7TCGauge
 0001:0008FF10      @$xp$8IUnknown
[...]
 0002:0000B83C      __cmdline_escapes
 0002:0000B83C      @D2085_1
 0002:0000B864      @D2087_1
 0002:0000B888      @D2141_0
 0002:0000B888      __argv_expand_ptr
 0002:0000B88C      __wargv_expand_ptr
 0002:0000B88C      @D2143_0
 0002:0000B890      __argv0
 0002:0000B890      @D2145_1
 0002:0000B8B0      @D2159_1
 0002:0000B8B0      __setenvp__
 0002:0000B91C      @D2163_1
 0002:0000B97C      @D2180_0
 0002:0000B97C      __isWindows
 0002:0000B980      @D2182_1
 0002:0000B99C      @D2204_1
 0002:0000B9B8      @D2210_1
 0002:0000B9CC      @D2224_0
 0002:0000B9CC      __SWeekday
 0002:0000B9E8      __LWeekday
 0002:0000BA04      __SMonth
 0002:0000BA34      __LMonth
 0002:0000BA64      __AmPm
 0002:0000BA6C      __Days
 0002:0000BA78      __YDays
 0002:0000BB90      @D2230_1
 0002:0000BB90      __timezone
 0002:0000BB94      __daylight
 0002:0000BB98      @D2232_1
 0002:0000BB98      __tzname
 0002:0000BBA8      @D2288_1
 0002:0000BBA8      ___debuggerDisableTerminateCallback
 0002:0000CF90      __indStub:127
 0002:0000CF94      __indStub:99
 0002:0000CF98      __indStub:128
 0002:0000CF9C      __indStub:129
 0002:0000CFA0      __indStub:136
 0002:0000CFA4      __indStub:400
 0002:0000CFA8      __indStub:7881
 0002:0000CFAC      __indStub:1832
 0002:0000CFB0      __indStub:7810
 0002:0000CFB4      __indStub:4973
 0002:0000CFB8      __indStub:7191
 0002:0000CFBC      __indStub:7192
 0002:0000CFC0      __indStub:7193
 0002:0000CFC4      __indStub:7203
 0002:0000CFC8      __indStub:7200
 0002:0000CFCC      __indStub:6136
 0002:0000CFD0      __indStub:7190
 0002:0000CFD4      __indStub:9001
 0002:0000CFD8      __indStub:7817
 0002:0000CFDC      __indStub:7814
 0002:0000CFE0      __indStub:7809
 0002:0000CFE4      __indStub:7811
 0002:0000CFE8      __indStub:7815
 0002:0000CFEC      __indStub:7816
 0002:0000CFF0      __indStub:6137
 0002:0000CFF4      __indStub:6138
 0002:0000CFF8      __indStub:6139
 0002:0000CFFC      __indStub:8271
 0002:0000D000      __indStub:6135
 0002:0000D004      __indStub:7813
 0002:0000D008      __indStub:8999
 0002:0000D00C      __indStub:9000
 0002:0000D010      __indStub:7194
 0002:0000D014      __indStub:7195
 0002:0000D018      __indStub:7196
 0002:0000D01C      __indStub:7197
 0002:0000D020      __indStub:8479
 0002:0000D024      __indStub:8480
 0002:0000D028      __indStub:8481
 0002:0000D02C      __indStub:8482
 0002:0000D030      __indStub:8483
 0002:0000D034      __indStub:8484
 0002:0000D038      __indStub:8485
 0002:0000D03C      __indStub:8486
 0002:0000D040      __indStub:8493
 0002:0000D044      __indStub:8487
 0002:0000D048      __indStub:8488
 0002:0000D04C      __indStub:8489
 0002:0000D050      __indStub:8490
 0002:0000D054      __indStub:8491
 0002:0000D058      __indStub:8492
 0002:0000D05C      __indStub:6117
 0002:0000D060      __indStub:6118
 0002:0000D064      __indStub:6119
 0002:0000D068      __indStub:6120
 0002:0000D06C      __indStub:6121
 0002:0000D070      __indStub:6122
 0002:0000D074      __indStub:6123
 0002:0000D078      __indStub:6124
 0002:0000D07C      __indStub:6125
 0002:0000D080      __indStub:6126
 0002:0000D084      __indStub:6127
 0002:0000D088      __indStub:6128
 0002:0000D08C      __indStub:6129
 0002:0000D090      __indStub:6130
 0002:0000D094      __indStub:6131
 0002:0000D098      __indStub:6132
 0002:0000D09C      __indStub:6133
 0002:0000D0A0      __indStub:6134
 0002:0000D0A4      __indStub:7204
 0002:0000D0A8      __indStub:4972
 0002:0000D0AC      __indStub:7812
 0002:0000D0B0      __indStub:9002
 0002:0000D0B4      __indStub:9003
 0002:0000D0B8      __indStub:9004
 0002:0000D0BC      __indStub:9005
 0002:0000D0C0      __indStub:9175
 0002:0000D0C4      __indStub:9341
 0002:0000D0C8      __indStub:9067
 0002:0000D0CC      __indStub:7895
 0002:0000D0D0      __indStub:7905
 0002:0000D0D4      __indStub:9083
 0002:0000D0D8      __indStub:9109
 0002:0000D0DC      __indStub:9195
 0002:0000D0E0      __indStub:9091
 0002:0000D0E4      __indStub:9093
 0002:0000D0E8      __indStub:9525
 0002:0000D0EC      __indStub:9398
 0002:0000D0F0      __indStub:9274
 0002:0000D0F4      __indStub:9097
 0002:0000D0F8      __indStub:9095
 0002:0000D0FC      __indStub:9073
 0002:0000D100      __indStub:9075
 0002:0000D104      __indStub:9085
 0002:0000D108      __indStub:9069
 0002:0000D10C      __indStub:9071
 0002:0000D110      __indStub:9077
 0002:0000D114      __indStub:9079
 0002:0000D118      __indStub:9117
 0002:0000D11C      __indStub:9125
 0002:0000D120      __indStub:9129
 0002:0000D124      __indStub:9119
 0002:0000D128      __indStub:9127
 0002:0000D12C      __indStub:9131
 0002:0000D130      __indStub:9105
 0002:0000D134      __indStub:9107
 0002:0000D138      __indStub:9217
 0002:0000D13C      __indStub:9211
 0002:0000D140      __indStub:9213
 0002:0000D144      __indStub:9215
 0002:0000D148      __indStub:9209
 0002:0000D14C      __indStub:9205
 0002:0000D150      __indStub:9203
 0002:0000D154      __indStub:9207
 0002:0000D158      __indStub:9201
 0002:0000D15C      __indStub:9199
 0002:0000D160      __indStub:7820
 0002:0000D164      __indStub:7821
 0002:0000D168      __indStub:7823
 0002:0000D16C      __indStub:7822
 0002:0000D170      __indStub:7803
 0002:0000D174      __indStub:7804
 0002:0000D178      __indStub:7805
 0002:0000D17C      __indStub:7807
 0002:0000D180      __indStub:13425
 0002:0000D184      __indStub:5146
 0002:0000D188      __indStub:6195
 0002:0000D18C      __indStub:6196
 0002:0000D190      __indStub:6198
 0002:0000D194      __indStub:7232
 0002:0000D198      __indStub:1826
 0002:0000D19C      __indStub:5145
 0002:0000D1A0      __indStub:13651
 0002:0000D1A4      __indStub:13663
 0002:0000D1A8      __indStub:13710
 0002:0000D1AC      __indStub:13712
 0002:0000D1B0      __indStub:13667
 0002:0000D1B4      __indStub:13740
 0002:0000D1B8      __indStub:13746
 0002:0000D1BC      __indStub:13748
 0002:0000D1C0      __indStub:13724
 0002:0000D1C4      __indStub:13726
 0002:0000D1C8      __indStub:13750
 0002:0000D1CC      __indStub:13700
 0002:0000D1D0      __indStub:13738
 0002:0000D1D4      __indStub:13665
 0002:0000D1D8      __indStub:13696
 0002:0000D1DC      __indStub:13762
 0002:0000D1E0      __indStub:13764
 0002:0000D1E4      __indStub:13744
 0002:0000D1E8      __indStub:13742
 0002:0000D1EC      __indStub:13736
 0002:0000D1F0      __indStub:13734
 0002:0000D1F4      __indStub:13732
 0002:0000D1F8      __indStub:13722
 0002:0000D1FC      __indStub:13720
 0002:0000D200      __indStub:13718
 0002:0000D204      __indStub:13702
 0002:0000D208      __indStub:13704
 0002:0000D20C      __indStub:13706
 0002:0000D210      __indStub:13698
 0002:0000D214      __indStub:13694
 0002:0000D218      __indStub:13692
 0002:0000D21C      __indStub:13690
 0002:0000D220      __indStub:13688
 0002:0000D224      __indStub:13685
 0002:0000D228      __indStub:13683
 0002:0000D22C      __indStub:13681
 0002:0000D230      __indStub:13679
 0002:0000D234      __indStub:13677
 0002:0000D238      __indStub:13675
 0002:0000D23C      __indStub:13673
 0002:0000D240      __indStub:13671
 0002:0000D244      __indStub:13669
 0002:0000D248      __indStub:13842
 0002:0000D24C      __indStub:13840
 0002:0000D250      __indStub:13838
 0002:0000D254      __indStub:13836
 0002:0000D258      __indStub:13834
 0002:0000D25C      __indStub:13832
 0002:0000D260      __indStub:13830
 0002:0000D264      __indStub:13828
 0002:0000D268      __indStub:13826
 0002:0000D26C      __indStub:13824
 0002:0000D270      __indStub:13822
 0002:0000D274      __indStub:13820
 0002:0000D278      __indStub:13818
 0002:0000D27C      __indStub:13816
 0002:0000D280      __indStub:13814
 0002:0000D284      __indStub:13812
 0002:0000D288      __indStub:13810
 0002:0000D28C      __indStub:13808
 0002:0000D290      __indStub:13806
 0002:0000D294      __indStub:13804
 0002:0000D298      __indStub:13802
 0002:0000D29C      __indStub:13800
 0002:0000D2A0      __indStub:13798
 0002:0000D2A4      __indStub:13796
 0002:0000D2A8      __indStub:13794
 0002:0000D2AC      __indStub:13792
 0002:0000D2B0      __indStub:13790
 0002:0000D2B4      __indStub:13788
 0002:0000D2B8      __indStub:13786
 0002:0000D2BC      __indStub:13784
 0002:0000D2C0      __indStub:13782
 0002:0000D2C4      __indStub:13780
 0002:0000D2C8      __indStub:13778
 0002:0000D2CC      __indStub:13776
 0002:0000D2D0      __indStub:13774
 0002:0000D2D4      __indStub:13772
 0002:0000D2D8      __indStub:13770
 0002:0000D2DC      __indStub:13768
 0002:0000D2E0      __indStub:13716
 0002:0000D2E4      __indStub:13714
 0002:0000D2E8      __indStub:12111
 0002:0000D2EC      __indStub:14286
 0002:0000D2F0      __indStub:14285
 0002:0000D2F4      __indStub:14288
 0002:0000D2F8      __indStub:14289
 0002:0000D2FC      __indStub:14287
 0002:0000D300      __indStub:14290
 0002:0000D304      __indStub:14291
 0002:0000D308      __indStub:8002
 0002:0000D30C      __indStub:77
 0002:0000D310      __indStub:8004
 0002:0000D314      __indStub:79
 0002:0000D318      __indStub:8003
 0002:0000D31C      __indStub:81
 0002:0000D320      __indStub:80
 0002:0000D324      __indStub:14279
 0002:0000D328      __indStub:12116
 0002:0000D32C      __indStub:14803
 0002:0000D330      __indStub:14211
 0002:0000D334      __indStub:9236
 0002:0000D338      __indStub:9234
 0002:0000D33C      __indStub:9238
 0002:0000D340      __indStub:9147
 0002:0000D344      __indStub:9153
 0002:0000D348      __indStub:9155
 0002:0000D34C      __indStub:9157
 0002:0000D350      __indStub:9159
 0002:0000D354      __indStub:9161
 0002:0000D358      __indStub:4523
 0002:0000D35C      __indStub:4525
 0002:0000D360      __indStub:9250
 0002:0000D364      __indStub:9248
 0002:0000D368      __indStub:9246
 0002:0000D36C      __indStub:9252
 0002:0000D370      __indStub:9254
 0002:0000D374      __indStub:9689
 0002:0000D378      __indStub:9691
 0002:0000D37C      __indStub:9693
 0002:0000D380      __indStub:9715
 0002:0000D384      __indStub:9386
 0002:0000D388      __indStub:9383
 0002:0000D38C      __indStub:13913
 0002:0000D390      __indStub:9278
 0002:0000D394      __indStub:9280
 0002:0000D398      __indStub:9294
 0002:0000D39C      __indStub:9298
 0002:0000D3A0      __indStub:9288
 0002:0000D3A4      __indStub:9292
 0002:0000D3A8      __indStub:9282
 0002:0000D3AC      __indStub:9296
 0002:0000D3B0      __indStub:14204
 0002:0000D3B4      __indStub:14201
 0002:0000D3B8      __indStub:9284
 0002:0000D3BC      __indStub:9286
 0002:0000D3C4      __TLS_index
 0003:00000000      @Sysinit@B2_2
 0003:00000000      @Sysinit@ModuleIsLib
 0003:00000001      @Sysinit@ModuleIsPackage
 0003:00000002      @Sysinit@ModuleIsCpp
 0003:00000004      @Sysinit@TlsIndex
 0003:00000008      @Sysinit@TlsLast
 0003:0000000C      @Sysinit@HInstance
 0003:00000010      @Sysinit@DllProc
 0003:0000001C      _MainForm
 0003:0000001C      @Waz_form@B4_2
 0003:00000020      _plik
 0003:00000054      _plik_current
 0003:0000005C      _plik_search
 0003:000001B4      _plik_search_ret
 0003:000001B8      _bitmap
 0003:000001D8      _ruch
 0003:000201D8      _level
 0003:00021CF0      _gra
 0003:00023808      @Waz_form@B4_3
 0003:0002380C      _OpcjeForm
 0003:0002380C      @Opc@B5_2
 0003:00023810      @Opc@B5_3
 0003:00023814      _AboutForm
 0003:00023814      @B6_2
 0003:00023818      @Ccalendr@B57_3
 0003:0002381C      @Cdiroutl@TCDirectoryOutline@InvalidIndex
 0003:00023820      @Cdiroutl@TCDirectoryOutline@RootIndex
 0003:00023824      @Cdiroutl@B59_3
 0003:00023828      @Cgauges@B61_3
 0003:0002382C      @Cgrid@B63_3
 0003:00023830      @Cspin@B65_3
 0003:00023834      @Perfgrap@B71_3
 0003:00023838      @Trayicon@B73_3
 0003:0002383C      @Contnrs@B79_1
 0003:00023840      @Urlmon@B85_2
 0003:00023844      @Stdactns@B89_2
 0003:00023848      @Imglist@B91_2
 0003:0002384C      @Actnlist@B93_2
 0003:00023850      @Toolwin@B127_2
 0003:00023854      @Typinfo@B133_2
 0003:00023858      @Stdctrls@B135_2
 0003:0002385C      @Printers@B159_2
 0003:00023860      @Menus@PopupList
 0003:00023860      @Menus@B168_2
 0003:00023864      @Menus@ShortCutItems
 0003:00023870      @Mask@B172_2
 0003:00023874      @Grids@B176_2
 0003:00023878      @Graphics@SystemPalette16
 0003:00023878      @Graphics@B177_2
 0003:000238D8      @Forms@B178_2
 0003:000238D8      @Forms@Application
 0003:000238DC      @Forms@Screen
 0003:000238FC      @Extctrls@B194_2
 0003:00023900      @Dialogs@B197_2
 0003:0002393C      @Controls@Mouse
 0003:0002393C      @Controls@B205_2
 0003:00023940      @Controls@NewStyleControls
 0003:000239AC      @Consts@B207_1
 0003:000239B0      @Comstrs@B209_1
 0003:000239B4      @Comctrls@B211_2
 0003:000239E8      @Clipbrd@CF_PICTURE
 0003:000239E8      @Clipbrd@B218_1
 0003:000239EA      @Clipbrd@CF_COMPONENT
 0003:000239F4      @Classes@B219_2
 0003:000239F4      @Classes@GlobalNameSpace
 0003:000239F8      @Classes@FindGlobalComponent
 0003:00023A30      @Buttons@B222_2
 0003:00023A60      @Multimon@GetSystemMetrics
 0003:00023A60      @Multimon@B229_1
 0003:00023A64      @Multimon@MonitorFromWindow
 0003:00023A68      @Multimon@MonitorFromRect
 0003:00023A6C      @Multimon@MonitorFromPoint
 0003:00023A70      @Multimon@GetMonitorInfoA
 0003:00023A74      @Multimon@GetMonitorInfoW
 0003:00023A78      @Multimon@GetMonitorInfo
 0003:00023A7C      @Multimon@EnumDisplayMonitors
 0003:00023A94      @Flatsb@B230_1
 0003:00023A94      @Flatsb@FlatSB_EnableScrollBar
 0003:00023A98      @Flatsb@FlatSB_ShowScrollBar
 0003:00023A9C      @Flatsb@FlatSB_GetScrollRange
 0003:00023AA0      @Flatsb@FlatSB_GetScrollInfo
 0003:00023AA4      @Flatsb@FlatSB_GetScrollPos
 0003:00023AA8      @Flatsb@FlatSB_SetScrollPos
 0003:00023AAC      @Flatsb@FlatSB_SetScrollInfo
 0003:00023AB0      @Flatsb@FlatSB_SetScrollRange
 0003:00023AC8      @Winspool@B234_1
 0003:00023ACC      @Wininet@B238_1
 0003:00023AD0      @Windows@B239_2
 0003:00023AD4      @Shlobj@B242_2
 0003:00023AD8      @Shellapi@B249_1
 0003:00023ADC      @Richedit@B250_1
 0003:00023AE0      @Regstr@B251_1
 0003:00023AE4      @Activex@B256_2
 0003:00023AE8      @Messages@B261_1
 0003:00023AEC      @Imm@B270_1
 0003:00023AF0      @Dlgs@B271_1
 0003:00023AF4      @Commdlg@B274_1
 0003:00023AF8      @Commctrl@B275_1
 0003:00023B04      @Math@B276_2
 0003:00023B08      @Sysconst@B283_1
 0003:00023B0C      @Sysutils@CurrencyString
 0003:00023B0C      @Sysutils@B284_2
 0003:00023B10      @Sysutils@CurrencyFormat
 0003:00023B11      @Sysutils@NegCurrFormat
 0003:00023B12      @Sysutils@ThousandSeparator
 0003:00023B13      @Sysutils@DecimalSeparator
 0003:00023B14      @Sysutils@CurrencyDecimals
 0003:00023B15      @Sysutils@DateSeparator
 0003:00023B18      @Sysutils@ShortDateFormat
 0003:00023B1C      @Sysutils@LongDateFormat
 0003:00023B20      @Sysutils@TimeSeparator
 0003:00023B24      @Sysutils@TimeAMString
 0003:00023B28      @Sysutils@TimePMString
 0003:00023B2C      @Sysutils@ShortTimeFormat
 0003:00023B30      @Sysutils@LongTimeFormat
 0003:00023B34      @Sysutils@ShortMonthNames
 0003:00023B64      @Sysutils@LongMonthNames
 0003:00023B94      @Sysutils@ShortDayNames
 0003:00023BB0      @Sysutils@LongDayNames
 0003:00023BCC      @Sysutils@SysLocale
 0003:00023BD8      @Sysutils@EraNames
 0003:00023BF4      @Sysutils@EraYearOffsets
 0003:00023C10      @Sysutils@ListSeparator
 0003:00023C28      @System@B286_2
 0003:00023C28      @System@ExceptProc
 0003:00023C2C      @System@ErrorProc
 0003:00023C30      @System@ExceptClsProc
 0003:00023C34      @System@ExceptObjProc
 0003:00023C38      @System@ExceptionClass
 0003:00023C3C      @System@SafeCallErrorProc
 0003:00023C40      @System@AssertErrorProc
 0003:00023C44      @System@AbstractErrorProc
 0003:00023C48      @System@HPrevInst
 0003:00023C4C      @System@MainInstance
 0003:00023C50      @System@MainThreadID
 0003:00023C54      @System@IsLibrary
 0003:00023C58      @System@CmdShow
 0003:00023C5C      @System@CmdLine
 0003:00023C60      @System@InitProc
 0003:00023C64      @System@ExitCode
 0003:00023C68      @System@ExitProc
 0003:00023C6C      @System@ErrorAddr
 0003:00023C70      @System@RandSeed
 0003:00023C74      @System@IsConsole
 0003:00023C75      @System@IsMultiThread
 0003:00023C76      @System@FileMode
 0003:00023C77      @System@Test8086
 0003:00023C78      @System@Test8087
 0003:00023C79      @System@TestFDIV
 0003:00023C7C      @System@Input
 0003:00023E48      @System@Output
 0003:00024014      @System@ClearAnyProc
 0003:00024018      @System@ChangeAnyProc
 0003:0002401C      @System@RefAnyProc
 0003:00024020      @System@Unassigned
 0003:00024030      @System@Null
 0003:00024040      @System@EmptyParam
 0003:00024050      @System@AllocMemCount
 0003:00024054      @System@AllocMemSize
 0003:000240FC      @Advbar@B291_2
 0003:00024100      @Advbar@B291_3
 0003:00024104      @Exedlg@B297_2
 0003:00024108      @Exedlg@B297_3
 0003:0002410C      @Exeinfo@B298_3
 0003:00024110      @Exeres@B299_3
 0003:00024114      @Framepan@B301_3
 0003:00024118      @Outline@B307_2
 0003:0002411C      __new_handler
 0003:0002411C      @B604_2
 0003:00024120      ___bad_alloc
 0003:00024124      @B626_2
 0003:00024124      __bormm_pfn_FreeMem
 0003:00024128      __bormm_pfn_GetMem
 0003:0002412C      __bormm_pfn_ReallocMem
 0003:00024130      __bormm_pfn_HeapAddRef
 0003:00024134      __bormm_pfn_HeapRelease
 0003:0002413C      ___Must_Link_VCL_Apps_With_The_CP32MT_Or_CP32MTI_RTL
 0003:0002413C      @B644_0
 0003:00024140      @B654_2
 0003:0002416C      @B668_2
 0003:00024188      @B699_2
 0003:000241A8      @__rwstd@locale_id_imp@__last_used_id
 0003:000241AC      @std@locale@__the_classic_locale
 0003:000241B0      @std@locale@__the_native_locale
 0003:000241B4      @std@locale@__global
 0003:000241B8      @__rwstd@__rw_error_msg_mutex
 0003:000241B8      @B715_2
 0003:000241D4      @B923_2
 0003:000245E4      @B927_2
 0003:000245E4      __DestructorCountPtr
 0003:000245EC      @B933_2
 0003:000245EC      __HandlerPtr
 0003:000245F0      __UserHandlerPtr
 0003:000245F4      @B1123_1
 0003:000245F4      __pidtab
 0003:000246BC      __handles
 0003:00024784      @B1197_2
 0003:0002478C      @B1299_2
 0003:00024794      @B1837_2
 0003:00024794      __mbctype
 0003:00024898      __mbcsCodePage
 0003:0002489C      @B1973_2
 0003:0002499C      @B1989_2
 0003:000249B8      @B2001_2
 0003:000249B8      __ostype
 0003:000249BC      @B2083_2
 0003:000249BC      __argv
 0003:000249C8      @B2085_2
 0003:000249CC      @B2087_2
 0003:000249D0      @B2159_2
 0003:000249D0      __environ
 0003:000249D8      __envsize
 0003:000249DC      __env_lock
 0003:000249E0      __C0argc
 0003:000249E0      @B2180_1
 0003:000249E4      __C0argv
 0003:000249E8      __C0environ
 0003:000249EC      __oscmd
 0003:000249F0      __osenv
 0003:000249F4      __argc
 0003:000249F8      __dll_table
 0003:00024A00      __ExcRegPtr
 0003:00024A04      __wosenv
 0003:00024A08      __woscmd
 0003:00024A0C      ___exit_lock
 0003:00024A10      __wC0argv
 0003:00024A14      __wC0environ
 0003:00024A18      __exe_table
 0003:00024A20      __stkbase
 0003:00024A24      @B2204_2
 0003:00024A2C      @B2210_2
 0003:00027A30      @B2232_2
 0003:00027A38      @B2288_2
 0003:00027A3C      ___pCPPdebugHook
 0004:00000000      @Classes@T219_3
 0004:00000008      @System@T286_3
 0004:00000010      ___xxInfo
 0004:00000010      @T927_3
 0004:000000AC      @T2196_1
 0004:000000AC      __stkindex
 0004:000000B0      __tlsindex
